Archive member included to satisfy reference by file (symbol)

app/libapp.a(main.cpp.obj)    (--whole-archive)
zephyr/libzephyr.a(cbprintf.c.obj)
                              (--whole-archive)
zephyr/libzephyr.a(cbprintf_packaged.c.obj)
                              (--whole-archive)
zephyr/libzephyr.a(crc32c_sw.c.obj)
                              (--whole-archive)
zephyr/libzephyr.a(crc32_sw.c.obj)
                              (--whole-archive)
zephyr/libzephyr.a(crc16_sw.c.obj)
                              (--whole-archive)
zephyr/libzephyr.a(crc8_sw.c.obj)
                              (--whole-archive)
zephyr/libzephyr.a(crc7_sw.c.obj)
                              (--whole-archive)
zephyr/libzephyr.a(dec.c.obj)
                              (--whole-archive)
zephyr/libzephyr.a(fdtable.c.obj)
                              (--whole-archive)
zephyr/libzephyr.a(hex.c.obj)
                              (--whole-archive)
zephyr/libzephyr.a(notify.c.obj)
                              (--whole-archive)
zephyr/libzephyr.a(printk.c.obj)
                              (--whole-archive)
zephyr/libzephyr.a(onoff.c.obj)
                              (--whole-archive)
zephyr/libzephyr.a(rb.c.obj)  (--whole-archive)
zephyr/libzephyr.a(sem.c.obj)
                              (--whole-archive)
zephyr/libzephyr.a(thread_entry.c.obj)
                              (--whole-archive)
zephyr/libzephyr.a(timeutil.c.obj)
                              (--whole-archive)
zephyr/libzephyr.a(heap.c.obj)
                              (--whole-archive)
zephyr/libzephyr.a(heap-validate.c.obj)
                              (--whole-archive)
zephyr/libzephyr.a(bitarray.c.obj)
                              (--whole-archive)
zephyr/libzephyr.a(cbprintf_complete.c.obj)
                              (--whole-archive)
zephyr/libzephyr.a(mpsc_pbuf.c.obj)
                              (--whole-archive)
zephyr/libzephyr.a(configs.c.obj)
                              (--whole-archive)
zephyr/libzephyr.a(soc.c.obj)
                              (--whole-archive)
zephyr/libzephyr.a(stm32cube_hal.c.obj)
                              (--whole-archive)
zephyr/libzephyr.a(soc_config.c.obj)
                              (--whole-archive)
zephyr/libzephyr.a(log_list.c.obj)
                              (--whole-archive)
zephyr/libzephyr.a(log_core.c.obj)
                              (--whole-archive)
zephyr/libzephyr.a(log_msg.c.obj)
                              (--whole-archive)
zephyr/libzephyr.a(log_output.c.obj)
                              (--whole-archive)
zephyr/libzephyr.a(log_backend_uart.c.obj)
                              (--whole-archive)
zephyr/libzephyr.a(tty.c.obj)
                              (--whole-archive)
zephyr/libzephyr.a(getchar.c.obj)
                              (--whole-archive)
zephyr/libzephyr.a(cpp_init_array.c.obj)
                              (--whole-archive)
zephyr/libzephyr.a(cpp_ctors.c.obj)
                              (--whole-archive)
zephyr/libzephyr.a(cpp_dtors.c.obj)
                              (--whole-archive)
zephyr/libzephyr.a(tracing_none.c.obj)
                              (--whole-archive)
zephyr/libzephyr.a(uart_console.c.obj)
                              (--whole-archive)
zephyr/libzephyr.a(intc_exti_stm32.c.obj)
                              (--whole-archive)
zephyr/libzephyr.a(clock_stm32_ll_common.c.obj)
                              (--whole-archive)
zephyr/libzephyr.a(clock_stm32f2_f4_f7.c.obj)
                              (--whole-archive)
zephyr/libzephyr.a(pinmux_stm32.c.obj)
                              (--whole-archive)
zephyr/libzephyr.a(sys_clock_init.c.obj)
                              (--whole-archive)
zephyr/libzephyr.a(cortex_m_systick.c.obj)
                              (--whole-archive)
zephyr/arch/common/libarch__common.a(sw_isr_common.c.obj)
                              (--whole-archive)
zephyr/arch/arch/arm/core/aarch32/libarch__arm__core__aarch32.a(swap.c.obj)
                              (--whole-archive)
zephyr/arch/arch/arm/core/aarch32/libarch__arm__core__aarch32.a(swap_helper.S.obj)
                              (--whole-archive)
zephyr/arch/arch/arm/core/aarch32/libarch__arm__core__aarch32.a(irq_manage.c.obj)
                              (--whole-archive)
zephyr/arch/arch/arm/core/aarch32/libarch__arm__core__aarch32.a(thread.c.obj)
                              (--whole-archive)
zephyr/arch/arch/arm/core/aarch32/libarch__arm__core__aarch32.a(cpu_idle.S.obj)
                              (--whole-archive)
zephyr/arch/arch/arm/core/aarch32/libarch__arm__core__aarch32.a(fatal.c.obj)
                              (--whole-archive)
zephyr/arch/arch/arm/core/aarch32/libarch__arm__core__aarch32.a(nmi.c.obj)
                              (--whole-archive)
zephyr/arch/arch/arm/core/aarch32/libarch__arm__core__aarch32.a(nmi_on_reset.S.obj)
                              (--whole-archive)
zephyr/arch/arch/arm/core/aarch32/libarch__arm__core__aarch32.a(prep_c.c.obj)
[...]
Memory Configuration

Name             Origin             Length             Attributes
FLASH            0x0000000008000000 0x0000000000100000 xr
SRAM             0x0000000020000000 0x0000000000020000 xw
CCM              0x0000000010000000 0x0000000000010000 rw
IDT_LIST         0x0000000020020000 0x0000000000000800 xw
*default*        0x0000000000000000 0xffffffffffffffff

Linker script and memory map

LOAD zephyr/CMakeFiles/zephyr_prebuilt.dir/misc/empty_file.c.obj
                0x0000000000000020                _region_min_align = 0x20

.rel.plt        0x0000000008000000        0x0
 *(SORT_BY_ALIGNMENT(.rel.plt))
                [!provide]                        PROVIDE (__rel_iplt_start = .)
 *(SORT_BY_ALIGNMENT(.rel.iplt))
 .rel.iplt      0x0000000008000000        0x0 app/libapp.a(main.cpp.obj)
                [!provide]                        PROVIDE (__rel_iplt_end = .)

.rela.plt       0x0000000000000000        0x0
 *(SORT_BY_ALIGNMENT(.rela.plt))
                [!provide]                        PROVIDE (__rela_iplt_start = .)
 *(SORT_BY_ALIGNMENT(.rela.iplt))
                [!provide]                        PROVIDE (__rela_iplt_end = .)

.rel.dyn
 *(SORT_BY_ALIGNMENT(.rel.*))

.rela.dyn
 *(SORT_BY_ALIGNMENT(.rela.*))

/DISCARD/
 *(SORT_BY_ALIGNMENT(.plt))
 *(SORT_BY_ALIGNMENT(.iplt))
 *(SORT_BY_ALIGNMENT(.got.plt))
 *(SORT_BY_ALIGNMENT(.igot.plt))
 *(SORT_BY_ALIGNMENT(.got))
 *(SORT_BY_ALIGNMENT(.igot))
 *(SORT_BY_ALIGNMENT(.note.GNU-stack))
                0x0000000008000000                _image_rom_start = 0x8000000

rom_start       0x0000000008000000      0x188
                0x0000000000000000                . = 0x0
                0x0000000000000000                . = ALIGN (0x4)
                0x0000000000000000                . = ALIGN (0x80)
                0x0000000000000000                . = ALIGN (0x200)
                0x0000000008000000                _vector_start = .
 *(SORT_BY_ALIGNMENT(.exc_vector_table))
 *(SORT_BY_ALIGNMENT(.exc_vector_table.*))
 .exc_vector_table._vector_table_section
                0x0000000008000000       0x40 zephyr/arch/arch/arm/core/aarch32/cortex_m/libarch__arm__core__aarch32__cortex_m.a(vector_table.S.obj)
                0x0000000008000000                _vector_table
 *(SORT_BY_ALIGNMENT(.gnu.linkonce.irq_vector_table*))
 .gnu.linkonce.irq_vector_table
                0x0000000008000040      0x148 zephyr/arch/common/libisr_tables.a(isr_tables.c.obj)
                0x0000000008000040                _irq_vector_table
 *(SORT_BY_ALIGNMENT(.vectors))
                0x0000000008000188                _vector_end = .

text            0x0000000008000188     0x9f20
                0x0000000008000188                _image_text_start = .
 *(SORT_BY_ALIGNMENT(.text))
 .text          0x0000000008000188      0x378 /home/david/zephyr-sdk-0.12.4/arm-zephyr-eabi/bin/../lib/gcc/arm-zephyr-eabi/10.2.0/thumb/v7e-m+fp/hard/libgcc.a(_arm_addsubdf3.o)
                0x0000000008000188                __aeabi_drsub
                0x0000000008000190                __aeabi_dsub
                0x0000000008000190                __subdf3
                0x0000000008000194                __adddf3
                0x0000000008000194                __aeabi_dadd
                0x000000000800040c                __aeabi_ui2d
                0x000000000800040c                __floatunsidf
                0x000000000800042c                __floatsidf
                0x000000000800042c                __aeabi_i2d
                0x0000000008000450                __extendsfdf2
                0x0000000008000450                __aeabi_f2d
                0x0000000008000494                __aeabi_ul2d
                0x0000000008000494                __floatundidf
                0x00000000080004a4                __floatdidf
                0x00000000080004a4                __aeabi_l2d
 .text          0x0000000008000500      0x424 /home/david/zephyr-sdk-0.12.4/arm-zephyr-eabi/bin/../lib/gcc/arm-zephyr-eabi/10.2.0/thumb/v7e-m+fp/hard/libgcc.a(_arm_muldivdf3.o)
                0x0000000008000500                __aeabi_dmul
                0x0000000008000500                __muldf3
                0x0000000008000754                __aeabi_ddiv
                0x0000000008000754                __divdf3
 .text          0x0000000008000924       0xa0 /home/david/zephyr-sdk-0.12.4/arm-zephyr-eabi/bin/../lib/gcc/arm-zephyr-eabi/10.2.0/thumb/v7e-m+fp/hard/libgcc.a(_arm_truncdfsf2.o)
                0x0000000008000924                __aeabi_d2f
                0x0000000008000924                __truncdfsf2
 .text          0x00000000080009c4       0x30 /home/david/zephyr-sdk-0.12.4/arm-zephyr-eabi/bin/../lib/gcc/arm-zephyr-eabi/10.2.0/thumb/v7e-m+fp/hard/libgcc.a(_aeabi_uldivmod.o)
                0x00000000080009c4                __aeabi_uldivmod
 .text          0x00000000080009f4      0x2d8 /home/david/zephyr-sdk-0.12.4/arm-zephyr-eabi/bin/../lib/gcc/arm-zephyr-eabi/10.2.0/thumb/v7e-m+fp/hard/libgcc.a(_udivmoddi4.o)
                0x00000000080009f4                __udivmoddi4
 .text          0x0000000008000ccc        0x4 /home/david/zephyr-sdk-0.12.4/arm-zephyr-eabi/bin/../lib/gcc/arm-zephyr-eabi/10.2.0/thumb/v7e-m+fp/hard/libgcc.a(_dvmd_tls.o)
                0x0000000008000ccc                __aeabi_ldiv0
                0x0000000008000ccc                __aeabi_idiv0
 .text          0x0000000008000cd0      0x110 /home/david/zephyr-sdk-0.12.4/arm-zephyr-eabi/bin/../lib/gcc/arm-zephyr-eabi/10.2.0/thumb/v7e-m+fp/hard/libgcc.a(_arm_cmpdf2.o)
                0x0000000008000cd0                __gtdf2
                0x0000000008000cd0                __gedf2
                0x0000000008000cd8                __ltdf2
                0x0000000008000cd8                __ledf2
                0x0000000008000ce0                __cmpdf2
                0x0000000008000ce0                __eqdf2
                0x0000000008000ce0                __nedf2
                0x0000000008000d5c                __aeabi_cdrcmple
                0x0000000008000d6c                __aeabi_cdcmple
                0x0000000008000d6c                __aeabi_cdcmpeq
                0x0000000008000d7c                __aeabi_dcmpeq
                0x0000000008000d90                __aeabi_dcmplt
                0x0000000008000da4                __aeabi_dcmple
                0x0000000008000db8                __aeabi_dcmpge
                0x0000000008000dcc                __aeabi_dcmpgt
 .text          0x0000000008000de0       0x2c /home/david/zephyr-sdk-0.12.4/arm-zephyr-eabi/bin/../lib/gcc/arm-zephyr-eabi/10.2.0/thumb/v7e-m+fp/hard/libgcc.a(_arm_unorddf2.o)
                0x0000000008000de0                __aeabi_dcmpun
                0x0000000008000de0                __unorddf2
 .text          0x0000000008000e0c       0x50 /home/david/zephyr-sdk-0.12.4/arm-zephyr-eabi/bin/../lib/gcc/arm-zephyr-eabi/10.2.0/thumb/v7e-m+fp/hard/libgcc.a(_arm_fixdfsi.o)
                0x0000000008000e0c                __fixdfsi
                0x0000000008000e0c                __aeabi_d2iz
 .text          0x0000000008000e5c       0x14 /home/david/zephyr-sdk-0.12.4/arm-zephyr-eabi/arm-zephyr-eabi/lib/thumb/v7e-m+fp/hard/libc_nano.a(lib_a-strcmp.o)
                0x0000000008000e5c                strcmp
 .text          0x0000000008000e70       0x10 /home/david/zephyr-sdk-0.12.4/arm-zephyr-eabi/arm-zephyr-eabi/lib/thumb/v7e-m+fp/hard/libc_nano.a(lib_a-strlen.o)
                0x0000000008000e70                strlen
 *(SORT_BY_ALIGNMENT(.text.*))
 .text._Z17calculate_headingRK11coordinatesS1_
                0x0000000008000e80      0x20c app/libapp.a(main.cpp.obj)
                0x0000000008000e80                calculate_heading(coordinates const&, coordinates const&)
 *fill*         0x000000000800108c        0x4 
 .text._Z18calculate_distanceRK11coordinatesS1_
                0x0000000008001090      0x1c4 app/libapp.a(main.cpp.obj)
                0x0000000008001090                calculate_distance(coordinates const&, coordinates const&)
 *fill*         0x0000000008001254        0x4 
 .text._Z18handle_gps_raw_inthR23__mavlink_gps_raw_int_t
                0x0000000008001258       0x70 app/libapp.a(main.cpp.obj)
                0x0000000008001258                handle_gps_raw_int(unsigned char, __mavlink_gps_raw_int_t&)
 .text.cbvprintf
                0x00000000080012c8      0xcd0 zephyr/libzephyr.a(cbprintf_complete.c.obj)
                0x00000000080012c8                cbvprintf
 .text.cos      0x0000000008001f98       0x90 /home/david/zephyr-sdk-0.12.4/arm-zephyr-eabi/arm-zephyr-eabi/lib/thumb/v7e-m+fp/hard/libm.a(lib_a-s_cos.o)
                0x0000000008001f98                cos
 .text.sin      0x0000000008002028       0x90 /home/david/zephyr-sdk-0.12.4/arm-zephyr-eabi/arm-zephyr-eabi/lib/thumb/v7e-m+fp/hard/libm.a(lib_a-s_sin.o)
                0x0000000008002028                sin
 .text.pow      0x00000000080020b8      0x1a4 /home/david/zephyr-sdk-0.12.4/arm-zephyr-eabi/arm-zephyr-eabi/lib/thumb/v7e-m+fp/hard/libm.a(lib_a-w_pow.o)
                0x00000000080020b8                pow
 *fill*         0x000000000800225c        0x4 
 .text.__ieee754_atan2
                0x0000000008002260      0x1ac /home/david/zephyr-sdk-0.12.4/arm-zephyr-eabi/arm-zephyr-eabi/lib/thumb/v7e-m+fp/hard/libm.a(lib_a-e_atan2.o)
                0x0000000008002260                __ieee754_atan2
 *fill*         0x000000000800240c        0x4 
 .text.__ieee754_pow
                0x0000000008002410      0xb34 /home/david/zephyr-sdk-0.12.4/arm-zephyr-eabi/arm-zephyr-eabi/lib/thumb/v7e-m+fp/hard/libm.a(lib_a-e_pow.o)
                0x0000000008002410                __ieee754_pow
 *fill*         0x0000000008002f44        0x4 
 .text.__ieee754_rem_pio2
                0x0000000008002f48      0x44c /home/david/zephyr-sdk-0.12.4/arm-zephyr-eabi/arm-zephyr-eabi/lib/thumb/v7e-m+fp/hard/libm.a(lib_a-e_rem_pio2.o)
                0x0000000008002f48                __ieee754_rem_pio2
 *fill*         0x0000000008003394        0x4 
 .text.__kernel_cos
                0x0000000008003398      0x27c /home/david/zephyr-sdk-0.12.4/arm-zephyr-eabi/arm-zephyr-eabi/lib/thumb/v7e-m+fp/hard/libm.a(lib_a-k_cos.o)
                0x0000000008003398                __kernel_cos
 *fill*         0x0000000008003614        0x4 
 .text.__kernel_rem_pio2
                0x0000000008003618      0x858 /home/david/zephyr-sdk-0.12.4/arm-zephyr-eabi/arm-zephyr-eabi/lib/thumb/v7e-m+fp/hard/libm.a(lib_a-k_rem_pio2.o)
                0x0000000008003618                __kernel_rem_pio2
 .text.__kernel_sin
                0x0000000008003e70      0x17c /home/david/zephyr-sdk-0.12.4/arm-zephyr-eabi/arm-zephyr-eabi/lib/thumb/v7e-m+fp/hard/libm.a(lib_a-k_sin.o)
                0x0000000008003e70                __kernel_sin
 *fill*         0x0000000008003fec        0x4 
 .text.atan     0x0000000008003ff0      0x330 /home/david/zephyr-sdk-0.12.4/arm-zephyr-eabi/arm-zephyr-eabi/lib/thumb/v7e-m+fp/hard/libm.a(lib_a-s_atan.o)
                0x0000000008003ff0                atan
 .text.floor    0x0000000008004320      0x108 /home/david/zephyr-sdk-0.12.4/arm-zephyr-eabi/arm-zephyr-eabi/lib/thumb/v7e-m+fp/hard/libm.a(lib_a-s_floor.o)
                0x0000000008004320                floor
 .text.nan      0x0000000008004428       0x10 /home/david/zephyr-sdk-0.12.4/arm-zephyr-eabi/arm-zephyr-eabi/lib/thumb/v7e-m+fp/hard/libm.a(lib_a-s_nan.o)
                0x0000000008004428                nan
 .text.scalbn   0x0000000008004438      0x124 /home/david/zephyr-sdk-0.12.4/arm-zephyr-eabi/arm-zephyr-eabi/lib/thumb/v7e-m+fp/hard/libm.a(lib_a-s_scalbn.o)
                0x0000000008004438                scalbn
 .text.mavlink_sha256_update
                0x000000000800455c      0x1b4 app/libapp.a(main.cpp.obj)
 .text._Z17coop_thread_entryv
                0x0000000008004710      0x514 app/libapp.a(main.cpp.obj)
                0x0000000008004710                coop_thread_entry()
 .text.main     0x0000000008004c24       0xf8 app/libapp.a(main.cpp.obj)
                0x0000000008004c24                main
 .text.char_out
                0x0000000008004d1c       0x10 zephyr/libzephyr.a(printk.c.obj)
 .text.__printk_hook_install
                0x0000000008004d2c        0xc zephyr/libzephyr.a(printk.c.obj)
                0x0000000008004d2c                __printk_hook_install
 .text.vprintk  0x0000000008004d38       0x1c zephyr/libzephyr.a(printk.c.obj)
                0x0000000008004d38                vprintk
 .text.vsnprintk
                0x0000000008004d54       0x28 zephyr/libzephyr.a(printk.c.obj)
                0x0000000008004d54                vsnprintk
 .text.extract_decimal
                0x0000000008004d7c       0x2c zephyr/libzephyr.a(cbprintf_complete.c.obj)
 .text.encode_uint
                0x0000000008004da8       0x98 zephyr/libzephyr.a(cbprintf_complete.c.obj)
 .text.st_stm32f4_init
                0x0000000008004e40       0x2c zephyr/libzephyr.a(soc.c.obj)
 .text.enable_logger
                0x0000000008004e6c       0x5c zephyr/libzephyr.a(log_core.c.obj)
 .text.log_process_thread_timer_expiry_fn
                0x0000000008004ec8        0xc zephyr/libzephyr.a(log_core.c.obj)
 .text.z_log_get_s_mask
                0x0000000008004ed4       0x48 zephyr/libzephyr.a(log_core.c.obj)
                0x0000000008004ed4                z_log_get_s_mask
 .text.log_core_init
                0x0000000008004f1c       0x48 zephyr/libzephyr.a(log_core.c.obj)
                0x0000000008004f1c                log_core_init
 .text.get_msg  0x0000000008004f64       0x28 zephyr/libzephyr.a(log_core.c.obj)
                0x0000000008004f64                get_msg
 .text.z_log_dropped
                0x0000000008004f8c       0x20 zephyr/libzephyr.a(log_core.c.obj)
                0x0000000008004f8c                z_log_dropped
 .text.z_log_dropped_read_and_clear
                0x0000000008004fac       0x20 zephyr/libzephyr.a(log_core.c.obj)
                0x0000000008004fac                z_log_dropped_read_and_clear
 .text.dropped_notify
                0x0000000008004fcc       0x38 zephyr/libzephyr.a(log_core.c.obj)
                0x0000000008004fcc                dropped_notify
 .text.log_source_name_get
                0x0000000008005004       0x1c zephyr/libzephyr.a(log_core.c.obj)
                0x0000000008005004                log_source_name_get
 .text.log_backend_enable
                0x0000000008005020       0x34 zephyr/libzephyr.a(log_core.c.obj)
                0x0000000008005020                log_backend_enable
 .text.log_init
                0x0000000008005054       0x58 zephyr/libzephyr.a(log_core.c.obj)
                0x0000000008005054                log_init
 .text.z_log_strdup
                0x00000000080050ac       0x70 zephyr/libzephyr.a(log_core.c.obj)
                0x00000000080050ac                z_log_strdup
 .text.log_is_strdup
                0x000000000800511c       0x20 zephyr/libzephyr.a(log_core.c.obj)
                0x000000000800511c                log_is_strdup
 .text.z_impl_log_process
                0x000000000800513c      0x15c zephyr/libzephyr.a(log_core.c.obj)
                0x000000000800513c                z_impl_log_process
 .text.log_process_thread_func
                0x0000000008005298       0x48 zephyr/libzephyr.a(log_core.c.obj)
 .text.msg_finalize
                0x00000000080052e0       0xc4 zephyr/libzephyr.a(log_core.c.obj)
 .text.z_impl_log_panic
                0x00000000080053a4       0x48 zephyr/libzephyr.a(log_core.c.obj)
                0x00000000080053a4                z_impl_log_panic
 .text.log_free
                0x00000000080053ec       0x34 zephyr/libzephyr.a(log_core.c.obj)
                0x00000000080053ec                log_free
 .text.log_msg_pool_init
                0x0000000008005420       0x14 zephyr/libzephyr.a(log_msg.c.obj)
                0x0000000008005420                log_msg_pool_init
 .text.log_msg_no_space_handle
                0x0000000008005434       0x30 zephyr/libzephyr.a(log_msg.c.obj)
                0x0000000008005434                log_msg_no_space_handle
 .text.log_msg_chunk_alloc
                0x0000000008005464       0x28 zephyr/libzephyr.a(log_msg.c.obj)
                0x0000000008005464                log_msg_chunk_alloc
 .text.msg_free
                0x000000000800548c       0x7c zephyr/libzephyr.a(log_msg.c.obj)
 .text.print_formatted
                0x0000000008005508       0x24 zephyr/libzephyr.a(log_output.c.obj)
 .text.hexdump_line_print
                0x000000000800552c       0xe4 zephyr/libzephyr.a(log_output.c.obj)
 .text.prefix_print
                0x0000000008005610      0x124 zephyr/libzephyr.a(log_output.c.obj)
 .text.postfix_print
                0x0000000008005734       0x3c zephyr/libzephyr.a(log_output.c.obj)
 .text.log_output_msg_process
                0x0000000008005770       0xf8 zephyr/libzephyr.a(log_output.c.obj)
                0x0000000008005770                log_output_msg_process
 .text.log_output_dropped_process
                0x0000000008005868       0x58 zephyr/libzephyr.a(log_output.c.obj)
                0x0000000008005868                log_output_dropped_process
 .text.log_output_timestamp_freq_set
                0x00000000080058c0       0x30 zephyr/libzephyr.a(log_output.c.obj)
                0x00000000080058c0                log_output_timestamp_freq_set
 .text.char_out
                0x00000000080058f0       0x24 zephyr/libzephyr.a(log_backend_uart.c.obj)
 .text.panic    0x0000000008005914        0xc zephyr/libzephyr.a(log_backend_uart.c.obj)
 .text.dropped  0x0000000008005920        0xc zephyr/libzephyr.a(log_backend_uart.c.obj)
 .text.log_backend_uart_init
                0x000000000800592c       0x18 zephyr/libzephyr.a(log_backend_uart.c.obj)
 .text.put      0x0000000008005944       0x24 zephyr/libzephyr.a(log_backend_uart.c.obj)
 .text.tty_init
                0x0000000008005968       0x40 zephyr/libzephyr.a(tty.c.obj)
                0x0000000008005968                tty_init
 .text.console_getchar
                0x00000000080059a8       0x20 zephyr/libzephyr.a(getchar.c.obj)
                0x00000000080059a8                console_getchar
 .text.console_init
                0x00000000080059c8       0x4c zephyr/libzephyr.a(getchar.c.obj)
                0x00000000080059c8                console_init
 .text.__do_init_array_aux
                0x0000000008005a14       0x1c zephyr/libzephyr.a(cpp_init_array.c.obj)
                0x0000000008005a14                __do_init_array_aux
 .text.__do_global_ctors_aux
                0x0000000008005a30       0x1c zephyr/libzephyr.a(cpp_ctors.c.obj)
                0x0000000008005a30                __do_global_ctors_aux
 .text.console_out
                0x0000000008005a4c       0x34 zephyr/libzephyr.a(uart_console.c.obj)
 .text.uart_console_init
                0x0000000008005a80       0x28 zephyr/libzephyr.a(uart_console.c.obj)
 .text.__stm32_exti_isr.isra.0
                0x0000000008005aa8       0x40 zephyr/libzephyr.a(intc_exti_stm32.c.obj)
 .text.stm32_exti_enable
                0x0000000008005ae8       0x1c zephyr/libzephyr.a(intc_exti_stm32.c.obj)
                0x0000000008005ae8                stm32_exti_enable
 .text.stm32_exti_disable
                0x0000000008005b04       0x1c zephyr/libzephyr.a(intc_exti_stm32.c.obj)
                0x0000000008005b04                stm32_exti_disable
 .text.stm32_exti_trigger
                0x0000000008005b20       0x68 zephyr/libzephyr.a(intc_exti_stm32.c.obj)
                0x0000000008005b20                stm32_exti_trigger
 .text.stm32_exti_set_callback
                0x0000000008005b88       0x24 zephyr/libzephyr.a(intc_exti_stm32.c.obj)
                0x0000000008005b88                stm32_exti_set_callback
 .text.stm32_exti_unset_callback
                0x0000000008005bac       0x14 zephyr/libzephyr.a(intc_exti_stm32.c.obj)
                0x0000000008005bac                stm32_exti_unset_callback
 .text.stm32_clock_control_on
                0x0000000008005bc0       0x88 zephyr/libzephyr.a(clock_stm32_ll_common.c.obj)
 .text.stm32_clock_control_get_subsys_rate
                0x0000000008005c48       0x2c zephyr/libzephyr.a(clock_stm32_ll_common.c.obj)
 .text.stm32_clock_control_init
                0x0000000008005c74       0x88 zephyr/libzephyr.a(clock_stm32_ll_common.c.obj)
                0x0000000008005c74                stm32_clock_control_init
 .text.stm32_clock_control_off
                0x0000000008005cfc       0x70 zephyr/libzephyr.a(clock_stm32_ll_common.c.obj)
 .text.config_enable_default_clocks
                0x0000000008005d6c       0x20 zephyr/libzephyr.a(clock_stm32f2_f4_f7.c.obj)
                0x0000000008005d6c                config_enable_default_clocks
 .text.stm32_dt_pinctrl_configure
                0x0000000008005d8c       0x70 zephyr/libzephyr.a(pinmux_stm32.c.obj)
                0x0000000008005d8c                stm32_dt_pinctrl_configure
 .text.elapsed  0x0000000008005dfc       0x3c zephyr/libzephyr.a(cortex_m_systick.c.obj)
 .text.sys_clock_isr
                0x0000000008005e38       0x44 zephyr/libzephyr.a(cortex_m_systick.c.obj)
                0x0000000008005e38                sys_clock_isr
 .text.sys_clock_driver_init
                0x0000000008005e7c       0x34 zephyr/libzephyr.a(cortex_m_systick.c.obj)
                0x0000000008005e7c                sys_clock_driver_init
 .text.sys_clock_set_timeout
                0x0000000008005eb0       0xe0 zephyr/libzephyr.a(cortex_m_systick.c.obj)
                0x0000000008005eb0                sys_clock_set_timeout
 .text.sys_clock_elapsed
                0x0000000008005f90       0x3c zephyr/libzephyr.a(cortex_m_systick.c.obj)
                0x0000000008005f90                sys_clock_elapsed
 .text.arch_swap
                0x0000000008005fcc       0x34 zephyr/arch/arch/arm/core/aarch32/libarch__arm__core__aarch32.a(swap.c.obj)
                0x0000000008005fcc                arch_swap
 .text.z_arm_pendsv
                0x0000000008006000       0x90 zephyr/arch/arch/arm/core/aarch32/libarch__arm__core__aarch32.a(swap_helper.S.obj)
                0x0000000008006000                z_arm_pendsv
 .text.z_arm_svc
                0x0000000008006090       0x20 zephyr/arch/arch/arm/core/aarch32/libarch__arm__core__aarch32.a(swap_helper.S.obj)
                0x0000000008006090                z_arm_svc
 .text.arch_irq_enable
                0x00000000080060b0       0x20 zephyr/arch/arch/arm/core/aarch32/libarch__arm__core__aarch32.a(irq_manage.c.obj)
                0x00000000080060b0                arch_irq_enable
 .text.z_arm_irq_priority_set
                0x00000000080060d0       0x30 zephyr/arch/arch/arm/core/aarch32/libarch__arm__core__aarch32.a(irq_manage.c.obj)
                0x00000000080060d0                z_arm_irq_priority_set
 .text.arch_new_thread
                0x0000000008006100       0x64 zephyr/arch/arch/arm/core/aarch32/libarch__arm__core__aarch32.a(thread.c.obj)
                0x0000000008006100                arch_new_thread
 .text.z_arm_mpu_stack_guard_and_fpu_adjust
                0x0000000008006164       0x6c zephyr/arch/arch/arm/core/aarch32/libarch__arm__core__aarch32.a(thread.c.obj)
                0x0000000008006164                z_arm_mpu_stack_guard_and_fpu_adjust
 .text.z_check_thread_stack_fail
                0x00000000080061d0       0x3c zephyr/arch/arch/arm/core/aarch32/libarch__arm__core__aarch32.a(thread.c.obj)
                0x00000000080061d0                z_check_thread_stack_fail
 .text.arch_switch_to_main_thread
                0x000000000800620c       0x44 zephyr/arch/arch/arm/core/aarch32/libarch__arm__core__aarch32.a(thread.c.obj)
                0x000000000800620c                arch_switch_to_main_thread
 .text.z_arm_cpu_idle_init
                0x0000000008006250        0xc zephyr/arch/arch/arm/core/aarch32/libarch__arm__core__aarch32.a(cpu_idle.S.obj)
                0x0000000008006250                z_arm_cpu_idle_init
 .text.arch_cpu_idle
                0x000000000800625c       0x1c zephyr/arch/arch/arm/core/aarch32/libarch__arm__core__aarch32.a(cpu_idle.S.obj)
                0x000000000800625c                arch_cpu_idle
 .text.z_arm_fatal_error
                0x0000000008006278       0xe8 zephyr/arch/arch/arm/core/aarch32/libarch__arm__core__aarch32.a(fatal.c.obj)
                0x0000000008006278                z_arm_fatal_error
 .text.z_SysNmiOnReset
                0x0000000008006360        0x8 zephyr/arch/arch/arm/core/aarch32/libarch__arm__core__aarch32.a(nmi_on_reset.S.obj)
                0x0000000008006360                z_SysNmiOnReset
 .text.z_arm_prep_c
                0x0000000008006368       0x5c zephyr/arch/arch/arm/core/aarch32/libarch__arm__core__aarch32.a(prep_c.c.obj)
                0x0000000008006368                z_arm_prep_c
 .text._isr_wrapper
                0x00000000080063c4       0x28 zephyr/arch/arch/arm/core/aarch32/libarch__arm__core__aarch32.a(isr_wrapper.S.obj)
                0x00000000080063c4                _isr_wrapper
 .text._reset_section
                0x00000000080063ec       0x2c zephyr/arch/arch/arm/core/aarch32/cortex_m/libarch__arm__core__aarch32__cortex_m.a(reset.S.obj)
                0x00000000080063ec                z_arm_reset
                0x00000000080063ec                __start
 .text.__fault  0x0000000008006418       0x14 zephyr/arch/arch/arm/core/aarch32/cortex_m/libarch__arm__core__aarch32__cortex_m.a(fault_s.S.obj)
                0x0000000008006418                z_arm_bus_fault
                0x0000000008006418                z_arm_usage_fault
                0x0000000008006418                z_arm_mpu_fault
                0x0000000008006418                z_arm_exc_spurious
                0x0000000008006418                z_arm_debug_monitor
                0x0000000008006418                z_arm_hard_fault
 .text.mem_manage_fault
                0x000000000800642c      0x104 zephyr/arch/arch/arm/core/aarch32/cortex_m/libarch__arm__core__aarch32__cortex_m.a(fault.c.obj)
 .text.usage_fault.constprop.0
                0x0000000008006530       0xb8 zephyr/arch/arch/arm/core/aarch32/cortex_m/libarch__arm__core__aarch32__cortex_m.a(fault.c.obj)
 .text.bus_fault.constprop.0
                0x00000000080065e8       0xdc zephyr/arch/arch/arm/core/aarch32/cortex_m/libarch__arm__core__aarch32__cortex_m.a(fault.c.obj)
 .text.z_arm_fault
                0x00000000080066c4      0x194 zephyr/arch/arch/arm/core/aarch32/cortex_m/libarch__arm__core__aarch32__cortex_m.a(fault.c.obj)
                0x00000000080066c4                z_arm_fault
 .text.z_arm_fault_init
                0x0000000008006858       0x10 zephyr/arch/arch/arm/core/aarch32/cortex_m/libarch__arm__core__aarch32__cortex_m.a(fault.c.obj)
                0x0000000008006858                z_arm_fault_init
 .text._HandlerModeExit
                0x0000000008006868       0x1c zephyr/arch/arch/arm/core/aarch32/cortex_m/libarch__arm__core__aarch32__cortex_m.a(exc_exit.S.obj)
                0x0000000008006868                z_arm_exc_exit
                0x0000000008006868                z_arm_int_exit
 .text.z_arm_interrupt_init
                0x0000000008006884       0x18 zephyr/arch/arch/arm/core/aarch32/cortex_m/libarch__arm__core__aarch32__cortex_m.a(irq_init.c.obj)
                0x0000000008006884                z_arm_interrupt_init
 .text.z_impl_k_thread_abort
                0x000000000800689c       0x24 zephyr/arch/arch/arm/core/aarch32/cortex_m/libarch__arm__core__aarch32__cortex_m.a(thread_abort.c.obj)
                0x000000000800689c                z_impl_k_thread_abort
 .text.z_arm_configure_static_mpu_regions
                0x00000000080068c0       0x18 zephyr/arch/arch/arm/core/aarch32/mpu/libarch__arm__core__aarch32__mpu.a(arm_core_mpu.c.obj)
                0x00000000080068c0                z_arm_configure_static_mpu_regions
 .text.z_arm_configure_dynamic_mpu_regions
                0x00000000080068d8       0x2c zephyr/arch/arch/arm/core/aarch32/mpu/libarch__arm__core__aarch32__mpu.a(arm_core_mpu.c.obj)
                0x00000000080068d8                z_arm_configure_dynamic_mpu_regions
 .text.mpu_configure_regions
                0x0000000008006904       0xc0 zephyr/arch/arch/arm/core/aarch32/mpu/libarch__arm__core__aarch32__mpu.a(arm_mpu.c.obj)
 .text.arm_core_mpu_enable
                0x00000000080069c4       0x18 zephyr/arch/arch/arm/core/aarch32/mpu/libarch__arm__core__aarch32__mpu.a(arm_mpu.c.obj)
                0x00000000080069c4                arm_core_mpu_enable
 .text.arm_core_mpu_disable
                0x00000000080069dc       0x14 zephyr/arch/arch/arm/core/aarch32/mpu/libarch__arm__core__aarch32__mpu.a(arm_mpu.c.obj)
                0x00000000080069dc                arm_core_mpu_disable
 .text.arm_core_mpu_configure_static_mpu_regions
                0x00000000080069f0       0x14 zephyr/arch/arch/arm/core/aarch32/mpu/libarch__arm__core__aarch32__mpu.a(arm_mpu.c.obj)
                0x00000000080069f0                arm_core_mpu_configure_static_mpu_regions
 .text.arm_core_mpu_configure_dynamic_mpu_regions
                0x0000000008006a04       0x30 zephyr/arch/arch/arm/core/aarch32/mpu/libarch__arm__core__aarch32__mpu.a(arm_mpu.c.obj)
                0x0000000008006a04                arm_core_mpu_configure_dynamic_mpu_regions
 .text.z_arm_mpu_init
                0x0000000008006a34       0x60 zephyr/arch/arch/arm/core/aarch32/mpu/libarch__arm__core__aarch32__mpu.a(arm_mpu.c.obj)
                0x0000000008006a34                z_arm_mpu_init
 .text.__stdout_hook_install
                0x0000000008006a94        0xc zephyr/lib/libc/newlib/liblib__libc__newlib.a(libc-hooks.c.obj)
                0x0000000008006a94                __stdout_hook_install
 .text.clock_control_on.constprop.0
                0x0000000008006aa0       0x2c zephyr/drivers/gpio/libdrivers__gpio.a(gpio_stm32.c.obj)
 .text.gpio_stm32_pin_interrupt_configure
                0x0000000008006acc      0x100 zephyr/drivers/gpio/libdrivers__gpio.a(gpio_stm32.c.obj)
 .text.gpio_stm32_clock_request
                0x0000000008006bcc       0x34 zephyr/drivers/gpio/libdrivers__gpio.a(gpio_stm32.c.obj)
                0x0000000008006bcc                gpio_stm32_clock_request
 .text.uart_stm32_irq_err_enable
                0x0000000008006c00       0x50 zephyr/drivers/serial/libdrivers__serial.a(uart_stm32.c.obj)
 .text.uart_stm32_irq_err_disable
                0x0000000008006c50       0x50 zephyr/drivers/serial/libdrivers__serial.a(uart_stm32.c.obj)
 .text.uart_stm32_set_baudrate
                0x0000000008006ca0       0x84 zephyr/drivers/serial/libdrivers__serial.a(uart_stm32.c.obj)
 .text.uart_stm32_init
                0x0000000008006d24       0xe0 zephyr/drivers/serial/libdrivers__serial.a(uart_stm32.c.obj)
 .text.uart_stm32_configure
                0x0000000008006e04      0x130 zephyr/drivers/serial/libdrivers__serial.a(uart_stm32.c.obj)
 .text.UTILS_PLL_IsBusy
                0x0000000008006f34       0x1c modules/stm32/stm32cube/lib..__modules__hal__stm32__stm32cube.a(stm32f4xx_ll_utils.c.obj)
 .text.LL_SetFlashLatency
                0x0000000008006f50       0xd0 modules/stm32/stm32cube/lib..__modules__hal__stm32__stm32cube.a(stm32f4xx_ll_utils.c.obj)
                0x0000000008006f50                LL_SetFlashLatency
 .text.UTILS_EnablePLLAndSwitchSystem
                0x0000000008007020       0x94 modules/stm32/stm32cube/lib..__modules__hal__stm32__stm32cube.a(stm32f4xx_ll_utils.c.obj)
 .text.LL_PLL_ConfigSystemClock_HSE
                0x00000000080070b4       0x8c modules/stm32/stm32cube/lib..__modules__hal__stm32__stm32cube.a(stm32f4xx_ll_utils.c.obj)
                0x00000000080070b4                LL_PLL_ConfigSystemClock_HSE
 .text.z_sys_init_run_level
                0x0000000008007140       0x40 zephyr/kernel/libkernel.a(device.c.obj)
                0x0000000008007140                z_sys_init_run_level
 .text.z_impl_device_get_binding
                0x0000000008007180       0x54 zephyr/kernel/libkernel.a(device.c.obj)
                0x0000000008007180                z_impl_device_get_binding
 .text.z_impl_z_errno
                0x00000000080071d4        0xc zephyr/kernel/libkernel.a(errno.c.obj)
                0x00000000080071d4                z_impl_z_errno
 .text.k_sys_fatal_error_handler
                0x00000000080071e0       0x30 zephyr/kernel/libkernel.a(fatal.c.obj)
                0x00000000080071e0                k_sys_fatal_error_handler
 .text.z_fatal_error
                0x0000000008007210       0xbc zephyr/kernel/libkernel.a(fatal.c.obj)
                0x0000000008007210                z_fatal_error
 .text.z_bss_zero
                0x00000000080072cc       0x30 zephyr/kernel/libkernel.a(init.c.obj)
                0x00000000080072cc                z_bss_zero
 .text.bg_thread_main
                0x00000000080072fc       0x3c zephyr/kernel/libkernel.a(init.c.obj)
 .text.z_cstart
                0x0000000008007338      0x114 zephyr/kernel/libkernel.a(init.c.obj)
                0x0000000008007338                z_cstart
 .text.init_mem_slab_module
                0x000000000800744c       0x44 zephyr/kernel/libkernel.a(mem_slab.c.obj)
 .text.k_mem_slab_alloc
                0x0000000008007490       0x5c zephyr/kernel/libkernel.a(mem_slab.c.obj)
                0x0000000008007490                k_mem_slab_alloc
 .text.z_setup_new_thread
                0x00000000080074ec       0x64 zephyr/kernel/libkernel.a(thread.c.obj)
                0x00000000080074ec                z_setup_new_thread
 .text.z_impl_k_thread_create
                0x0000000008007550       0x58 zephyr/kernel/libkernel.a(thread.c.obj)
                0x0000000008007550                z_impl_k_thread_create
 .text.z_init_static_threads
                0x00000000080075a8       0x98 zephyr/kernel/libkernel.a(thread.c.obj)
                0x00000000080075a8                z_init_static_threads
 .text.z_impl_k_queue_get
                0x0000000008007640       0x64 zephyr/kernel/libkernel.a(queue.c.obj)
                0x0000000008007640                z_impl_k_queue_get
 .text.z_impl_k_sem_give
                0x00000000080076a4       0x40 zephyr/kernel/libkernel.a(sem.c.obj)
                0x00000000080076a4                z_impl_k_sem_give
 .text.z_impl_k_sem_take
                0x00000000080076e4       0x50 zephyr/kernel/libkernel.a(sem.c.obj)
                0x00000000080076e4                z_impl_k_sem_take
 .text.z_reset_time_slice
                0x0000000008007734       0x2c zephyr/kernel/libkernel.a(sched.c.obj)
                0x0000000008007734                z_reset_time_slice
 .text.k_sched_time_slice_set
                0x0000000008007760       0x50 zephyr/kernel/libkernel.a(sched.c.obj)
                0x0000000008007760                k_sched_time_slice_set
 .text.z_reschedule
                0x00000000080077b0       0x24 zephyr/kernel/libkernel.a(sched.c.obj)
                0x00000000080077b0                z_reschedule
 .text.k_sched_lock
                0x00000000080077d4       0x28 zephyr/kernel/libkernel.a(sched.c.obj)
                0x00000000080077d4                k_sched_lock
 .text.update_cache
                0x00000000080077fc       0x40 zephyr/kernel/libkernel.a(sched.c.obj)
 .text.unready_thread
                0x000000000800783c       0x30 zephyr/kernel/libkernel.a(sched.c.obj)
 .text.pend     0x000000000800786c       0x4c zephyr/kernel/libkernel.a(sched.c.obj)
 .text.z_pend_curr
                0x00000000080078b8       0x28 zephyr/kernel/libkernel.a(sched.c.obj)
                0x00000000080078b8                z_pend_curr
 .text.z_impl_k_thread_suspend
                0x00000000080078e0       0x64 zephyr/kernel/libkernel.a(sched.c.obj)
                0x00000000080078e0                z_impl_k_thread_suspend
 .text.k_sched_unlock
                0x0000000008007944       0x38 zephyr/kernel/libkernel.a(sched.c.obj)
                0x0000000008007944                k_sched_unlock
 .text.move_thread_to_end_of_prio_q
                0x000000000800797c       0x74 zephyr/kernel/libkernel.a(sched.c.obj)
 .text.z_time_slice
                0x00000000080079f0       0x80 zephyr/kernel/libkernel.a(sched.c.obj)
                0x00000000080079f0                z_time_slice
 .text.ready_thread
                0x0000000008007a70       0x6c zephyr/kernel/libkernel.a(sched.c.obj)
 .text.z_sched_start
                0x0000000008007adc       0x3c zephyr/kernel/libkernel.a(sched.c.obj)
                0x0000000008007adc                z_sched_start
 .text.z_sched_init
                0x0000000008007b18       0x18 zephyr/kernel/libkernel.a(sched.c.obj)
                0x0000000008007b18                z_sched_init
 .text.z_impl_k_yield
                0x0000000008007b30       0x80 zephyr/kernel/libkernel.a(sched.c.obj)
                0x0000000008007b30                z_impl_k_yield
 .text.z_tick_sleep
                0x0000000008007bb0       0x90 zephyr/kernel/libkernel.a(sched.c.obj)
 .text.z_impl_k_sleep
                0x0000000008007c40       0x30 zephyr/kernel/libkernel.a(sched.c.obj)
                0x0000000008007c40                z_impl_k_sleep
 .text.z_impl_k_current_get
                0x0000000008007c70        0xc zephyr/kernel/libkernel.a(sched.c.obj)
                0x0000000008007c70                z_impl_k_current_get
 .text.z_thread_abort
                0x0000000008007c7c       0xa4 zephyr/kernel/libkernel.a(sched.c.obj)
                0x0000000008007c7c                z_thread_abort
 .text.z_data_copy
                0x0000000008007d20       0x4c zephyr/kernel/libkernel.a(xip.c.obj)
                0x0000000008007d20                z_data_copy
 .text.elapsed  0x0000000008007d6c       0x14 zephyr/kernel/libkernel.a(timeout.c.obj)
 .text.next_timeout
                0x0000000008007d80       0x50 zephyr/kernel/libkernel.a(timeout.c.obj)
 .text.remove_timeout
                0x0000000008007dd0       0x34 zephyr/kernel/libkernel.a(timeout.c.obj)
 .text.z_add_timeout
                0x0000000008007e04       0xf0 zephyr/kernel/libkernel.a(timeout.c.obj)
                0x0000000008007e04                z_add_timeout
 .text.sys_clock_announce
                0x0000000008007ef4       0xb8 zephyr/kernel/libkernel.a(timeout.c.obj)
                0x0000000008007ef4                sys_clock_announce
 .text.sys_clock_tick_get
                0x0000000008007fac       0x30 zephyr/kernel/libkernel.a(timeout.c.obj)
                0x0000000008007fac                sys_clock_tick_get
 .text.z_timer_expiration_handler
                0x0000000008007fdc       0x54 zephyr/kernel/libkernel.a(timer.c.obj)
                0x0000000008007fdc                z_timer_expiration_handler
 .text.z_impl_k_timer_start
                0x0000000008008030       0x9c zephyr/kernel/libkernel.a(timer.c.obj)
                0x0000000008008030                z_impl_k_timer_start
 .text.z_impl_k_timer_status_sync
                0x00000000080080cc       0x58 zephyr/kernel/libkernel.a(timer.c.obj)
                0x00000000080080cc                z_impl_k_timer_status_sync
 .text.k_aligned_alloc
                0x0000000008008124       0x10 zephyr/kernel/libkernel.a(mempool.c.obj)
                0x0000000008008124                k_aligned_alloc
 .text.z_thread_aligned_alloc
                0x0000000008008134       0x34 zephyr/kernel/libkernel.a(mempool.c.obj)
                0x0000000008008134                z_thread_aligned_alloc
 .text.boot_banner
                0x0000000008008168       0x18 zephyr/kernel/libkernel.a(banner.c.obj)
                0x0000000008008168                boot_banner
 .text.statics_init
                0x0000000008008180       0x24 zephyr/kernel/libkernel.a(kheap.c.obj)
 .text.atan2    0x00000000080081a4        0x4 /home/david/zephyr-sdk-0.12.4/arm-zephyr-eabi/arm-zephyr-eabi/lib/thumb/v7e-m+fp/hard/libm.a(lib_a-w_atan2.o)
                0x00000000080081a4                atan2
 .text.sqrt     0x00000000080081a8       0x74 /home/david/zephyr-sdk-0.12.4/arm-zephyr-eabi/arm-zephyr-eabi/lib/thumb/v7e-m+fp/hard/libm.a(lib_a-w_sqrt.o)
                0x00000000080081a8                sqrt
 .text.__ieee754_sqrt
                0x000000000800821c      0x190 /home/david/zephyr-sdk-0.12.4/arm-zephyr-eabi/arm-zephyr-eabi/lib/thumb/v7e-m+fp/hard/libm.a(lib_a-e_sqrt.o)
                0x000000000800821c                __ieee754_sqrt
 .text.fabs     0x00000000080083ac       0x14 /home/david/zephyr-sdk-0.12.4/arm-zephyr-eabi/arm-zephyr-eabi/lib/thumb/v7e-m+fp/hard/libm.a(lib_a-s_fabs.o)
                0x00000000080083ac                fabs
 .text.finite   0x00000000080083c0       0x18 /home/david/zephyr-sdk-0.12.4/arm-zephyr-eabi/arm-zephyr-eabi/lib/thumb/v7e-m+fp/hard/libm.a(lib_a-s_finite.o)
                0x00000000080083c0                finite
 .text.rint     0x00000000080083d8      0x134 /home/david/zephyr-sdk-0.12.4/arm-zephyr-eabi/arm-zephyr-eabi/lib/thumb/v7e-m+fp/hard/libm.a(lib_a-s_rint.o)
                0x00000000080083d8                rint
 .text.mavlink_update_checksum
                0x000000000800850c       0x1c app/libapp.a(main.cpp.obj)
 .text._Z14handle_messageR17__mavlink_message
                0x0000000008008528       0x42 app/libapp.a(main.cpp.obj)
                0x0000000008008528                handle_message(__mavlink_message&)
 .text.arch_printk_char_out
                0x000000000800856a        0x4 zephyr/libzephyr.a(printk.c.obj)
                0x000000000800856a                arch_printk_char_out
 .text.str_out  0x000000000800856e       0x26 zephyr/libzephyr.a(printk.c.obj)
 .text.printk   0x0000000008008594       0x1a zephyr/libzephyr.a(printk.c.obj)
                0x0000000008008594                printk
 .text.snprintk
                0x00000000080085ae       0x1a zephyr/libzephyr.a(printk.c.obj)
                0x00000000080085ae                snprintk
 .text.z_thread_entry
                0x00000000080085c8       0x14 zephyr/libzephyr.a(thread_entry.c.obj)
                0x00000000080085c8                z_thread_entry
 .text.chunk_field
                0x00000000080085dc       0x16 zephyr/libzephyr.a(heap.c.obj)
 .text.chunk_set
                0x00000000080085f2       0x16 zephyr/libzephyr.a(heap.c.obj)
 .text.chunk_size
                0x0000000008008608        0xc zephyr/libzephyr.a(heap.c.obj)
 .text.set_chunk_used
                0x0000000008008614       0x30 zephyr/libzephyr.a(heap.c.obj)
 .text.set_chunk_size
                0x0000000008008644        0x8 zephyr/libzephyr.a(heap.c.obj)
 .text.bucket_idx.isra.0
                0x000000000800864c       0x1c zephyr/libzephyr.a(heap.c.obj)
 .text.free_list_remove_bidx
                0x0000000008008668       0x5e zephyr/libzephyr.a(heap.c.obj)
 .text.free_list_remove
                0x00000000080086c6       0x2e zephyr/libzephyr.a(heap.c.obj)
 .text.alloc_chunk
                0x00000000080086f4       0x78 zephyr/libzephyr.a(heap.c.obj)
 .text.split_chunks
                0x000000000800876c       0x4e zephyr/libzephyr.a(heap.c.obj)
 .text.merge_chunks
                0x00000000080087ba       0x3e zephyr/libzephyr.a(heap.c.obj)
 .text.free_list_add
                0x00000000080087f8       0x86 zephyr/libzephyr.a(heap.c.obj)
 .text.free_chunk
                0x000000000800887e       0x88 zephyr/libzephyr.a(heap.c.obj)
 .text.sys_heap_free
                0x0000000008008906       0x32 zephyr/libzephyr.a(heap.c.obj)
                0x0000000008008906                sys_heap_free
 .text.sys_heap_alloc
                0x0000000008008938       0x6e zephyr/libzephyr.a(heap.c.obj)
                0x0000000008008938                sys_heap_alloc
 .text.sys_heap_aligned_alloc
                0x00000000080089a6       0xf2 zephyr/libzephyr.a(heap.c.obj)
                0x00000000080089a6                sys_heap_aligned_alloc
 .text.sys_heap_init
                0x0000000008008a98       0xa6 zephyr/libzephyr.a(heap.c.obj)
                0x0000000008008a98                sys_heap_init
 .text._ldiv5   0x0000000008008b3e       0x30 zephyr/libzephyr.a(cbprintf_complete.c.obj)
 .text._get_digit
                0x0000000008008b6e       0x2e zephyr/libzephyr.a(cbprintf_complete.c.obj)
 .text.outs     0x0000000008008b9c       0x32 zephyr/libzephyr.a(cbprintf_complete.c.obj)
 .text._ConfigAbsSyms
                0x0000000008008bce        0x2 zephyr/libzephyr.a(configs.c.obj)
                0x0000000008008bce                _ConfigAbsSyms
 .text.st_stm32_common_config
                0x0000000008008bd0        0x4 zephyr/libzephyr.a(soc_config.c.obj)
 .text.log_list_init
                0x0000000008008bd4        0x8 zephyr/libzephyr.a(log_list.c.obj)
                0x0000000008008bd4                log_list_init
 .text.log_list_add_tail
                0x0000000008008bdc       0x14 zephyr/libzephyr.a(log_list.c.obj)
                0x0000000008008bdc                log_list_add_tail
 .text.log_list_head_peek
                0x0000000008008bf0        0x4 zephyr/libzephyr.a(log_list.c.obj)
                0x0000000008008bf0                log_list_head_peek
 .text.log_list_head_get
                0x0000000008008bf4        0xc zephyr/libzephyr.a(log_list.c.obj)
                0x0000000008008bf4                log_list_head_get
 .text.z_log_msg_std_alloc
                0x0000000008008c00       0x12 zephyr/libzephyr.a(log_core.c.obj)
 .text.default_lf_get_timestamp
                0x0000000008008c12       0x10 zephyr/libzephyr.a(log_core.c.obj)
 .text.dummy_timestamp
                0x0000000008008c22        0x4 zephyr/libzephyr.a(log_core.c.obj)
 .text.log_0    0x0000000008008c26       0x1e zephyr/libzephyr.a(log_core.c.obj)
                0x0000000008008c26                log_0
 .text.log_1    0x0000000008008c44       0x2e zephyr/libzephyr.a(log_core.c.obj)
                0x0000000008008c44                log_1
 .text.log_2    0x0000000008008c72       0x32 zephyr/libzephyr.a(log_core.c.obj)
                0x0000000008008c72                log_2
 .text.log_3    0x0000000008008ca4       0x3e zephyr/libzephyr.a(log_core.c.obj)
                0x0000000008008ca4                log_3
 .text.log_n    0x0000000008008ce2       0x16 zephyr/libzephyr.a(log_core.c.obj)
                0x0000000008008ce2                log_n
 .text.log_msg_hexdump_data_op
                0x0000000008008cf8       0xac zephyr/libzephyr.a(log_msg.c.obj)
 .text.log_msg_get
                0x0000000008008da4       0x1a zephyr/libzephyr.a(log_msg.c.obj)
                0x0000000008008da4                log_msg_get
 .text.log_msg_nargs_get
                0x0000000008008dbe        0x6 zephyr/libzephyr.a(log_msg.c.obj)
                0x0000000008008dbe                log_msg_nargs_get
 .text.log_msg_arg_get
                0x0000000008008dc4       0x3e zephyr/libzephyr.a(log_msg.c.obj)
                0x0000000008008dc4                log_msg_arg_get
 .text.log_msg_put
                0x0000000008008e02       0x26 zephyr/libzephyr.a(log_msg.c.obj)
                0x0000000008008e02                log_msg_put
 .text.log_msg_str_get
                0x0000000008008e28        0x4 zephyr/libzephyr.a(log_msg.c.obj)
                0x0000000008008e28                log_msg_str_get
 .text.log_msg_create_n
                0x0000000008008e2c       0xb4 zephyr/libzephyr.a(log_msg.c.obj)
                0x0000000008008e2c                log_msg_create_n
 .text.log_msg_hexdump_data_get
                0x0000000008008ee0        0xe zephyr/libzephyr.a(log_msg.c.obj)
                0x0000000008008ee0                log_msg_hexdump_data_get
 .text.buffer_write
                0x0000000008008eee       0x1a zephyr/libzephyr.a(log_output.c.obj)
 .text.std_print
                0x0000000008008f08      0x2ba zephyr/libzephyr.a(log_output.c.obj)
 .text.log_output_flush
                0x00000000080091c2       0x1a zephyr/libzephyr.a(log_output.c.obj)
                0x00000000080091c2                log_output_flush
 .text.out_func
                0x00000000080091dc       0x36 zephyr/libzephyr.a(log_output.c.obj)
 .text.z_impl_uart_irq_tx_disable
                0x0000000008009212        0xa zephyr/libzephyr.a(tty.c.obj)
 .text.tty_putchar
                0x000000000800921c       0x80 zephyr/libzephyr.a(tty.c.obj)
 .text.tty_uart_isr
                0x000000000800929c       0xb0 zephyr/libzephyr.a(tty.c.obj)
 .text.tty_read
                0x000000000800934c       0xee zephyr/libzephyr.a(tty.c.obj)
                0x000000000800934c                tty_read
 .text.tty_set_rx_buf
                0x000000000800943a       0x32 zephyr/libzephyr.a(tty.c.obj)
                0x000000000800943a                tty_set_rx_buf
 .text.tty_set_tx_buf
                0x000000000800946c       0x24 zephyr/libzephyr.a(tty.c.obj)
                0x000000000800946c                tty_set_tx_buf
 .text.uart_poll_out
                0x0000000008009490        0x6 zephyr/libzephyr.a(uart_console.c.obj)
 .text.debug_hook_out_nop
                0x0000000008009496        0x4 zephyr/libzephyr.a(uart_console.c.obj)
 .text.stm32_exti_init
                0x000000000800949a       0x74 zephyr/libzephyr.a(intc_exti_stm32.c.obj)
 .text.__stm32_exti_isr_22
                0x000000000800950e        0xa zephyr/libzephyr.a(intc_exti_stm32.c.obj)
 .text.__stm32_exti_isr_21
                0x0000000008009518        0xa zephyr/libzephyr.a(intc_exti_stm32.c.obj)
 .text.__stm32_exti_isr_18
                0x0000000008009522        0xa zephyr/libzephyr.a(intc_exti_stm32.c.obj)
 .text.__stm32_exti_isr_16
                0x000000000800952c        0xa zephyr/libzephyr.a(intc_exti_stm32.c.obj)
 .text.__stm32_exti_isr_15_10
                0x0000000008009536        0xa zephyr/libzephyr.a(intc_exti_stm32.c.obj)
 .text.__stm32_exti_isr_9_5
                0x0000000008009540        0xa zephyr/libzephyr.a(intc_exti_stm32.c.obj)
 .text.__stm32_exti_isr_4
                0x000000000800954a        0xa zephyr/libzephyr.a(intc_exti_stm32.c.obj)
 .text.__stm32_exti_isr_3
                0x0000000008009554        0xa zephyr/libzephyr.a(intc_exti_stm32.c.obj)
 .text.__stm32_exti_isr_2
                0x000000000800955e        0xa zephyr/libzephyr.a(intc_exti_stm32.c.obj)
 .text.__stm32_exti_isr_1
                0x0000000008009568        0xa zephyr/libzephyr.a(intc_exti_stm32.c.obj)
 .text.__stm32_exti_isr_0
                0x0000000008009572        0xa zephyr/libzephyr.a(intc_exti_stm32.c.obj)
 .text.config_pll_init
                0x000000000800957c        0xe zephyr/libzephyr.a(clock_stm32f2_f4_f7.c.obj)
                0x000000000800957c                config_pll_init
 .text.LL_RCC_MSI_Disable
                0x000000000800958a        0x2 zephyr/libzephyr.a(clock_stm32f2_f4_f7.c.obj)
                0x000000000800958a                LL_RCC_MSI_Disable
 .text.z_irq_spurious
                0x000000000800958c        0x8 zephyr/arch/arch/arm/core/aarch32/libarch__arm__core__aarch32.a(irq_manage.c.obj)
                0x000000000800958c                z_irq_spurious
 .text.z_do_kernel_oops
                0x0000000008009594        0x8 zephyr/arch/arch/arm/core/aarch32/libarch__arm__core__aarch32.a(fatal.c.obj)
                0x0000000008009594                z_do_kernel_oops
 .text.z_arm_nmi
                0x000000000800959c        0xe zephyr/arch/arch/arm/core/aarch32/libarch__arm__core__aarch32.a(nmi.c.obj)
                0x000000000800959c                z_arm_nmi
 .text._stdout_hook_default
                0x00000000080095aa        0x6 zephyr/lib/libc/newlib/liblib__libc__newlib.a(libc-hooks.c.obj)
 .text.__errno  0x00000000080095b0        0x4 zephyr/lib/libc/newlib/liblib__libc__newlib.a(libc-hooks.c.obj)
                0x00000000080095b0                __errno
 .text.gpio_stm32_port_get_raw
                0x00000000080095b4        0xc zephyr/drivers/gpio/libdrivers__gpio.a(gpio_stm32.c.obj)
 .text.gpio_stm32_port_set_masked_raw
                0x00000000080095c0       0x12 zephyr/drivers/gpio/libdrivers__gpio.a(gpio_stm32.c.obj)
 .text.gpio_stm32_port_set_bits_raw
                0x00000000080095d2        0xa zephyr/drivers/gpio/libdrivers__gpio.a(gpio_stm32.c.obj)
 .text.gpio_stm32_port_clear_bits_raw
                0x00000000080095dc        0xc zephyr/drivers/gpio/libdrivers__gpio.a(gpio_stm32.c.obj)
 .text.gpio_stm32_port_toggle_bits
                0x00000000080095e8        0xe zephyr/drivers/gpio/libdrivers__gpio.a(gpio_stm32.c.obj)
 .text.gpio_stm32_manage_callback
                0x00000000080095f6       0x54 zephyr/drivers/gpio/libdrivers__gpio.a(gpio_stm32.c.obj)
 .text.gpio_stm32_isr
                0x000000000800964a       0x28 zephyr/drivers/gpio/libdrivers__gpio.a(gpio_stm32.c.obj)
 .text.gpio_stm32_configure
                0x0000000008009672      0x108 zephyr/drivers/gpio/libdrivers__gpio.a(gpio_stm32.c.obj)
                0x0000000008009672                gpio_stm32_configure
 .text.gpio_stm32_config
                0x000000000800977a       0x7c zephyr/drivers/gpio/libdrivers__gpio.a(gpio_stm32.c.obj)
 .text.gpio_stm32_init
                0x00000000080097f6        0xa zephyr/drivers/gpio/libdrivers__gpio.a(gpio_stm32.c.obj)
 .text.LL_USART_ClearFlag_PE
                0x0000000008009800       0x12 zephyr/drivers/serial/libdrivers__serial.a(uart_stm32.c.obj)
 .text.uart_stm32_poll_in
                0x0000000008009812       0x22 zephyr/drivers/serial/libdrivers__serial.a(uart_stm32.c.obj)
 .text.uart_stm32_poll_out
                0x0000000008009834       0x14 zephyr/drivers/serial/libdrivers__serial.a(uart_stm32.c.obj)
 .text.uart_stm32_err_check
                0x0000000008009848       0x40 zephyr/drivers/serial/libdrivers__serial.a(uart_stm32.c.obj)
 .text.uart_stm32_fifo_fill
                0x0000000008009888       0x22 zephyr/drivers/serial/libdrivers__serial.a(uart_stm32.c.obj)
 .text.uart_stm32_fifo_read
                0x00000000080098aa       0x2c zephyr/drivers/serial/libdrivers__serial.a(uart_stm32.c.obj)
 .text.uart_stm32_irq_tx_enable
                0x00000000080098d6        0xe zephyr/drivers/serial/libdrivers__serial.a(uart_stm32.c.obj)
 .text.uart_stm32_irq_tx_disable
                0x00000000080098e4        0xe zephyr/drivers/serial/libdrivers__serial.a(uart_stm32.c.obj)
 .text.uart_stm32_irq_tx_ready
                0x00000000080098f2       0x14 zephyr/drivers/serial/libdrivers__serial.a(uart_stm32.c.obj)
 .text.uart_stm32_irq_tx_complete
                0x0000000008009906        0xc zephyr/drivers/serial/libdrivers__serial.a(uart_stm32.c.obj)
 .text.uart_stm32_irq_rx_enable
                0x0000000008009912        0xe zephyr/drivers/serial/libdrivers__serial.a(uart_stm32.c.obj)
 .text.uart_stm32_irq_rx_disable
                0x0000000008009920        0xe zephyr/drivers/serial/libdrivers__serial.a(uart_stm32.c.obj)
 .text.uart_stm32_irq_rx_ready
                0x000000000800992e        0xc zephyr/drivers/serial/libdrivers__serial.a(uart_stm32.c.obj)
 .text.uart_stm32_irq_is_pending
                0x000000000800993a       0x24 zephyr/drivers/serial/libdrivers__serial.a(uart_stm32.c.obj)
 .text.uart_stm32_irq_update
                0x000000000800995e        0x4 zephyr/drivers/serial/libdrivers__serial.a(uart_stm32.c.obj)
 .text.uart_stm32_irq_callback_set
                0x0000000008009962        0x8 zephyr/drivers/serial/libdrivers__serial.a(uart_stm32.c.obj)
 .text.uart_stm32_isr
                0x000000000800996a        0xc zephyr/drivers/serial/libdrivers__serial.a(uart_stm32.c.obj)
 .text.uart_stm32_irq_config_func_0
                0x0000000008009976       0x16 zephyr/drivers/serial/libdrivers__serial.a(uart_stm32.c.obj)
 .text.uart_stm32_irq_config_func_1
                0x000000000800998c       0x16 zephyr/drivers/serial/libdrivers__serial.a(uart_stm32.c.obj)
 .text.uart_stm32_irq_config_func_2
                0x00000000080099a2       0x16 zephyr/drivers/serial/libdrivers__serial.a(uart_stm32.c.obj)
 .text.uart_stm32_config_get
                0x00000000080099b8       0x80 zephyr/drivers/serial/libdrivers__serial.a(uart_stm32.c.obj)
 .text.z_device_state_init
                0x0000000008009a38        0x2 zephyr/kernel/libkernel.a(device.c.obj)
                0x0000000008009a38                z_device_state_init
 .text.z_device_ready
                0x0000000008009a3a       0x14 zephyr/kernel/libkernel.a(device.c.obj)
                0x0000000008009a3a                z_device_ready
 .text.arch_system_halt
                0x0000000008009a4e       0x12 zephyr/kernel/libkernel.a(fatal.c.obj)
                0x0000000008009a4e                arch_system_halt
 .text.k_mem_slab_init
                0x0000000008009a60       0x38 zephyr/kernel/libkernel.a(mem_slab.c.obj)
                0x0000000008009a60                k_mem_slab_init
 .text.k_mem_slab_free
                0x0000000008009a98       0x52 zephyr/kernel/libkernel.a(mem_slab.c.obj)
                0x0000000008009a98                k_mem_slab_free
 .text.k_is_in_isr
                0x0000000008009aea        0xc zephyr/kernel/libkernel.a(thread.c.obj)
                0x0000000008009aea                k_is_in_isr
 .text.z_impl_k_thread_name_set
                0x0000000008009af6        0x6 zephyr/kernel/libkernel.a(thread.c.obj)
                0x0000000008009af6                z_impl_k_thread_name_set
 .text.k_thread_name_get
                0x0000000008009afc        0x4 zephyr/kernel/libkernel.a(thread.c.obj)
                0x0000000008009afc                k_thread_name_get
 .text.idle     0x0000000008009b00       0x18 zephyr/kernel/libkernel.a(idle.c.obj)
                0x0000000008009b00                idle
 .text.queue_insert
                0x0000000008009b18       0xc2 zephyr/kernel/libkernel.a(queue.c.obj)
 .text.z_queue_node_peek
                0x0000000008009bda       0x18 zephyr/kernel/libkernel.a(queue.c.obj)
                0x0000000008009bda                z_queue_node_peek
 .text.k_queue_append
                0x0000000008009bf2       0x16 zephyr/kernel/libkernel.a(queue.c.obj)
                0x0000000008009bf2                k_queue_append
 .text.z_impl_k_sem_init
                0x0000000008009c08       0x18 zephyr/kernel/libkernel.a(sem.c.obj)
                0x0000000008009c08                z_impl_k_sem_init
 .text.sys_dlist_remove
                0x0000000008009c20       0x10 zephyr/kernel/libkernel.a(sched.c.obj)
 .text.unpend_thread_no_timeout
                0x0000000008009c30       0x14 zephyr/kernel/libkernel.a(sched.c.obj)
 .text.z_unpend_thread_no_timeout
                0x0000000008009c44       0x20 zephyr/kernel/libkernel.a(sched.c.obj)
                0x0000000008009c44                z_unpend_thread_no_timeout
 .text.z_unpend_thread
                0x0000000008009c64       0x28 zephyr/kernel/libkernel.a(sched.c.obj)
                0x0000000008009c64                z_unpend_thread
 .text.z_reschedule_irqlock
                0x0000000008009c8c       0x18 zephyr/kernel/libkernel.a(sched.c.obj)
                0x0000000008009c8c                z_reschedule_irqlock
 .text.z_reschedule_unlocked
                0x0000000008009ca4       0x14 zephyr/kernel/libkernel.a(sched.c.obj)
 .text.z_priq_dumb_best
                0x0000000008009cb8        0xc zephyr/kernel/libkernel.a(sched.c.obj)
                0x0000000008009cb8                z_priq_dumb_best
 .text.add_to_waitq_locked
                0x0000000008009cc4       0x54 zephyr/kernel/libkernel.a(sched.c.obj)
 .text.z_ready_thread
                0x0000000008009d18       0x20 zephyr/kernel/libkernel.a(sched.c.obj)
                0x0000000008009d18                z_ready_thread
 .text.z_thread_timeout
                0x0000000008009d38       0x44 zephyr/kernel/libkernel.a(sched.c.obj)
                0x0000000008009d38                z_thread_timeout
 .text.z_unpend1_no_timeout
                0x0000000008009d7c       0x2a zephyr/kernel/libkernel.a(sched.c.obj)
                0x0000000008009d7c                z_unpend1_no_timeout
 .text.z_unpend_first_thread
                0x0000000008009da6       0x30 zephyr/kernel/libkernel.a(sched.c.obj)
                0x0000000008009da6                z_unpend_first_thread
 .text.z_unpend_all
                0x0000000008009dd6       0x20 zephyr/kernel/libkernel.a(sched.c.obj)
                0x0000000008009dd6                z_unpend_all
 .text.z_abort_timeout
                0x0000000008009df6       0x2c zephyr/kernel/libkernel.a(timeout.c.obj)
                0x0000000008009df6                z_abort_timeout
 .text.z_set_timeout_expiry
                0x0000000008009e22       0x36 zephyr/kernel/libkernel.a(timeout.c.obj)
                0x0000000008009e22                z_set_timeout_expiry
 .text.sys_clock_tick_get_32
                0x0000000008009e58        0x8 zephyr/kernel/libkernel.a(timeout.c.obj)
                0x0000000008009e58                sys_clock_tick_get_32
 .text.z_impl_k_uptime_ticks
                0x0000000008009e60        0x4 zephyr/kernel/libkernel.a(timeout.c.obj)
                0x0000000008009e60                z_impl_k_uptime_ticks
 .text.sys_clock_timeout_end_calc
                0x0000000008009e64       0x5c zephyr/kernel/libkernel.a(timeout.c.obj)
                0x0000000008009e64                sys_clock_timeout_end_calc
 .text.k_timer_init
                0x0000000008009ec0       0x18 zephyr/kernel/libkernel.a(timer.c.obj)
                0x0000000008009ec0                k_timer_init
 .text.z_impl_k_timer_stop
                0x0000000008009ed8       0x3a zephyr/kernel/libkernel.a(timer.c.obj)
                0x0000000008009ed8                z_impl_k_timer_stop
 .text.z_heap_aligned_alloc
                0x0000000008009f12       0x26 zephyr/kernel/libkernel.a(mempool.c.obj)
 .text.k_free   0x0000000008009f38        0xe zephyr/kernel/libkernel.a(mempool.c.obj)
                0x0000000008009f38                k_free
 .text.k_malloc
                0x0000000008009f46        0x8 zephyr/kernel/libkernel.a(mempool.c.obj)
                0x0000000008009f46                k_malloc
 .text.k_heap_init
                0x0000000008009f4e       0x12 zephyr/kernel/libkernel.a(kheap.c.obj)
                0x0000000008009f4e                k_heap_init
 .text.k_heap_aligned_alloc
                0x0000000008009f60       0x82 zephyr/kernel/libkernel.a(kheap.c.obj)
                0x0000000008009f60                k_heap_aligned_alloc
 .text.k_heap_free
                0x0000000008009fe2       0x3a zephyr/kernel/libkernel.a(kheap.c.obj)
                0x0000000008009fe2                k_heap_free
 .text._OffsetAbsSyms
                0x000000000800a01c        0x2 zephyr/CMakeFiles/offsets.dir/arch/arm/core/offsets/offsets.c.obj
                0x000000000800a01c                _OffsetAbsSyms
 .text.memcmp   0x000000000800a01e       0x20 /home/david/zephyr-sdk-0.12.4/arm-zephyr-eabi/arm-zephyr-eabi/lib/thumb/v7e-m+fp/hard/libc_nano.a(lib_a-memcmp.o)
                0x000000000800a01e                memcmp
 .text.memcpy   0x000000000800a03e       0x1c /home/david/zephyr-sdk-0.12.4/arm-zephyr-eabi/arm-zephyr-eabi/lib/thumb/v7e-m+fp/hard/libc_nano.a(lib_a-memcpy-stub.o)
                0x000000000800a03e                memcpy
 .text.memset   0x000000000800a05a       0x10 /home/david/zephyr-sdk-0.12.4/arm-zephyr-eabi/arm-zephyr-eabi/lib/thumb/v7e-m+fp/hard/libc_nano.a(lib_a-memset.o)
                0x000000000800a05a                memset
 .text.strncpy  0x000000000800a06a       0x26 /home/david/zephyr-sdk-0.12.4/arm-zephyr-eabi/arm-zephyr-eabi/lib/thumb/v7e-m+fp/hard/libc_nano.a(lib_a-strncpy.o)
                0x000000000800a06a                strncpy
 .text.strnlen  0x000000000800a090       0x18 /home/david/zephyr-sdk-0.12.4/arm-zephyr-eabi/arm-zephyr-eabi/lib/thumb/v7e-m+fp/hard/libc_nano.a(lib_a-strnlen.o)
                0x000000000800a090                strnlen
 *(SORT_BY_ALIGNMENT(.TEXT.*))
 *(SORT_BY_ALIGNMENT(.gnu.linkonce.t.*))
 *(SORT_BY_ALIGNMENT(.glue_7t))
 .glue_7t       0x000000000800a0a8        0x0 linker stubs
 *(SORT_BY_ALIGNMENT(.glue_7))
 .glue_7        0x000000000800a0a8        0x0 linker stubs
 *(SORT_BY_ALIGNMENT(.vfp11_veneer))
 .vfp11_veneer  0x000000000800a0a8        0x0 linker stubs
 *(SORT_BY_ALIGNMENT(.v4_bx))
 .v4_bx         0x000000000800a0a8        0x0 linker stubs
                0x000000000800a0a8                _image_text_end = .

.ARM.extab
 *(SORT_BY_ALIGNMENT(.ARM.extab*) SORT_BY_ALIGNMENT(.gnu.linkonce.armextab.*))

.ARM.exidx      0x000000000800a0a8        0x8
                0x000000000800a0a8                __exidx_start = .
 *(SORT_BY_ALIGNMENT(.ARM.exidx*) SORT_BY_ALIGNMENT(gnu.linkonce.armexidx.*))
 .ARM.exidx     0x000000000800a0a8        0x8 /home/david/zephyr-sdk-0.12.4/arm-zephyr-eabi/bin/../lib/gcc/arm-zephyr-eabi/10.2.0/thumb/v7e-m+fp/hard/libgcc.a(_udivmoddi4.o)
                0x000000000800a0b0                __exidx_end = .
                0x000000000800a0b0                _image_rodata_start = .

initlevel       0x000000000800a0b0       0xa8
                0x000000000800a0b0                __init_start = .
                0x000000000800a0b0                __init_PRE_KERNEL_1_start = .
 *(SORT_BY_NAME(SORT_BY_ALIGNMENT(.z_init_PRE_KERNEL_1[0-9]_*)))
 .z_init_PRE_KERNEL_10_
                0x000000000800a0b0        0x8 zephyr/libzephyr.a(soc.c.obj)
 .z_init_PRE_KERNEL_11_
                0x000000000800a0b8        0x8 zephyr/libzephyr.a(soc_config.c.obj)
 .z_init_PRE_KERNEL_11_
                0x000000000800a0c0        0x8 zephyr/libzephyr.a(clock_stm32_ll_common.c.obj)
 *(SORT_BY_NAME(SORT_BY_ALIGNMENT(.z_init_PRE_KERNEL_1[1-9][0-9]_*)))
 .z_init_PRE_KERNEL_130_
                0x000000000800a0c8        0x8 zephyr/kernel/libkernel.a(mem_slab.c.obj)
 .z_init_PRE_KERNEL_130_
                0x000000000800a0d0        0x8 zephyr/kernel/libkernel.a(kheap.c.obj)
 .z_init_PRE_KERNEL_150_
                0x000000000800a0d8        0x8 zephyr/libzephyr.a(intc_exti_stm32.c.obj)
 .z_init_PRE_KERNEL_150_
                0x000000000800a0e0       0x18 zephyr/drivers/serial/libdrivers__serial.a(uart_stm32.c.obj)
 .z_init_PRE_KERNEL_160_
                0x000000000800a0f8        0x8 zephyr/libzephyr.a(uart_console.c.obj)
                0x000000000800a100                __init_PRE_KERNEL_2_start = .
 *(SORT_BY_NAME(SORT_BY_ALIGNMENT(.z_init_PRE_KERNEL_2[0-9]_*)))
 .z_init_PRE_KERNEL_20_
                0x000000000800a100        0x8 zephyr/libzephyr.a(sys_clock_init.c.obj)
 *(SORT_BY_NAME(SORT_BY_ALIGNMENT(.z_init_PRE_KERNEL_2[1-9][0-9]_*)))
                0x000000000800a108                __init_POST_KERNEL_start = .
 *(SORT_BY_NAME(SORT_BY_ALIGNMENT(.z_init_POST_KERNEL[0-9]_*)))
 .z_init_POST_KERNEL0_
                0x000000000800a108        0x8 zephyr/libzephyr.a(log_core.c.obj)
 *(SORT_BY_NAME(SORT_BY_ALIGNMENT(.z_init_POST_KERNEL[1-9][0-9]_*)))
 .z_init_POST_KERNEL40_
                0x000000000800a110       0x48 zephyr/drivers/gpio/libdrivers__gpio.a(gpio_stm32.c.obj)
                0x000000000800a158                __init_APPLICATION_start = .
 *(SORT_BY_NAME(SORT_BY_ALIGNMENT(.z_init_APPLICATION[0-9]_*)))
 *(SORT_BY_NAME(SORT_BY_ALIGNMENT(.z_init_APPLICATION[1-9][0-9]_*)))
                0x000000000800a158                __init_SMP_start = .
 *(SORT_BY_NAME(SORT_BY_ALIGNMENT(.z_init_SMP[0-9]_*)))
 *(SORT_BY_NAME(SORT_BY_ALIGNMENT(.z_init_SMP[1-9][0-9]_*)))
                0x000000000800a158                __init_end = .

sw_isr_table    0x000000000800a158      0x290
                0x000000000800a158                . = ALIGN (0x0)
 *(SORT_BY_ALIGNMENT(.gnu.linkonce.sw_isr_table*))
 .gnu.linkonce.sw_isr_table
                0x000000000800a158      0x290 zephyr/arch/common/libisr_tables.a(isr_tables.c.obj)
                0x000000000800a158                _sw_isr_table

initlevel_error
                0x000000000800a0b0        0x0
 *(SORT_BY_NAME(SORT_BY_ALIGNMENT(.z_init_[_A-Z0-9]*)))
                0x0000000000000001                ASSERT ((SIZEOF (initlevel_error) == 0x0), Undefined initialization levels used.)

ctors           0x000000000800a3e8        0x8
                0x000000000800a3e8                . = ALIGN (0x4)
                0x000000000800a3e8                __CTOR_LIST__ = .
                0x000000000800a3e8        0x4 LONG 0x0 (((__CTOR_END__ - __CTOR_LIST__) / 0x4) - 0x2)
 *(SORT_BY_NAME(SORT_BY_ALIGNMENT(.ctors*)))
                0x000000000800a3ec        0x4 LONG 0x0
                0x000000000800a3f0                __CTOR_END__ = .

init_array      0x000000000800a3f0        0x0
                0x000000000800a3f0                . = ALIGN (0x4)
                0x000000000800a3f0                __init_array_start = .
 *(SORT_BY_NAME(SORT_BY_ALIGNMENT(.init_array*)))
                0x000000000800a3f0                __init_array_end = .

app_shmem_regions
                0x000000000800a3f0        0x0
                0x000000000800a3f0                __app_shmem_regions_start = .
 *(SORT_BY_NAME(SORT_BY_ALIGNMENT(.app_regions.*)))
                0x000000000800a3f0                __app_shmem_regions_end = .

bt_l2cap_fixed_chan_area
                0x000000000800a3f0        0x0
                0x000000000800a3f0                _bt_l2cap_fixed_chan_list_start = .
 *(SORT_BY_NAME(SORT_BY_ALIGNMENT(._bt_l2cap_fixed_chan.static.*)))
                0x000000000800a3f0                _bt_l2cap_fixed_chan_list_end = .

bt_gatt_service_static_area
                0x000000000800a3f0        0x0
                0x000000000800a3f0                _bt_gatt_service_static_list_start = .
 *(SORT_BY_NAME(SORT_BY_ALIGNMENT(._bt_gatt_service_static.static.*)))
                0x000000000800a3f0                _bt_gatt_service_static_list_end = .

k_p4wq_initparam_area
                0x000000000800a3f0        0x0
                0x000000000800a3f0                _k_p4wq_initparam_list_start = .
 *(SORT_BY_NAME(SORT_BY_ALIGNMENT(._k_p4wq_initparam.static.*)))
                0x000000000800a3f0                _k_p4wq_initparam_list_end = .

log_strings_sections
                0x000000000800a3f0        0x0
                0x000000000800a3f0                __log_strings_start = .
 *(SORT_BY_NAME(SORT_BY_ALIGNMENT(.log_strings*)))
                0x000000000800a3f0                __log_strings_end = .

log_const_sections
                0x000000000800a3f0       0x28
                0x000000000800a3f0                __log_const_start = .
 *(SORT_BY_NAME(SORT_BY_ALIGNMENT(.log_const_*)))
 .log_const_log
                0x000000000800a3f0        0x8 zephyr/libzephyr.a(log_core.c.obj)
                0x000000000800a3f0                log_const_log
 .log_const_mpu
                0x000000000800a3f8        0x8 zephyr/arch/arch/arm/core/aarch32/mpu/libarch__arm__core__aarch32__mpu.a(arm_core_mpu.c.obj)
                0x000000000800a3f8                log_const_mpu
 .log_const_os  0x000000000800a400        0x8 zephyr/kernel/libkernel.a(init.c.obj)
                0x000000000800a400                log_const_os
 .log_const_spi_ll_stm32
                0x000000000800a408        0x8 zephyr/drivers/spi/libdrivers__spi.a(spi_ll_stm32.c.obj)
                0x000000000800a408                log_const_spi_ll_stm32
 .log_const_uart_stm32
                0x000000000800a410        0x8 zephyr/drivers/serial/libdrivers__serial.a(uart_stm32.c.obj)
                0x000000000800a410                log_const_uart_stm32
                0x000000000800a418                __log_const_end = .

log_backends_sections
                0x000000000800a418       0x10
                0x000000000800a418                __log_backends_start = .
 *(SORT_BY_ALIGNMENT(._log_backend.*))
 ._log_backend.static.log_backend_uart
                0x000000000800a418       0x10 zephyr/libzephyr.a(log_backend_uart.c.obj)
                0x000000000800a428                __log_backends_end = .

shell_area      0x000000000800a428        0x0
                0x000000000800a428                _shell_list_start = .
 *(SORT_BY_NAME(SORT_BY_ALIGNMENT(._shell.static.*)))
                0x000000000800a428                _shell_list_end = .

shell_root_cmds_sections
                0x000000000800a428        0x0
                0x000000000800a428                __shell_root_cmds_start = .
 *(SORT_BY_NAME(SORT_BY_ALIGNMENT(.shell_root_cmd_*)))
                0x000000000800a428                __shell_root_cmds_end = .

font_entry_sections
                0x000000000800a428        0x0
                0x000000000800a428                __font_entry_start = .
 *(SORT_BY_NAME(SORT_BY_ALIGNMENT(._cfb_font.*)))
                0x000000000800a428                __font_entry_end = .

tracing_backend_area
                0x000000000800a428        0x0
                0x000000000800a428                _tracing_backend_list_start = .
 *(SORT_BY_NAME(SORT_BY_ALIGNMENT(._tracing_backend.static.*)))
                0x000000000800a428                _tracing_backend_list_end = .

zephyr_dbg_info
 *(SORT_BY_ALIGNMENT(.dbg_thread_info))

device_handles  0x000000000800a428       0xa2
                0x000000000800a428                __device_handles_start = .
 *(SORT_BY_NAME(SORT_BY_ALIGNMENT(.__device_handles_pass1*)))
 .__device_handles_pass1
                0x000000000800a428        0x8 zephyr/libzephyr.a(intc_exti_stm32.c.obj)
                0x000000000800a428                __devicehdl_DT_N_S_soc_S_interrupt_controller_40013c00
 .__device_handles_pass1
                0x000000000800a430        0xa zephyr/libzephyr.a(clock_stm32_ll_common.c.obj)
                0x000000000800a430                __devicehdl_DT_N_S_soc_S_rcc_40023800
 .__device_handles_pass1
                0x000000000800a43a        0x6 zephyr/libzephyr.a(sys_clock_init.c.obj)
                0x000000000800a43a                __devicehdl_sys_init_sys_clock_driver_init0
 .__device_handles_pass1
                0x000000000800a440       0x5a zephyr/drivers/gpio/libdrivers__gpio.a(gpio_stm32.c.obj)
                0x000000000800a440                __devicehdl_DT_N_S_soc_S_pin_controller_40020000_S_gpio_40022000
                0x000000000800a44a                __devicehdl_DT_N_S_soc_S_pin_controller_40020000_S_gpio_40021c00
                0x000000000800a454                __devicehdl_DT_N_S_soc_S_pin_controller_40020000_S_gpio_40021800
                0x000000000800a45e                __devicehdl_DT_N_S_soc_S_pin_controller_40020000_S_gpio_40021400
                0x000000000800a468                __devicehdl_DT_N_S_soc_S_pin_controller_40020000_S_gpio_40021000
                0x000000000800a472                __devicehdl_DT_N_S_soc_S_pin_controller_40020000_S_gpio_40020c00
                0x000000000800a47c                __devicehdl_DT_N_S_soc_S_pin_controller_40020000_S_gpio_40020800
                0x000000000800a486                __devicehdl_DT_N_S_soc_S_pin_controller_40020000_S_gpio_40020400
                0x000000000800a490                __devicehdl_DT_N_S_soc_S_pin_controller_40020000_S_gpio_40020000
 .__device_handles_pass1
                0x000000000800a49a       0x30 zephyr/drivers/serial/libdrivers__serial.a(uart_stm32.c.obj)
                0x000000000800a49a                __devicehdl_DT_N_S_soc_S_serial_40004800
                0x000000000800a4aa                __devicehdl_DT_N_S_soc_S_serial_40011400
                0x000000000800a4ba                __devicehdl_DT_N_S_soc_S_serial_40011000
                0x000000000800a4ca                __device_handles_end = .

rodata          0x000000000800a4d0     0x18e8
 *(SORT_BY_ALIGNMENT(.rodata))
 .rodata        0x000000000800a4d0        0x8 zephyr/drivers/gpio/libdrivers__gpio.a(gpio_stm32.c.obj)
 *(SORT_BY_ALIGNMENT(.rodata.*))
 .rodata.CSWTCH.8
                0x000000000800a4d8       0x18 /home/david/zephyr-sdk-0.12.4/arm-zephyr-eabi/arm-zephyr-eabi/lib/thumb/v7e-m+fp/hard/libm.a(lib_a-e_atan2.o)
 .rodata.CSWTCH.9
                0x000000000800a4f0       0x18 /home/david/zephyr-sdk-0.12.4/arm-zephyr-eabi/arm-zephyr-eabi/lib/thumb/v7e-m+fp/hard/libm.a(lib_a-e_atan2.o)
 .rodata.PIo2   0x000000000800a508       0x40 /home/david/zephyr-sdk-0.12.4/arm-zephyr-eabi/arm-zephyr-eabi/lib/thumb/v7e-m+fp/hard/libm.a(lib_a-k_rem_pio2.o)
 .rodata.atanhi
                0x000000000800a548       0x20 /home/david/zephyr-sdk-0.12.4/arm-zephyr-eabi/arm-zephyr-eabi/lib/thumb/v7e-m+fp/hard/libm.a(lib_a-s_atan.o)
 .rodata.atanlo
                0x000000000800a568       0x20 /home/david/zephyr-sdk-0.12.4/arm-zephyr-eabi/arm-zephyr-eabi/lib/thumb/v7e-m+fp/hard/libm.a(lib_a-s_atan.o)
 .rodata.TWO52  0x000000000800a588       0x10 /home/david/zephyr-sdk-0.12.4/arm-zephyr-eabi/arm-zephyr-eabi/lib/thumb/v7e-m+fp/hard/libm.a(lib_a-s_rint.o)
 .rodata._ZL27mavlink_sha256_constant_256
                0x000000000800a598      0x100 app/libapp.a(main.cpp.obj)
 .rodata._ZZ21mavlink_get_msg_entryE20mavlink_message_crcs
                0x000000000800a698      0xa14 app/libapp.a(main.cpp.obj)
 .rodata.colors
                0x000000000800b0ac       0x14 zephyr/libzephyr.a(log_output.c.obj)
 .rodata.severity
                0x000000000800b0c0       0x14 zephyr/libzephyr.a(log_output.c.obj)
 .rodata.log_backend_uart_api
                0x000000000800b0d4       0x1c zephyr/libzephyr.a(log_backend_uart.c.obj)
                0x000000000800b0d4                log_backend_uart_api
 .rodata.log_output_uart
                0x000000000800b0f0       0x10 zephyr/libzephyr.a(log_backend_uart.c.obj)
 .rodata.gpio_ports
                0x000000000800b100       0x2c zephyr/libzephyr.a(pinmux_stm32.c.obj)
                0x000000000800b100                gpio_ports
 .rodata.static_regions
                0x000000000800b12c        0xc zephyr/arch/arch/arm/core/aarch32/mpu/libarch__arm__core__aarch32__mpu.a(arm_core_mpu.c.obj)
 .rodata.mpu_config
                0x000000000800b138        0x8 zephyr/soc/arm/common/cortex_m/libsoc__arm__common__cortex_m.a(arm_mpu_regions.c.obj)
                0x000000000800b138                mpu_config
 .rodata.mpu_regions
                0x000000000800b140       0x18 zephyr/soc/arm/common/cortex_m/libsoc__arm__common__cortex_m.a(arm_mpu_regions.c.obj)
 .rodata.gpio_stm32_cfg_a
                0x000000000800b158       0x14 zephyr/drivers/gpio/libdrivers__gpio.a(gpio_stm32.c.obj)
 .rodata.gpio_stm32_cfg_b
                0x000000000800b16c       0x14 zephyr/drivers/gpio/libdrivers__gpio.a(gpio_stm32.c.obj)
 .rodata.gpio_stm32_cfg_c
                0x000000000800b180       0x14 zephyr/drivers/gpio/libdrivers__gpio.a(gpio_stm32.c.obj)
 .rodata.gpio_stm32_cfg_d
                0x000000000800b194       0x14 zephyr/drivers/gpio/libdrivers__gpio.a(gpio_stm32.c.obj)
 .rodata.gpio_stm32_cfg_e
                0x000000000800b1a8       0x14 zephyr/drivers/gpio/libdrivers__gpio.a(gpio_stm32.c.obj)
 .rodata.gpio_stm32_cfg_f
                0x000000000800b1bc       0x14 zephyr/drivers/gpio/libdrivers__gpio.a(gpio_stm32.c.obj)
 .rodata.gpio_stm32_cfg_g
                0x000000000800b1d0       0x14 zephyr/drivers/gpio/libdrivers__gpio.a(gpio_stm32.c.obj)
 .rodata.gpio_stm32_cfg_h
                0x000000000800b1e4       0x14 zephyr/drivers/gpio/libdrivers__gpio.a(gpio_stm32.c.obj)
 .rodata.gpio_stm32_cfg_i
                0x000000000800b1f8       0x14 zephyr/drivers/gpio/libdrivers__gpio.a(gpio_stm32.c.obj)
 .rodata.gpio_stm32_driver
                0x000000000800b20c       0x24 zephyr/drivers/gpio/libdrivers__gpio.a(gpio_stm32.c.obj)
 .rodata.uart_pins_0
                0x000000000800b230       0x10 zephyr/drivers/serial/libdrivers__serial.a(uart_stm32.c.obj)
 .rodata.uart_pins_1
                0x000000000800b240       0x10 zephyr/drivers/serial/libdrivers__serial.a(uart_stm32.c.obj)
 .rodata.uart_pins_2
                0x000000000800b250       0x10 zephyr/drivers/serial/libdrivers__serial.a(uart_stm32.c.obj)
 .rodata.uart_stm32_cfg_0
                0x000000000800b260       0x24 zephyr/drivers/serial/libdrivers__serial.a(uart_stm32.c.obj)
 .rodata.uart_stm32_cfg_1
                0x000000000800b284       0x24 zephyr/drivers/serial/libdrivers__serial.a(uart_stm32.c.obj)
 .rodata.uart_stm32_cfg_2
                0x000000000800b2a8       0x24 zephyr/drivers/serial/libdrivers__serial.a(uart_stm32.c.obj)
 .rodata.uart_stm32_driver_api
                0x000000000800b2cc       0x4c zephyr/drivers/serial/libdrivers__serial.a(uart_stm32.c.obj)
 .rodata.levels.0
                0x000000000800b318       0x14 zephyr/kernel/libkernel.a(device.c.obj)
 .rodata._k_neg_eagain
                0x000000000800b32c        0x4 zephyr/kernel/libkernel.a(errno.c.obj)
                0x000000000800b32c                _k_neg_eagain
 .rodata.CSWTCH.232
                0x000000000800b330       0x14 zephyr/kernel/libkernel.a(fatal.c.obj)
 .rodata.__ieee754_pow.str1.4
                0x000000000800b344        0x1 /home/david/zephyr-sdk-0.12.4/arm-zephyr-eabi/arm-zephyr-eabi/lib/thumb/v7e-m+fp/hard/libm.a(lib_a-e_pow.o)
 *fill*         0x000000000800b345        0x3 
 .rodata.npio2_hw
                0x000000000800b348       0x80 /home/david/zephyr-sdk-0.12.4/arm-zephyr-eabi/arm-zephyr-eabi/lib/thumb/v7e-m+fp/hard/libm.a(lib_a-e_rem_pio2.o)
 .rodata.two_over_pi
                0x000000000800b3c8      0x108 /home/david/zephyr-sdk-0.12.4/arm-zephyr-eabi/arm-zephyr-eabi/lib/thumb/v7e-m+fp/hard/libm.a(lib_a-e_rem_pio2.o)
 .rodata.init_jk
                0x000000000800b4d0       0x10 /home/david/zephyr-sdk-0.12.4/arm-zephyr-eabi/arm-zephyr-eabi/lib/thumb/v7e-m+fp/hard/libm.a(lib_a-k_rem_pio2.o)
 .rodata.CSWTCH.154
                0x000000000800b4e0        0x6 zephyr/drivers/serial/libdrivers__serial.a(uart_stm32.c.obj)
 .rodata.main.str1.1
                0x000000000800b4e6       0x31 app/libapp.a(main.cpp.obj)
 .rodata.cbvprintf.str1.1
                0x000000000800b517        0x6 zephyr/libzephyr.a(cbprintf_complete.c.obj)
 .rodata.enable_logger.str1.1
                0x000000000800b51d        0x8 zephyr/libzephyr.a(log_core.c.obj)
 .rodata.z_log_strdup.str1.1
                0x000000000800b525       0x1a zephyr/libzephyr.a(log_core.c.obj)
 .rodata.z_impl_log_process.str1.1
                0x000000000800b53f       0x3f zephyr/libzephyr.a(log_core.c.obj)
 .rodata.str1.1
                0x000000000800b57e        0x4 zephyr/libzephyr.a(log_core.c.obj)
 .rodata.hexdump_line_print.str1.1
                0x000000000800b582       0x12 zephyr/libzephyr.a(log_output.c.obj)
                                         0x16 (size before relaxing)
 .rodata.prefix_print.str1.1
                0x000000000800b594       0x3c zephyr/libzephyr.a(log_output.c.obj)
 .rodata.log_output_msg_process.str1.1
                0x000000000800b5d0        0x2 zephyr/libzephyr.a(log_output.c.obj)
 .rodata.log_output_dropped_process.str1.1
                0x000000000800b5d2        0x2 zephyr/libzephyr.a(log_output.c.obj)
                                          0x3 (size before relaxing)
 .rodata.str1.1
                0x000000000800b5d2       0x20 zephyr/libzephyr.a(log_output.c.obj)
 .rodata.postfix.0
                0x000000000800b5f2       0x1c zephyr/libzephyr.a(log_output.c.obj)
 .rodata.prefix.1
                0x000000000800b60e        0xc zephyr/libzephyr.a(log_output.c.obj)
 .rodata.log_backend_uart_init.str1.1
                0x000000000800b61a        0x7 zephyr/libzephyr.a(log_backend_uart.c.obj)
 .rodata.str1.1
                0x000000000800b621       0x11 zephyr/libzephyr.a(log_backend_uart.c.obj)
 .rodata.console_init.str1.1
                0x000000000800b632        0x7 zephyr/libzephyr.a(getchar.c.obj)
 .rodata.uart_console_init.str1.1
                0x000000000800b632        0x7 zephyr/libzephyr.a(uart_console.c.obj)
 .rodata.str1.1
                0x000000000800b632       0x1e zephyr/libzephyr.a(intc_exti_stm32.c.obj)
 .rodata.exti_irq_table
                0x000000000800b650       0x17 zephyr/libzephyr.a(intc_exti_stm32.c.obj)
                0x000000000800b650                exti_irq_table
 .rodata.str1.1
                0x000000000800b667        0xd zephyr/libzephyr.a(clock_stm32_ll_common.c.obj)
 .rodata.str1.1
                0x000000000800b674        0xa zephyr/libzephyr.a(sys_clock_init.c.obj)
 .rodata.z_arm_fatal_error.str1.1
                0x000000000800b67e       0xed zephyr/arch/arch/arm/core/aarch32/libarch__arm__core__aarch32.a(fatal.c.obj)
 .rodata.mem_manage_fault.str1.1
                0x000000000800b76b       0xd8 zephyr/arch/arch/arm/core/aarch32/cortex_m/libarch__arm__core__aarch32__cortex_m.a(fault.c.obj)
 .rodata.usage_fault.constprop.0.str1.1
                0x000000000800b843       0xcd zephyr/arch/arch/arm/core/aarch32/cortex_m/libarch__arm__core__aarch32__cortex_m.a(fault.c.obj)
 .rodata.bus_fault.constprop.0.str1.1
                0x000000000800b910       0x88 zephyr/arch/arch/arm/core/aarch32/cortex_m/libarch__arm__core__aarch32__cortex_m.a(fault.c.obj)
 .rodata.z_arm_fault.str1.1
                0x000000000800b998       0xe7 zephyr/arch/arch/arm/core/aarch32/cortex_m/libarch__arm__core__aarch32__cortex_m.a(fault.c.obj)
 .rodata.str1.1
                0x000000000800ba7f        0x4 zephyr/arch/arch/arm/core/aarch32/mpu/libarch__arm__core__aarch32__mpu.a(arm_core_mpu.c.obj)
 .rodata.mpu_configure_regions.str1.1
                0x000000000800ba83       0x49 zephyr/arch/arch/arm/core/aarch32/mpu/libarch__arm__core__aarch32__mpu.a(arm_mpu.c.obj)
 .rodata.str1.1
                0x000000000800bacc        0xf zephyr/soc/arm/common/cortex_m/libsoc__arm__common__cortex_m.a(arm_mpu_regions.c.obj)
 .rodata.str1.1
                0x000000000800badb       0x36 zephyr/drivers/gpio/libdrivers__gpio.a(gpio_stm32.c.obj)
 .rodata.str1.1
                0x000000000800bb11        0xd zephyr/drivers/spi/libdrivers__spi.a(spi_ll_stm32.c.obj)
 .rodata.uart_stm32_set_baudrate.str1.1
                0x000000000800bb1e       0x23 zephyr/drivers/serial/libdrivers__serial.a(uart_stm32.c.obj)
 .rodata.uart_stm32_init.str1.1
                0x000000000800bb41       0x32 zephyr/drivers/serial/libdrivers__serial.a(uart_stm32.c.obj)
 .rodata.str1.1
                0x000000000800bb73       0x19 zephyr/drivers/serial/libdrivers__serial.a(uart_stm32.c.obj)
                                         0x20 (size before relaxing)
 .rodata.AHBPrescTable
                0x000000000800bb8c       0x10 modules/stm32/stm32cube/lib..__modules__hal__stm32__stm32cube.a(system_stm32f4xx.c.obj)
                0x000000000800bb8c                AHBPrescTable
 .rodata.k_sys_fatal_error_handler.str1.1
                0x000000000800bb9c        0xf zephyr/kernel/libkernel.a(fatal.c.obj)
 .rodata.z_fatal_error.str1.1
                0x000000000800bbab       0x77 zephyr/kernel/libkernel.a(fatal.c.obj)
 .rodata.str1.1
                0x000000000800bc22       0x4a zephyr/kernel/libkernel.a(fatal.c.obj)
 .rodata.z_cstart.str1.1
                0x000000000800bc6c        0x5 zephyr/kernel/libkernel.a(init.c.obj)
 .rodata.str1.1
                0x000000000800bc71        0x3 zephyr/kernel/libkernel.a(init.c.obj)
 .rodata.boot_banner.str1.1
                0x000000000800bc74       0x43 zephyr/kernel/libkernel.a(banner.c.obj)
                                         0x44 (size before relaxing)
 .rodata._ctype_
                0x000000000800bcb7      0x101 /home/david/zephyr-sdk-0.12.4/arm-zephyr-eabi/arm-zephyr-eabi/lib/thumb/v7e-m+fp/hard/libc_nano.a(lib_a-ctype_.o)
                0x000000000800bcb7                _ctype_
 *(SORT_BY_ALIGNMENT(.gnu.linkonce.r.*))
                0x000000000800bdb8                . = ALIGN (0x4)

.gcc_except_table
 *(SORT_BY_ALIGNMENT(.gcc_except_table) SORT_BY_ALIGNMENT(.gcc_except_table.*))
                0x000000000800bdb8                _image_rodata_end = .
                0x000000000800bdc0                . = ALIGN (_region_min_align)
                0x0000000008010000                . = ALIGN ((0x1 << LOG2CEIL ((_image_rodata_end - _image_rom_start))))
                0x0000000008010000                _image_rom_end = .
                0x0000000020000000                . = 0x20000000
                0x0000000020000000                . = ALIGN (_region_min_align)
                0x0000000020000000                _image_ram_start = .

.ramfunc        0x0000000020000000        0x0 load address 0x000000000800bdb8
                0x0000000020000000                . = ALIGN (_region_min_align)
                0x0000000020000000                . = ALIGN ((0x1 << LOG2CEIL (_ramfunc_ram_size)))
                0x0000000020000000                _ramfunc_ram_start = .
 *(SORT_BY_ALIGNMENT(.ramfunc))
 *(SORT_BY_ALIGNMENT(.ramfunc.*))
                0x0000000020000000                . = ALIGN (_region_min_align)
                0x0000000020000000                . = ALIGN ((0x1 << LOG2CEIL (_ramfunc_ram_size)))
                0x0000000020000000                _ramfunc_ram_end = .
                0x0000000000000000                _ramfunc_ram_size = (_ramfunc_ram_end - _ramfunc_ram_start)
                0x000000000800bdb8                _ramfunc_rom_start = LOADADDR (.ramfunc)

datas           0x0000000020000000       0x61 load address 0x000000000800bdb8
                0x0000000020000000                __data_ram_start = .
 *(SORT_BY_ALIGNMENT(.data))
 *(SORT_BY_ALIGNMENT(.data.*))
 .data._char_out
                0x0000000020000000        0x4 zephyr/libzephyr.a(printk.c.obj)
                0x0000000020000000                _char_out
 .data.timestamp_func
                0x0000000020000004        0x4 zephyr/libzephyr.a(log_core.c.obj)
 .data.debug_hook_out
                0x0000000020000008        0x4 zephyr/libzephyr.a(uart_console.c.obj)
 .data.stm32_clock_control_api
                0x000000002000000c       0x14 zephyr/libzephyr.a(clock_stm32_ll_common.c.obj)
 .data._stdout_hook
                0x0000000020000020        0x4 zephyr/lib/libc/newlib/liblib__libc__newlib.a(libc-hooks.c.obj)
 .data.uart_stm32_data_0
                0x0000000020000024       0x10 zephyr/drivers/serial/libdrivers__serial.a(uart_stm32.c.obj)
 .data.uart_stm32_data_1
                0x0000000020000034       0x10 zephyr/drivers/serial/libdrivers__serial.a(uart_stm32.c.obj)
 .data.uart_stm32_data_2
                0x0000000020000044       0x10 zephyr/drivers/serial/libdrivers__serial.a(uart_stm32.c.obj)
 .data.SystemCoreClock
                0x0000000020000054        0x4 modules/stm32/stm32cube/lib..__modules__hal__stm32__stm32cube.a(system_stm32f4xx.c.obj)
                0x0000000020000054                SystemCoreClock
 .data.timeout_list
                0x0000000020000058        0x8 zephyr/kernel/libkernel.a(timeout.c.obj)
 .data.__fdlib_version
                0x0000000020000060        0x1 /home/david/zephyr-sdk-0.12.4/arm-zephyr-eabi/arm-zephyr-eabi/lib/thumb/v7e-m+fp/hard/libm.a(lib_a-s_lib_ver.o)
                0x0000000020000060                __fdlib_version
 *(SORT_BY_ALIGNMENT(.kernel.*))
                0x000000000800bdb8                __data_rom_start = LOADADDR (datas)

devices         0x0000000020000064      0x168 load address 0x000000000800be1c
                0x0000000020000064                __device_start = .
                0x0000000020000064                __device_PRE_KERNEL_1_start = .
 *(SORT_BY_NAME(SORT_BY_ALIGNMENT(.z_device_PRE_KERNEL_1[0-9]_*)))
 .z_device_PRE_KERNEL_11_
                0x0000000020000064       0x18 zephyr/libzephyr.a(clock_stm32_ll_common.c.obj)
                0x0000000020000064                __device_dts_ord_16
 *(SORT_BY_NAME(SORT_BY_ALIGNMENT(.z_device_PRE_KERNEL_1[1-9][0-9]_*)))
 .z_device_PRE_KERNEL_150_
                0x000000002000007c       0x18 zephyr/libzephyr.a(intc_exti_stm32.c.obj)
                0x000000002000007c                __device_dts_ord_45
 .z_device_PRE_KERNEL_150_
                0x0000000020000094       0x48 zephyr/drivers/serial/libdrivers__serial.a(uart_stm32.c.obj)
                0x0000000020000094                __device_dts_ord_52
                0x00000000200000ac                __device_dts_ord_60
                0x00000000200000c4                __device_dts_ord_57
                0x00000000200000dc                __device_PRE_KERNEL_2_start = .
 *(SORT_BY_NAME(SORT_BY_ALIGNMENT(.z_device_PRE_KERNEL_2[0-9]_*)))
 .z_device_PRE_KERNEL_20_
                0x00000000200000dc       0x18 zephyr/libzephyr.a(sys_clock_init.c.obj)
 *(SORT_BY_NAME(SORT_BY_ALIGNMENT(.z_device_PRE_KERNEL_2[1-9][0-9]_*)))
                0x00000000200000f4                __device_POST_KERNEL_start = .
 *(SORT_BY_NAME(SORT_BY_ALIGNMENT(.z_device_POST_KERNEL[0-9]_*)))
 *(SORT_BY_NAME(SORT_BY_ALIGNMENT(.z_device_POST_KERNEL[1-9][0-9]_*)))
 .z_device_POST_KERNEL40_
                0x00000000200000f4       0xd8 zephyr/drivers/gpio/libdrivers__gpio.a(gpio_stm32.c.obj)
                0x00000000200000f4                __device_dts_ord_159
                0x000000002000010c                __device_dts_ord_158
                0x0000000020000124                __device_dts_ord_157
                0x000000002000013c                __device_dts_ord_156
                0x0000000020000154                __device_dts_ord_155
                0x000000002000016c                __device_dts_ord_154
                0x0000000020000184                __device_dts_ord_20
                0x000000002000019c                __device_dts_ord_63
                0x00000000200001b4                __device_dts_ord_17
                0x00000000200001cc                __device_APPLICATION_start = .
 *(SORT_BY_NAME(SORT_BY_ALIGNMENT(.z_device_APPLICATION[0-9]_*)))
 *(SORT_BY_NAME(SORT_BY_ALIGNMENT(.z_device_APPLICATION[1-9][0-9]_*)))
                0x00000000200001cc                __device_SMP_start = .
 *(SORT_BY_NAME(SORT_BY_ALIGNMENT(.z_device_SMP[0-9]_*)))
 *(SORT_BY_NAME(SORT_BY_ALIGNMENT(.z_device_SMP[1-9][0-9]_*)))
                0x00000000200001cc                __device_end = .

initshell       0x00000000200001cc        0x0 load address 0x000000000800bf84
                0x00000000200001cc                __shell_module_start = .
 *(SORT_BY_ALIGNMENT(.shell_module_*))
                0x00000000200001cc                __shell_module_end = .
                0x00000000200001cc                __shell_cmd_start = .
 *(SORT_BY_ALIGNMENT(.shell_cmd_*))
                0x00000000200001cc                __shell_cmd_end = .

log_dynamic_sections
                0x00000000200001cc        0x0 load address 0x000000000800bf84
                0x00000000200001cc                __log_dynamic_start = .
 *(SORT_BY_NAME(SORT_BY_ALIGNMENT(.log_dynamic_*)))
                0x00000000200001cc                __log_dynamic_end = .

_static_thread_data_area
                0x00000000200001cc        0x0 load address 0x000000000800bf84
                0x00000000200001cc                __static_thread_data_list_start = .
 *(SORT_BY_NAME(SORT_BY_ALIGNMENT(.__static_thread_data.static.*)))
                0x00000000200001cc                __static_thread_data_list_end = .
