Archive member included to satisfy reference by file (symbol)

app/libapp.a(main.cpp.obj)    (--whole-archive)
zephyr/libzephyr.a(cbprintf.c.obj)
                              (--whole-archive)
zephyr/libzephyr.a(cbprintf_packaged.c.obj)
                              (--whole-archive)
zephyr/libzephyr.a(crc32c_sw.c.obj)
                              (--whole-archive)
zephyr/libzephyr.a(crc32_sw.c.obj)
                              (--whole-archive)
zephyr/libzephyr.a(crc16_sw.c.obj)
                              (--whole-archive)
zephyr/libzephyr.a(crc8_sw.c.obj)
                              (--whole-archive)
zephyr/libzephyr.a(crc7_sw.c.obj)
                              (--whole-archive)
zephyr/libzephyr.a(dec.c.obj)
                              (--whole-archive)
zephyr/libzephyr.a(fdtable.c.obj)
                              (--whole-archive)
zephyr/libzephyr.a(hex.c.obj)
                              (--whole-archive)
zephyr/libzephyr.a(notify.c.obj)
                              (--whole-archive)
zephyr/libzephyr.a(printk.c.obj)
                              (--whole-archive)
zephyr/libzephyr.a(onoff.c.obj)
                              (--whole-archive)
zephyr/libzephyr.a(rb.c.obj)  (--whole-archive)
zephyr/libzephyr.a(sem.c.obj)
                              (--whole-archive)
zephyr/libzephyr.a(thread_entry.c.obj)
                              (--whole-archive)
zephyr/libzephyr.a(timeutil.c.obj)
                              (--whole-archive)
zephyr/libzephyr.a(heap.c.obj)
                              (--whole-archive)
zephyr/libzephyr.a(heap-validate.c.obj)
                              (--whole-archive)
zephyr/libzephyr.a(bitarray.c.obj)
                              (--whole-archive)
zephyr/libzephyr.a(cbprintf_complete.c.obj)
                              (--whole-archive)
zephyr/libzephyr.a(configs.c.obj)
                              (--whole-archive)
zephyr/libzephyr.a(soc.c.obj)
                              (--whole-archive)
zephyr/libzephyr.a(stm32cube_hal.c.obj)
                              (--whole-archive)
zephyr/libzephyr.a(soc_config.c.obj)
                              (--whole-archive)
zephyr/libzephyr.a(tty.c.obj)
                              (--whole-archive)
zephyr/libzephyr.a(getchar.c.obj)
                              (--whole-archive)
zephyr/libzephyr.a(cpp_init_array.c.obj)
                              (--whole-archive)
zephyr/libzephyr.a(cpp_ctors.c.obj)
                              (--whole-archive)
zephyr/libzephyr.a(cpp_dtors.c.obj)
                              (--whole-archive)
zephyr/libzephyr.a(cpp_virtual.c.obj)
                              (--whole-archive)
zephyr/libzephyr.a(cpp_vtable.cpp.obj)
                              (--whole-archive)
zephyr/libzephyr.a(cpp_new.cpp.obj)
                              (--whole-archive)
zephyr/libzephyr.a(tracing_none.c.obj)
                              (--whole-archive)
zephyr/libzephyr.a(uart_console.c.obj)
                              (--whole-archive)
zephyr/libzephyr.a(intc_exti_stm32.c.obj)
                              (--whole-archive)
zephyr/libzephyr.a(clock_stm32_ll_common.c.obj)
                              (--whole-archive)
zephyr/libzephyr.a(clock_stm32f2_f4_f7.c.obj)
                              (--whole-archive)
zephyr/libzephyr.a(pinmux_stm32.c.obj)
                              (--whole-archive)
zephyr/libzephyr.a(sys_clock_init.c.obj)
                              (--whole-archive)
zephyr/libzephyr.a(cortex_m_systick.c.obj)
                              (--whole-archive)
zephyr/arch/common/libarch__common.a(sw_isr_common.c.obj)
                              (--whole-archive)
zephyr/arch/arch/arm/core/aarch32/libarch__arm__core__aarch32.a(swap.c.obj)
                              (--whole-archive)
zephyr/arch/arch/arm/core/aarch32/libarch__arm__core__aarch32.a(swap_helper.S.obj)
                              (--whole-archive)
zephyr/arch/arch/arm/core/aarch32/libarch__arm__core__aarch32.a(irq_manage.c.obj)
                              (--whole-archive)
zephyr/arch/arch/arm/core/aarch32/libarch__arm__core__aarch32.a(thread.c.obj)
                              (--whole-archive)
zephyr/arch/arch/arm/core/aarch32/libarch__arm__core__aarch32.a(cpu_idle.S.obj)
                              (--whole-archive)
zephyr/arch/arch/arm/core/aarch32/libarch__arm__core__aarch32.a(fatal.c.obj)
                              (--whole-archive)
zephyr/arch/arch/arm/core/aarch32/libarch__arm__core__aarch32.a(nmi.c.obj)
                              (--whole-archive)
zephyr/arch/arch/arm/core/aarch32/libarch__arm__core__aarch32.a(nmi_on_reset.S.obj)
                              (--whole-archive)
zephyr/arch/arch/arm/core/aarch32/libarch__arm__core__aarch32.a(prep_c.c.obj)
                              (--whole-archive)
zephyr/arch/arch/arm/core/aarch32/libarch__arm__core__aarch32.a(isr_wrapper.S.obj)
                              (--whole-archive)
[...]
Memory Configuration

Name             Origin             Length             Attributes
FLASH            0x0000000008000000 0x0000000000080000 xr
SRAM             0x0000000020000000 0x0000000000020000 xw
BACKUP_SRAM      0x0000000040024000 0x0000000000001000 rw
IDT_LIST         0x0000000020020000 0x0000000000000800 xw
*default*        0x0000000000000000 0xffffffffffffffff

Linker script and memory map

LOAD zephyr/CMakeFiles/zephyr_prebuilt.dir/misc/empty_file.c.obj
                0x0000000000000020                _region_min_align = 0x20

.rel.plt        0x0000000008000000        0x0
 *(SORT_BY_ALIGNMENT(.rel.plt))
                [!provide]                        PROVIDE (__rel_iplt_start = .)
 *(SORT_BY_ALIGNMENT(.rel.iplt))
 .rel.iplt      0x0000000008000000        0x0 app/libapp.a(main.cpp.obj)
                [!provide]                        PROVIDE (__rel_iplt_end = .)

.rela.plt       0x0000000000000000        0x0
 *(SORT_BY_ALIGNMENT(.rela.plt))
                [!provide]                        PROVIDE (__rela_iplt_start = .)
 *(SORT_BY_ALIGNMENT(.rela.iplt))
                [!provide]                        PROVIDE (__rela_iplt_end = .)

.rel.dyn
 *(SORT_BY_ALIGNMENT(.rel.*))

.rela.dyn
 *(SORT_BY_ALIGNMENT(.rela.*))

/DISCARD/
 *(SORT_BY_ALIGNMENT(.plt))
 *(SORT_BY_ALIGNMENT(.iplt))
 *(SORT_BY_ALIGNMENT(.got.plt))
 *(SORT_BY_ALIGNMENT(.igot.plt))
 *(SORT_BY_ALIGNMENT(.got))
 *(SORT_BY_ALIGNMENT(.igot))
 *(SORT_BY_ALIGNMENT(.note.GNU-stack))
                0x0000000008000000                _image_rom_start = 0x8000000

rom_start       0x0000000008000000      0x1c4
                0x0000000000000000                . = 0x0
                0x0000000000000000                . = ALIGN (0x4)
                0x0000000000000000                . = ALIGN (0x80)
                0x0000000000000000                . = ALIGN (0x200)
                0x0000000008000000                _vector_start = .
 *(SORT_BY_ALIGNMENT(.exc_vector_table))
 *(SORT_BY_ALIGNMENT(.exc_vector_table.*))
 .exc_vector_table._vector_table_section
                0x0000000008000000       0x40 zephyr/arch/arch/arm/core/aarch32/cortex_m/libarch__arm__core__aarch32__cortex_m.a(vector_table.S.obj)
                0x0000000008000000                _vector_table
 *(SORT_BY_ALIGNMENT(.gnu.linkonce.irq_vector_table*))
 .gnu.linkonce.irq_vector_table
                0x0000000008000040      0x184 zephyr/arch/common/libisr_tables.a(isr_tables.c.obj)
                0x0000000008000040                _irq_vector_table
 *(SORT_BY_ALIGNMENT(.vectors))
                0x00000000080001c4                _vector_end = .

text            0x00000000080001c4     0x440c
                0x00000000080001c4                _image_text_start = .
 *(SORT_BY_ALIGNMENT(.text))
 .text          0x00000000080001c4       0x30 /home/david/zephyr-sdk-0.12.4/arm-zephyr-eabi/bin/../lib/gcc/arm-zephyr-eabi/10.2.0/thumb/v7e-m/nofp/libgcc.a(_aeabi_uldivmod.o)
                0x00000000080001c4                __aeabi_uldivmod
 .text          0x00000000080001f4      0x2d8 /home/david/zephyr-sdk-0.12.4/arm-zephyr-eabi/bin/../lib/gcc/arm-zephyr-eabi/10.2.0/thumb/v7e-m/nofp/libgcc.a(_udivmoddi4.o)
                0x00000000080001f4                __udivmoddi4
 .text          0x00000000080004cc        0x4 /home/david/zephyr-sdk-0.12.4/arm-zephyr-eabi/bin/../lib/gcc/arm-zephyr-eabi/10.2.0/thumb/v7e-m/nofp/libgcc.a(_dvmd_tls.o)
                0x00000000080004cc                __aeabi_ldiv0
                0x00000000080004cc                __aeabi_idiv0
 *(SORT_BY_ALIGNMENT(.text.*))
 .text._Z17coop_thread_entryv
                0x00000000080004d0       0x54 app/libapp.a(main.cpp.obj)
                0x00000000080004d0                coop_thread_entry()
 .text._ZN13cpp_semaphoreC2Ev
                0x0000000008000524       0x28 app/libapp.a(main.cpp.obj)
                0x0000000008000524                cpp_semaphore::cpp_semaphore()
                0x0000000008000524                cpp_semaphore::cpp_semaphore()
 .text.main     0x000000000800054c      0x188 app/libapp.a(main.cpp.obj)
                0x000000000800054c                main
 .text._GLOBAL__sub_I_coop_thread
                0x00000000080006d4       0x40 app/libapp.a(main.cpp.obj)
 .text.char_out
                0x0000000008000714       0x10 zephyr/libzephyr.a(printk.c.obj)
 .text.__printk_hook_install
                0x0000000008000724        0xc zephyr/libzephyr.a(printk.c.obj)
                0x0000000008000724                __printk_hook_install
 .text.vprintk  0x0000000008000730       0x1c zephyr/libzephyr.a(printk.c.obj)
                0x0000000008000730                vprintk
 .text.cbvprintf
                0x000000000800074c      0x780 zephyr/libzephyr.a(cbprintf_complete.c.obj)
                0x000000000800074c                cbvprintf
 .text.st_stm32f4_init
                0x0000000008000ecc       0x2c zephyr/libzephyr.a(soc.c.obj)
 .text.tty_init
                0x0000000008000ef8       0x40 zephyr/libzephyr.a(tty.c.obj)
                0x0000000008000ef8                tty_init
 .text.console_init
                0x0000000008000f38       0x4c zephyr/libzephyr.a(getchar.c.obj)
                0x0000000008000f38                console_init
 .text.__do_init_array_aux
                0x0000000008000f84       0x1c zephyr/libzephyr.a(cpp_init_array.c.obj)
                0x0000000008000f84                __do_init_array_aux
 .text.__do_global_ctors_aux
                0x0000000008000fa0       0x1c zephyr/libzephyr.a(cpp_ctors.c.obj)
                0x0000000008000fa0                __do_global_ctors_aux
 .text.console_out
                0x0000000008000fbc       0x34 zephyr/libzephyr.a(uart_console.c.obj)
 .text.uart_console_init
                0x0000000008000ff0       0x2c zephyr/libzephyr.a(uart_console.c.obj)
 .text.__stm32_exti_isr.isra.0
                0x000000000800101c       0x40 zephyr/libzephyr.a(intc_exti_stm32.c.obj)
 .text.stm32_exti_enable
                0x000000000800105c       0x1c zephyr/libzephyr.a(intc_exti_stm32.c.obj)
                0x000000000800105c                stm32_exti_enable
 .text.stm32_exti_disable
                0x0000000008001078       0x1c zephyr/libzephyr.a(intc_exti_stm32.c.obj)
                0x0000000008001078                stm32_exti_disable
 .text.stm32_exti_trigger
                0x0000000008001094       0x68 zephyr/libzephyr.a(intc_exti_stm32.c.obj)
                0x0000000008001094                stm32_exti_trigger
 .text.stm32_exti_set_callback
                0x00000000080010fc       0x24 zephyr/libzephyr.a(intc_exti_stm32.c.obj)
                0x00000000080010fc                stm32_exti_set_callback
 .text.stm32_exti_unset_callback
                0x0000000008001120       0x14 zephyr/libzephyr.a(intc_exti_stm32.c.obj)
                0x0000000008001120                stm32_exti_unset_callback
 .text.stm32_clock_control_on
                0x0000000008001134       0x88 zephyr/libzephyr.a(clock_stm32_ll_common.c.obj)
 .text.stm32_clock_control_get_subsys_rate
                0x00000000080011bc       0x28 zephyr/libzephyr.a(clock_stm32_ll_common.c.obj)
 .text.stm32_clock_control_init
                0x00000000080011e4       0x84 zephyr/libzephyr.a(clock_stm32_ll_common.c.obj)
                0x00000000080011e4                stm32_clock_control_init
 .text.stm32_clock_control_off
                0x0000000008001268       0x70 zephyr/libzephyr.a(clock_stm32_ll_common.c.obj)
 .text.config_enable_default_clocks
                0x00000000080012d8       0x20 zephyr/libzephyr.a(clock_stm32f2_f4_f7.c.obj)
                0x00000000080012d8                config_enable_default_clocks
 .text.stm32_dt_pinctrl_configure
                0x00000000080012f8       0x70 zephyr/libzephyr.a(pinmux_stm32.c.obj)
                0x00000000080012f8                stm32_dt_pinctrl_configure
 .text.elapsed  0x0000000008001368       0x3c zephyr/libzephyr.a(cortex_m_systick.c.obj)
 .text.sys_clock_isr
                0x00000000080013a4       0x44 zephyr/libzephyr.a(cortex_m_systick.c.obj)
                0x00000000080013a4                sys_clock_isr
 .text.sys_clock_driver_init
                0x00000000080013e8       0x34 zephyr/libzephyr.a(cortex_m_systick.c.obj)
                0x00000000080013e8                sys_clock_driver_init
 .text.sys_clock_set_timeout
                0x000000000800141c       0xe0 zephyr/libzephyr.a(cortex_m_systick.c.obj)
                0x000000000800141c                sys_clock_set_timeout
 .text.sys_clock_elapsed
                0x00000000080014fc       0x3c zephyr/libzephyr.a(cortex_m_systick.c.obj)
                0x00000000080014fc                sys_clock_elapsed
 .text.sys_clock_cycle_get_32
                0x0000000008001538       0x2c zephyr/libzephyr.a(cortex_m_systick.c.obj)
                0x0000000008001538                sys_clock_cycle_get_32
 .text.arch_swap
                0x0000000008001564       0x34 zephyr/arch/arch/arm/core/aarch32/libarch__arm__core__aarch32.a(swap.c.obj)
                0x0000000008001564                arch_swap
 .text.z_arm_pendsv
                0x0000000008001598       0x54 zephyr/arch/arch/arm/core/aarch32/libarch__arm__core__aarch32.a(swap_helper.S.obj)
                0x0000000008001598                z_arm_pendsv
 .text.z_arm_svc
                0x00000000080015ec       0x20 zephyr/arch/arch/arm/core/aarch32/libarch__arm__core__aarch32.a(swap_helper.S.obj)
                0x00000000080015ec                z_arm_svc
 .text.arch_irq_enable
                0x000000000800160c       0x20 zephyr/arch/arch/arm/core/aarch32/libarch__arm__core__aarch32.a(irq_manage.c.obj)
                0x000000000800160c                arch_irq_enable
 .text.z_arm_irq_priority_set
                0x000000000800162c       0x30 zephyr/arch/arch/arm/core/aarch32/libarch__arm__core__aarch32.a(irq_manage.c.obj)
                0x000000000800162c                z_arm_irq_priority_set
 .text.arch_new_thread
                0x000000000800165c       0x38 zephyr/arch/arch/arm/core/aarch32/libarch__arm__core__aarch32.a(thread.c.obj)
                0x000000000800165c                arch_new_thread
 .text.z_check_thread_stack_fail
                0x0000000008001694       0x2c zephyr/arch/arch/arm/core/aarch32/libarch__arm__core__aarch32.a(thread.c.obj)
                0x0000000008001694                z_check_thread_stack_fail
 .text.arch_switch_to_main_thread
                0x00000000080016c0       0x2c zephyr/arch/arch/arm/core/aarch32/libarch__arm__core__aarch32.a(thread.c.obj)
                0x00000000080016c0                arch_switch_to_main_thread
 .text.z_arm_cpu_idle_init
                0x00000000080016ec        0xc zephyr/arch/arch/arm/core/aarch32/libarch__arm__core__aarch32.a(cpu_idle.S.obj)
                0x00000000080016ec                z_arm_cpu_idle_init
 .text.arch_cpu_idle
                0x00000000080016f8       0x1c zephyr/arch/arch/arm/core/aarch32/libarch__arm__core__aarch32.a(cpu_idle.S.obj)
                0x00000000080016f8                arch_cpu_idle
 .text.z_SysNmiOnReset
                0x0000000008001714        0x8 zephyr/arch/arch/arm/core/aarch32/libarch__arm__core__aarch32.a(nmi_on_reset.S.obj)
                0x0000000008001714                z_SysNmiOnReset
 .text.z_arm_prep_c
                0x000000000800171c       0x44 zephyr/arch/arch/arm/core/aarch32/libarch__arm__core__aarch32.a(prep_c.c.obj)
                0x000000000800171c                z_arm_prep_c
 .text._isr_wrapper
                0x0000000008001760       0x28 zephyr/arch/arch/arm/core/aarch32/libarch__arm__core__aarch32.a(isr_wrapper.S.obj)
                0x0000000008001760                _isr_wrapper
 .text._reset_section
                0x0000000008001788       0x2c zephyr/arch/arch/arm/core/aarch32/cortex_m/libarch__arm__core__aarch32__cortex_m.a(reset.S.obj)
                0x0000000008001788                z_arm_reset
                0x0000000008001788                __start
 .text.__fault  0x00000000080017b4       0x14 zephyr/arch/arch/arm/core/aarch32/cortex_m/libarch__arm__core__aarch32__cortex_m.a(fault_s.S.obj)
                0x00000000080017b4                z_arm_bus_fault
                0x00000000080017b4                z_arm_usage_fault
                0x00000000080017b4                z_arm_mpu_fault
                0x00000000080017b4                z_arm_exc_spurious
                0x00000000080017b4                z_arm_debug_monitor
                0x00000000080017b4                z_arm_hard_fault
 .text.mem_manage_fault
                0x00000000080017c8       0x6c zephyr/arch/arch/arm/core/aarch32/cortex_m/libarch__arm__core__aarch32__cortex_m.a(fault.c.obj)
 .text.bus_fault.constprop.0
                0x0000000008001834       0x3c zephyr/arch/arch/arm/core/aarch32/cortex_m/libarch__arm__core__aarch32__cortex_m.a(fault.c.obj)
 .text.z_arm_fault
                0x0000000008001870      0x10c zephyr/arch/arch/arm/core/aarch32/cortex_m/libarch__arm__core__aarch32__cortex_m.a(fault.c.obj)
                0x0000000008001870                z_arm_fault
 .text.z_arm_fault_init
                0x000000000800197c       0x10 zephyr/arch/arch/arm/core/aarch32/cortex_m/libarch__arm__core__aarch32__cortex_m.a(fault.c.obj)
                0x000000000800197c                z_arm_fault_init
 .text._HandlerModeExit
                0x000000000800198c       0x1c zephyr/arch/arch/arm/core/aarch32/cortex_m/libarch__arm__core__aarch32__cortex_m.a(exc_exit.S.obj)
                0x000000000800198c                z_arm_exc_exit
                0x000000000800198c                z_arm_int_exit
 .text.z_arm_interrupt_init
                0x00000000080019a8       0x18 zephyr/arch/arch/arm/core/aarch32/cortex_m/libarch__arm__core__aarch32__cortex_m.a(irq_init.c.obj)
                0x00000000080019a8                z_arm_interrupt_init
 .text.z_impl_k_thread_abort
                0x00000000080019c0       0x24 zephyr/arch/arch/arm/core/aarch32/cortex_m/libarch__arm__core__aarch32__cortex_m.a(thread_abort.c.obj)
                0x00000000080019c0                z_impl_k_thread_abort
 .text.z_arm_configure_static_mpu_regions
                0x00000000080019e4       0x18 zephyr/arch/arch/arm/core/aarch32/mpu/libarch__arm__core__aarch32__mpu.a(arm_core_mpu.c.obj)
                0x00000000080019e4                z_arm_configure_static_mpu_regions
 .text.z_arm_configure_dynamic_mpu_regions
                0x00000000080019fc       0x20 zephyr/arch/arch/arm/core/aarch32/mpu/libarch__arm__core__aarch32__mpu.a(arm_core_mpu.c.obj)
                0x00000000080019fc                z_arm_configure_dynamic_mpu_regions
 .text.mpu_configure_regions
                0x0000000008001a1c       0x84 zephyr/arch/arch/arm/core/aarch32/mpu/libarch__arm__core__aarch32__mpu.a(arm_mpu.c.obj)
 .text.arm_core_mpu_enable
                0x0000000008001aa0       0x18 zephyr/arch/arch/arm/core/aarch32/mpu/libarch__arm__core__aarch32__mpu.a(arm_mpu.c.obj)
                0x0000000008001aa0                arm_core_mpu_enable
 .text.arm_core_mpu_disable
                0x0000000008001ab8       0x14 zephyr/arch/arch/arm/core/aarch32/mpu/libarch__arm__core__aarch32__mpu.a(arm_mpu.c.obj)
                0x0000000008001ab8                arm_core_mpu_disable
 .text.arm_core_mpu_configure_static_mpu_regions
                0x0000000008001acc       0x14 zephyr/arch/arch/arm/core/aarch32/mpu/libarch__arm__core__aarch32__mpu.a(arm_mpu.c.obj)
                0x0000000008001acc                arm_core_mpu_configure_static_mpu_regions
 .text.arm_core_mpu_configure_dynamic_mpu_regions
                0x0000000008001ae0       0x30 zephyr/arch/arch/arm/core/aarch32/mpu/libarch__arm__core__aarch32__mpu.a(arm_mpu.c.obj)
                0x0000000008001ae0                arm_core_mpu_configure_dynamic_mpu_regions
 .text.z_arm_mpu_init
                0x0000000008001b10       0x60 zephyr/arch/arch/arm/core/aarch32/mpu/libarch__arm__core__aarch32__mpu.a(arm_mpu.c.obj)
                0x0000000008001b10                z_arm_mpu_init
 .text.malloc_prepare
                0x0000000008001b70       0x20 zephyr/lib/libc/minimal/liblib__libc__minimal.a(malloc.c.obj)
 .text.free     0x0000000008001b90       0x30 zephyr/lib/libc/minimal/liblib__libc__minimal.a(malloc.c.obj)
                0x0000000008001b90                free
 .text.__stdout_hook_install
                0x0000000008001bc0        0xc zephyr/lib/libc/minimal/liblib__libc__minimal.a(stdout_console.c.obj)
                0x0000000008001bc0                __stdout_hook_install
 .text.clock_control_on.constprop.0
                0x0000000008001bcc       0x28 zephyr/drivers/gpio/libdrivers__gpio.a(gpio_stm32.c.obj)
 .text.gpio_stm32_pin_interrupt_configure
                0x0000000008001bf4      0x100 zephyr/drivers/gpio/libdrivers__gpio.a(gpio_stm32.c.obj)
 .text.gpio_stm32_clock_request
                0x0000000008001cf4       0x34 zephyr/drivers/gpio/libdrivers__gpio.a(gpio_stm32.c.obj)
                0x0000000008001cf4                gpio_stm32_clock_request
 .text.spi_stm32_init
                0x0000000008001d28       0x44 zephyr/drivers/spi/libdrivers__spi.a(spi_ll_stm32.c.obj)
 .text.spi_stm32_transceive
                0x0000000008001d6c      0x4a4 zephyr/drivers/spi/libdrivers__spi.a(spi_ll_stm32.c.obj)
 .text.uart_stm32_irq_err_enable
                0x0000000008002210       0x50 zephyr/drivers/serial/libdrivers__serial.a(uart_stm32.c.obj)
 .text.uart_stm32_irq_err_disable
                0x0000000008002260       0x50 zephyr/drivers/serial/libdrivers__serial.a(uart_stm32.c.obj)
 .text.uart_stm32_init
                0x00000000080022b0       0xc0 zephyr/drivers/serial/libdrivers__serial.a(uart_stm32.c.obj)
 .text.uart_stm32_configure
                0x0000000008002370      0x140 zephyr/drivers/serial/libdrivers__serial.a(uart_stm32.c.obj)
 .text.LL_RCC_PLL_ConfigDomain_SYS
                0x00000000080024b0       0x34 modules/stm32/stm32cube/lib..__modules__hal__stm32__stm32cube.a(stm32f4xx_ll_utils.c.obj)
 .text.UTILS_PLL_IsBusy
                0x00000000080024e4       0x28 modules/stm32/stm32cube/lib..__modules__hal__stm32__stm32cube.a(stm32f4xx_ll_utils.c.obj)
 .text.LL_SetFlashLatency
                0x000000000800250c      0x12c modules/stm32/stm32cube/lib..__modules__hal__stm32__stm32cube.a(stm32f4xx_ll_utils.c.obj)
                0x000000000800250c                LL_SetFlashLatency
 .text.UTILS_EnablePLLAndSwitchSystem
                0x0000000008002638       0x94 modules/stm32/stm32cube/lib..__modules__hal__stm32__stm32cube.a(stm32f4xx_ll_utils.c.obj)
 .text.LL_PLL_ConfigSystemClock_HSE
                0x00000000080026cc       0x74 modules/stm32/stm32cube/lib..__modules__hal__stm32__stm32cube.a(stm32f4xx_ll_utils.c.obj)
                0x00000000080026cc                LL_PLL_ConfigSystemClock_HSE
 .text.z_sys_init_run_level
                0x0000000008002740       0x40 zephyr/kernel/libkernel.a(device.c.obj)
                0x0000000008002740                z_sys_init_run_level
 .text.z_impl_device_get_binding
                0x0000000008002780       0x54 zephyr/kernel/libkernel.a(device.c.obj)
                0x0000000008002780                z_impl_device_get_binding
 .text.z_bss_zero
                0x00000000080027d4       0x14 zephyr/kernel/libkernel.a(init.c.obj)
                0x00000000080027d4                z_bss_zero
 .text.bg_thread_main
                0x00000000080027e8       0x3c zephyr/kernel/libkernel.a(init.c.obj)
 .text.z_cstart
                0x0000000008002824      0x110 zephyr/kernel/libkernel.a(init.c.obj)
                0x0000000008002824                z_cstart
 .text.z_setup_new_thread
                0x0000000008002934       0x64 zephyr/kernel/libkernel.a(thread.c.obj)
                0x0000000008002934                z_setup_new_thread
 .text.z_impl_k_thread_create
                0x0000000008002998       0x58 zephyr/kernel/libkernel.a(thread.c.obj)
                0x0000000008002998                z_impl_k_thread_create
 .text.z_init_static_threads
                0x00000000080029f0       0x98 zephyr/kernel/libkernel.a(thread.c.obj)
                0x00000000080029f0                z_init_static_threads
 .text.z_impl_k_mutex_lock
                0x0000000008002a88       0xf0 zephyr/kernel/libkernel.a(mutex.c.obj)
                0x0000000008002a88                z_impl_k_mutex_lock
 .text.z_impl_k_mutex_unlock
                0x0000000008002b78       0x84 zephyr/kernel/libkernel.a(mutex.c.obj)
                0x0000000008002b78                z_impl_k_mutex_unlock
 .text.z_impl_k_sem_give
                0x0000000008002bfc       0x40 zephyr/kernel/libkernel.a(sem.c.obj)
                0x0000000008002bfc                z_impl_k_sem_give
 .text.z_impl_k_sem_take
                0x0000000008002c3c       0x50 zephyr/kernel/libkernel.a(sem.c.obj)
                0x0000000008002c3c                z_impl_k_sem_take
 .text.z_reset_time_slice
                0x0000000008002c8c       0x2c zephyr/kernel/libkernel.a(sched.c.obj)
                0x0000000008002c8c                z_reset_time_slice
 .text.k_sched_time_slice_set
                0x0000000008002cb8       0x50 zephyr/kernel/libkernel.a(sched.c.obj)
                0x0000000008002cb8                k_sched_time_slice_set
 .text.z_reschedule
                0x0000000008002d08       0x24 zephyr/kernel/libkernel.a(sched.c.obj)
                0x0000000008002d08                z_reschedule
 .text.k_sched_lock
                0x0000000008002d2c       0x28 zephyr/kernel/libkernel.a(sched.c.obj)
                0x0000000008002d2c                k_sched_lock
 .text.update_cache
                0x0000000008002d54       0x40 zephyr/kernel/libkernel.a(sched.c.obj)
 .text.unready_thread
                0x0000000008002d94       0x30 zephyr/kernel/libkernel.a(sched.c.obj)
 .text.pend     0x0000000008002dc4       0x4c zephyr/kernel/libkernel.a(sched.c.obj)
 .text.z_pend_curr
                0x0000000008002e10       0x28 zephyr/kernel/libkernel.a(sched.c.obj)
                0x0000000008002e10                z_pend_curr
 .text.k_sched_unlock
                0x0000000008002e38       0x38 zephyr/kernel/libkernel.a(sched.c.obj)
                0x0000000008002e38                k_sched_unlock
 .text.move_thread_to_end_of_prio_q
                0x0000000008002e70       0x74 zephyr/kernel/libkernel.a(sched.c.obj)
 .text.z_time_slice
                0x0000000008002ee4       0x80 zephyr/kernel/libkernel.a(sched.c.obj)
                0x0000000008002ee4                z_time_slice
 .text.ready_thread
                0x0000000008002f64       0x6c zephyr/kernel/libkernel.a(sched.c.obj)
 .text.z_sched_start
                0x0000000008002fd0       0x3c zephyr/kernel/libkernel.a(sched.c.obj)
                0x0000000008002fd0                z_sched_start
 .text.z_set_prio
                0x000000000800300c       0x90 zephyr/kernel/libkernel.a(sched.c.obj)
                0x000000000800300c                z_set_prio
 .text.z_sched_init
                0x000000000800309c       0x18 zephyr/kernel/libkernel.a(sched.c.obj)
                0x000000000800309c                z_sched_init
 .text.z_impl_k_current_get
                0x00000000080030b4        0xc zephyr/kernel/libkernel.a(sched.c.obj)
                0x00000000080030b4                z_impl_k_current_get
 .text.z_thread_abort
                0x00000000080030c0       0xa4 zephyr/kernel/libkernel.a(sched.c.obj)
                0x00000000080030c0                z_thread_abort
 .text.z_data_copy
                0x0000000008003164       0x34 zephyr/kernel/libkernel.a(xip.c.obj)
                0x0000000008003164                z_data_copy
 .text.elapsed  0x0000000008003198       0x14 zephyr/kernel/libkernel.a(timeout.c.obj)
 .text.next_timeout
                0x00000000080031ac       0x50 zephyr/kernel/libkernel.a(timeout.c.obj)
 .text.remove_timeout
                0x00000000080031fc       0x34 zephyr/kernel/libkernel.a(timeout.c.obj)
 .text.z_add_timeout
                0x0000000008003230       0xf4 zephyr/kernel/libkernel.a(timeout.c.obj)
                0x0000000008003230                z_add_timeout
 .text.sys_clock_announce
                0x0000000008003324       0xb8 zephyr/kernel/libkernel.a(timeout.c.obj)
                0x0000000008003324                sys_clock_announce
 .text.z_impl_k_busy_wait
                0x00000000080033dc       0x30 zephyr/kernel/libkernel.a(timeout.c.obj)
                0x00000000080033dc                z_impl_k_busy_wait
 .text.z_timer_expiration_handler
                0x000000000800340c       0x54 zephyr/kernel/libkernel.a(timer.c.obj)
                0x000000000800340c                z_timer_expiration_handler
 .text.z_impl_k_timer_start
                0x0000000008003460       0xa0 zephyr/kernel/libkernel.a(timer.c.obj)
                0x0000000008003460                z_impl_k_timer_start
 .text.z_impl_k_timer_status_sync
                0x0000000008003500       0x58 zephyr/kernel/libkernel.a(timer.c.obj)
                0x0000000008003500                z_impl_k_timer_status_sync
 .text.boot_banner
                0x0000000008003558       0x18 zephyr/kernel/libkernel.a(banner.c.obj)
                0x0000000008003558                boot_banner
 .text.statics_init
                0x0000000008003570       0x24 zephyr/kernel/libkernel.a(kheap.c.obj)
 .text._ZN13cpp_semaphoreD2Ev
                0x0000000008003594        0x2 app/libapp.a(main.cpp.obj)
                0x0000000008003594                cpp_semaphore::~cpp_semaphore()
                0x0000000008003594                cpp_semaphore::~cpp_semaphore()
 .text._ZN13cpp_semaphore4waitEv
                0x0000000008003596       0x14 app/libapp.a(main.cpp.obj)
                0x0000000008003596                cpp_semaphore::wait()
 .text._ZN13cpp_semaphore4giveEv
                0x00000000080035aa        0x6 app/libapp.a(main.cpp.obj)
                0x00000000080035aa                cpp_semaphore::give()
 .text._ZN13cpp_semaphoreD0Ev
                0x00000000080035b0        0xc app/libapp.a(main.cpp.obj)
                0x00000000080035b0                cpp_semaphore::~cpp_semaphore()
 .text._ZN13cpp_semaphore4waitEi
                0x00000000080035bc       0x10 app/libapp.a(main.cpp.obj)
                0x00000000080035bc                cpp_semaphore::wait(int)
 .text._Z13dw_transceivePK6deviceP10spi_confighPhh
                0x00000000080035cc       0x3a app/libapp.a(main.cpp.obj)
                0x00000000080035cc                dw_transceive(device const*, spi_config*, unsigned char, unsigned char*, unsigned char)
 .text.arch_printk_char_out
                0x0000000008003606        0x4 zephyr/libzephyr.a(printk.c.obj)
                0x0000000008003606                arch_printk_char_out
 .text.printk   0x000000000800360a       0x1a zephyr/libzephyr.a(printk.c.obj)
                0x000000000800360a                printk
 .text.z_thread_entry
                0x0000000008003624       0x14 zephyr/libzephyr.a(thread_entry.c.obj)
                0x0000000008003624                z_thread_entry
 .text.chunk_field
                0x0000000008003638       0x16 zephyr/libzephyr.a(heap.c.obj)
 .text.chunk_set
                0x000000000800364e       0x16 zephyr/libzephyr.a(heap.c.obj)
 .text.chunk_size
                0x0000000008003664        0xc zephyr/libzephyr.a(heap.c.obj)
 .text.set_chunk_used
                0x0000000008003670       0x30 zephyr/libzephyr.a(heap.c.obj)
 .text.set_chunk_size
                0x00000000080036a0        0x8 zephyr/libzephyr.a(heap.c.obj)
 .text.bucket_idx.isra.0
                0x00000000080036a8       0x1c zephyr/libzephyr.a(heap.c.obj)
 .text.free_list_remove_bidx
                0x00000000080036c4       0x5e zephyr/libzephyr.a(heap.c.obj)
 .text.free_list_remove
                0x0000000008003722       0x2e zephyr/libzephyr.a(heap.c.obj)
 .text.merge_chunks
                0x0000000008003750       0x3c zephyr/libzephyr.a(heap.c.obj)
 .text.free_list_add
                0x000000000800378c       0x86 zephyr/libzephyr.a(heap.c.obj)
 .text.free_chunk
                0x0000000008003812       0x84 zephyr/libzephyr.a(heap.c.obj)
 .text.sys_heap_free
                0x0000000008003896       0x2c zephyr/libzephyr.a(heap.c.obj)
                0x0000000008003896                sys_heap_free
 .text.sys_heap_init
                0x00000000080038c2       0xa6 zephyr/libzephyr.a(heap.c.obj)
                0x00000000080038c2                sys_heap_init
 .text.encode_uint
                0x0000000008003968       0x8c zephyr/libzephyr.a(cbprintf_complete.c.obj)
 .text.outs     0x00000000080039f4       0x2c zephyr/libzephyr.a(cbprintf_complete.c.obj)
 .text._ConfigAbsSyms
                0x0000000008003a20        0x2 zephyr/libzephyr.a(configs.c.obj)
                0x0000000008003a20                _ConfigAbsSyms
 .text.st_stm32_common_config
                0x0000000008003a22        0x4 zephyr/libzephyr.a(soc_config.c.obj)
 .text.z_impl_uart_irq_tx_disable
                0x0000000008003a26        0xa zephyr/libzephyr.a(tty.c.obj)
 .text.tty_putchar
                0x0000000008003a30       0x80 zephyr/libzephyr.a(tty.c.obj)
 .text.tty_uart_isr
                0x0000000008003ab0       0xb0 zephyr/libzephyr.a(tty.c.obj)
 .text.tty_set_rx_buf
                0x0000000008003b60       0x32 zephyr/libzephyr.a(tty.c.obj)
                0x0000000008003b60                tty_set_rx_buf
 .text.tty_set_tx_buf
                0x0000000008003b92       0x24 zephyr/libzephyr.a(tty.c.obj)
                0x0000000008003b92                tty_set_tx_buf
 .text.__cxa_atexit
                0x0000000008003bb6        0x4 zephyr/libzephyr.a(cpp_dtors.c.obj)
                0x0000000008003bb6                __cxa_atexit
 .text._ZdlPv   0x0000000008003bba        0x4 zephyr/libzephyr.a(cpp_new.cpp.obj)
                0x0000000008003bba                operator delete(void*)
 .text.uart_poll_out
                0x0000000008003bbe        0x6 zephyr/libzephyr.a(uart_console.c.obj)
 .text.debug_hook_out_nop
                0x0000000008003bc4        0x4 zephyr/libzephyr.a(uart_console.c.obj)
 .text.stm32_exti_init
                0x0000000008003bc8       0x74 zephyr/libzephyr.a(intc_exti_stm32.c.obj)
 .text.__stm32_exti_isr_22
                0x0000000008003c3c        0xa zephyr/libzephyr.a(intc_exti_stm32.c.obj)
 .text.__stm32_exti_isr_21
                0x0000000008003c46        0xa zephyr/libzephyr.a(intc_exti_stm32.c.obj)
 .text.__stm32_exti_isr_18
                0x0000000008003c50        0xa zephyr/libzephyr.a(intc_exti_stm32.c.obj)
 .text.__stm32_exti_isr_16
                0x0000000008003c5a        0xa zephyr/libzephyr.a(intc_exti_stm32.c.obj)
 .text.__stm32_exti_isr_15_10
                0x0000000008003c64        0xa zephyr/libzephyr.a(intc_exti_stm32.c.obj)
 .text.__stm32_exti_isr_9_5
                0x0000000008003c6e        0xa zephyr/libzephyr.a(intc_exti_stm32.c.obj)
 .text.__stm32_exti_isr_4
                0x0000000008003c78        0xa zephyr/libzephyr.a(intc_exti_stm32.c.obj)
 .text.__stm32_exti_isr_3
                0x0000000008003c82        0xa zephyr/libzephyr.a(intc_exti_stm32.c.obj)
 .text.__stm32_exti_isr_2
                0x0000000008003c8c        0xa zephyr/libzephyr.a(intc_exti_stm32.c.obj)
 .text.__stm32_exti_isr_1
                0x0000000008003c96        0xa zephyr/libzephyr.a(intc_exti_stm32.c.obj)
 .text.__stm32_exti_isr_0
                0x0000000008003ca0        0xa zephyr/libzephyr.a(intc_exti_stm32.c.obj)
 .text.config_pll_init
                0x0000000008003caa       0x12 zephyr/libzephyr.a(clock_stm32f2_f4_f7.c.obj)
                0x0000000008003caa                config_pll_init
 .text.LL_RCC_MSI_Disable
                0x0000000008003cbc        0x2 zephyr/libzephyr.a(clock_stm32f2_f4_f7.c.obj)
                0x0000000008003cbc                LL_RCC_MSI_Disable
 .text.z_irq_spurious
                0x0000000008003cbe        0x8 zephyr/arch/arch/arm/core/aarch32/libarch__arm__core__aarch32.a(irq_manage.c.obj)
                0x0000000008003cbe                z_irq_spurious
 .text.z_arm_fatal_error
                0x0000000008003cc6        0x4 zephyr/arch/arch/arm/core/aarch32/libarch__arm__core__aarch32.a(fatal.c.obj)
                0x0000000008003cc6                z_arm_fatal_error
 .text.z_do_kernel_oops
                0x0000000008003cca        0x8 zephyr/arch/arch/arm/core/aarch32/libarch__arm__core__aarch32.a(fatal.c.obj)
                0x0000000008003cca                z_do_kernel_oops
 .text.z_arm_nmi
                0x0000000008003cd2        0xe zephyr/arch/arch/arm/core/aarch32/libarch__arm__core__aarch32.a(nmi.c.obj)
                0x0000000008003cd2                z_arm_nmi
 .text.__aeabi_atexit
                0x0000000008003ce0        0xa zephyr/arch/arch/arm/core/aarch32/libarch__arm__core__aarch32.a(__aeabi_atexit.c.obj)
                0x0000000008003ce0                __aeabi_atexit
 .text.strlen   0x0000000008003cea        0xe zephyr/lib/libc/minimal/liblib__libc__minimal.a(string.c.obj)
                0x0000000008003cea                strlen
 .text.strnlen  0x0000000008003cf8       0x12 zephyr/lib/libc/minimal/liblib__libc__minimal.a(string.c.obj)
                0x0000000008003cf8                strnlen
 .text.strcmp   0x0000000008003d0a       0x18 zephyr/lib/libc/minimal/liblib__libc__minimal.a(string.c.obj)
                0x0000000008003d0a                strcmp
 .text.memcpy   0x0000000008003d22       0x56 zephyr/lib/libc/minimal/liblib__libc__minimal.a(string.c.obj)
                0x0000000008003d22                memcpy
 .text.memset   0x0000000008003d78       0x46 zephyr/lib/libc/minimal/liblib__libc__minimal.a(string.c.obj)
                0x0000000008003d78                memset
 .text._stdout_hook_default
                0x0000000008003dbe        0x6 zephyr/lib/libc/minimal/liblib__libc__minimal.a(stdout_console.c.obj)
 .text.gpio_stm32_port_get_raw
                0x0000000008003dc4        0xc zephyr/drivers/gpio/libdrivers__gpio.a(gpio_stm32.c.obj)
 .text.gpio_stm32_port_set_masked_raw
                0x0000000008003dd0       0x12 zephyr/drivers/gpio/libdrivers__gpio.a(gpio_stm32.c.obj)
 .text.gpio_stm32_port_set_bits_raw
                0x0000000008003de2        0xa zephyr/drivers/gpio/libdrivers__gpio.a(gpio_stm32.c.obj)
 .text.gpio_stm32_port_clear_bits_raw
                0x0000000008003dec        0xc zephyr/drivers/gpio/libdrivers__gpio.a(gpio_stm32.c.obj)
 .text.gpio_stm32_port_toggle_bits
                0x0000000008003df8        0xe zephyr/drivers/gpio/libdrivers__gpio.a(gpio_stm32.c.obj)
 .text.gpio_stm32_manage_callback
                0x0000000008003e06       0x54 zephyr/drivers/gpio/libdrivers__gpio.a(gpio_stm32.c.obj)
 .text.gpio_stm32_isr
                0x0000000008003e5a       0x26 zephyr/drivers/gpio/libdrivers__gpio.a(gpio_stm32.c.obj)
 .text.gpio_stm32_configure
                0x0000000008003e80      0x108 zephyr/drivers/gpio/libdrivers__gpio.a(gpio_stm32.c.obj)
                0x0000000008003e80                gpio_stm32_configure
 .text.gpio_stm32_config
                0x0000000008003f88       0x7c zephyr/drivers/gpio/libdrivers__gpio.a(gpio_stm32.c.obj)
 .text.gpio_stm32_init
                0x0000000008004004        0xa zephyr/drivers/gpio/libdrivers__gpio.a(gpio_stm32.c.obj)
 .text.gpio_pin_set.isra.0
                0x000000000800400e       0x20 zephyr/drivers/spi/libdrivers__spi.a(spi_ll_stm32.c.obj)
 .text._spi_context_cs_control
                0x000000000800402e       0x4a zephyr/drivers/spi/libdrivers__spi.a(spi_ll_stm32.c.obj)
 .text.spi_context_unlock_unconditionally
                0x0000000008004078       0x20 zephyr/drivers/spi/libdrivers__spi.a(spi_ll_stm32.c.obj)
 .text.spi_stm32_release
                0x0000000008004098        0xc zephyr/drivers/spi/libdrivers__spi.a(spi_ll_stm32.c.obj)
 .text.LL_USART_ClearFlag_PE
                0x00000000080040a4       0x12 zephyr/drivers/serial/libdrivers__serial.a(uart_stm32.c.obj)
 .text.uart_stm32_poll_in
                0x00000000080040b6       0x22 zephyr/drivers/serial/libdrivers__serial.a(uart_stm32.c.obj)
 .text.uart_stm32_poll_out
                0x00000000080040d8       0x14 zephyr/drivers/serial/libdrivers__serial.a(uart_stm32.c.obj)
 .text.uart_stm32_err_check
                0x00000000080040ec       0x40 zephyr/drivers/serial/libdrivers__serial.a(uart_stm32.c.obj)
 .text.uart_stm32_fifo_fill
                0x000000000800412c       0x22 zephyr/drivers/serial/libdrivers__serial.a(uart_stm32.c.obj)
 .text.uart_stm32_fifo_read
                0x000000000800414e       0x2c zephyr/drivers/serial/libdrivers__serial.a(uart_stm32.c.obj)
 .text.uart_stm32_irq_tx_enable
                0x000000000800417a        0xe zephyr/drivers/serial/libdrivers__serial.a(uart_stm32.c.obj)
 .text.uart_stm32_irq_tx_disable
                0x0000000008004188        0xe zephyr/drivers/serial/libdrivers__serial.a(uart_stm32.c.obj)
 .text.uart_stm32_irq_tx_ready
                0x0000000008004196       0x14 zephyr/drivers/serial/libdrivers__serial.a(uart_stm32.c.obj)
 .text.uart_stm32_irq_tx_complete
                0x00000000080041aa        0xc zephyr/drivers/serial/libdrivers__serial.a(uart_stm32.c.obj)
 .text.uart_stm32_irq_rx_enable
                0x00000000080041b6        0xe zephyr/drivers/serial/libdrivers__serial.a(uart_stm32.c.obj)
 .text.uart_stm32_irq_rx_disable
                0x00000000080041c4        0xe zephyr/drivers/serial/libdrivers__serial.a(uart_stm32.c.obj)
 .text.uart_stm32_irq_rx_ready
                0x00000000080041d2        0xc zephyr/drivers/serial/libdrivers__serial.a(uart_stm32.c.obj)
 .text.uart_stm32_irq_is_pending
                0x00000000080041de       0x24 zephyr/drivers/serial/libdrivers__serial.a(uart_stm32.c.obj)
 .text.uart_stm32_irq_update
                0x0000000008004202        0x4 zephyr/drivers/serial/libdrivers__serial.a(uart_stm32.c.obj)
 .text.uart_stm32_irq_callback_set
                0x0000000008004206        0x8 zephyr/drivers/serial/libdrivers__serial.a(uart_stm32.c.obj)
 .text.uart_stm32_isr
                0x000000000800420e        0xc zephyr/drivers/serial/libdrivers__serial.a(uart_stm32.c.obj)
 .text.uart_stm32_irq_config_func_0
                0x000000000800421a       0x16 zephyr/drivers/serial/libdrivers__serial.a(uart_stm32.c.obj)
 .text.uart_stm32_irq_config_func_1
                0x0000000008004230       0x16 zephyr/drivers/serial/libdrivers__serial.a(uart_stm32.c.obj)
 .text.uart_stm32_set_baudrate
                0x0000000008004246       0x5e zephyr/drivers/serial/libdrivers__serial.a(uart_stm32.c.obj)
 .text.uart_stm32_config_get
                0x00000000080042a4       0x80 zephyr/drivers/serial/libdrivers__serial.a(uart_stm32.c.obj)
 .text.z_device_state_init
                0x0000000008004324        0x2 zephyr/kernel/libkernel.a(device.c.obj)
                0x0000000008004324                z_device_state_init
 .text.z_device_ready
                0x0000000008004326       0x14 zephyr/kernel/libkernel.a(device.c.obj)
                0x0000000008004326                z_device_ready
 .text.arch_system_halt
                0x000000000800433a       0x12 zephyr/kernel/libkernel.a(fatal.c.obj)
                0x000000000800433a                arch_system_halt
 .text.k_sys_fatal_error_handler
                0x000000000800434c        0x6 zephyr/kernel/libkernel.a(fatal.c.obj)
                0x000000000800434c                k_sys_fatal_error_handler
 .text.z_fatal_error
                0x0000000008004352       0x36 zephyr/kernel/libkernel.a(fatal.c.obj)
                0x0000000008004352                z_fatal_error
 .text.k_is_in_isr
                0x0000000008004388        0xc zephyr/kernel/libkernel.a(thread.c.obj)
                0x0000000008004388                k_is_in_isr
 .text.idle     0x0000000008004394       0x18 zephyr/kernel/libkernel.a(idle.c.obj)
                0x0000000008004394                idle
 .text.adjust_owner_prio.isra.0
                0x00000000080043ac       0x10 zephyr/kernel/libkernel.a(mutex.c.obj)
 .text.z_impl_k_mutex_init
                0x00000000080043bc        0xe zephyr/kernel/libkernel.a(mutex.c.obj)
                0x00000000080043bc                z_impl_k_mutex_init
 .text.z_impl_k_sem_init
                0x00000000080043ca       0x18 zephyr/kernel/libkernel.a(sem.c.obj)
                0x00000000080043ca                z_impl_k_sem_init
 .text.sys_dlist_remove
                0x00000000080043e2       0x10 zephyr/kernel/libkernel.a(sched.c.obj)
 .text.unpend_thread_no_timeout
                0x00000000080043f2       0x14 zephyr/kernel/libkernel.a(sched.c.obj)
 .text.z_unpend_thread_no_timeout
                0x0000000008004406       0x20 zephyr/kernel/libkernel.a(sched.c.obj)
                0x0000000008004406                z_unpend_thread_no_timeout
 .text.z_reschedule_irqlock
                0x0000000008004426       0x18 zephyr/kernel/libkernel.a(sched.c.obj)
                0x0000000008004426                z_reschedule_irqlock
 .text.z_reschedule_unlocked
                0x000000000800443e       0x14 zephyr/kernel/libkernel.a(sched.c.obj)
 .text.z_priq_dumb_best
                0x0000000008004452        0xc zephyr/kernel/libkernel.a(sched.c.obj)
                0x0000000008004452                z_priq_dumb_best
 .text.add_to_waitq_locked
                0x000000000800445e       0x54 zephyr/kernel/libkernel.a(sched.c.obj)
 .text.z_ready_thread
                0x00000000080044b2       0x20 zephyr/kernel/libkernel.a(sched.c.obj)
                0x00000000080044b2                z_ready_thread
 .text.z_thread_timeout
                0x00000000080044d2       0x44 zephyr/kernel/libkernel.a(sched.c.obj)
                0x00000000080044d2                z_thread_timeout
 .text.z_unpend_first_thread
                0x0000000008004516       0x30 zephyr/kernel/libkernel.a(sched.c.obj)
                0x0000000008004516                z_unpend_first_thread
 .text.z_abort_timeout
                0x0000000008004546       0x2c zephyr/kernel/libkernel.a(timeout.c.obj)
                0x0000000008004546                z_abort_timeout
 .text.z_set_timeout_expiry
                0x0000000008004572       0x34 zephyr/kernel/libkernel.a(timeout.c.obj)
                0x0000000008004572                z_set_timeout_expiry
 .text.k_timer_init
                0x00000000080045a6       0x18 zephyr/kernel/libkernel.a(timer.c.obj)
                0x00000000080045a6                k_timer_init
 .text.k_heap_init
                0x00000000080045be       0x10 zephyr/kernel/libkernel.a(kheap.c.obj)
                0x00000000080045be                k_heap_init
 .text._OffsetAbsSyms
                0x00000000080045ce        0x2 zephyr/CMakeFiles/offsets.dir/arch/arm/core/offsets/offsets.c.obj
                0x00000000080045ce                _OffsetAbsSyms
 *(SORT_BY_ALIGNMENT(.TEXT.*))
 *(SORT_BY_ALIGNMENT(.gnu.linkonce.t.*))
 *(SORT_BY_ALIGNMENT(.glue_7t))
 .glue_7t       0x00000000080045d0        0x0 linker stubs
 *(SORT_BY_ALIGNMENT(.glue_7))
 .glue_7        0x00000000080045d0        0x0 linker stubs
 *(SORT_BY_ALIGNMENT(.vfp11_veneer))
 .vfp11_veneer  0x00000000080045d0        0x0 linker stubs
 *(SORT_BY_ALIGNMENT(.v4_bx))
 .v4_bx         0x00000000080045d0        0x0 linker stubs
                0x00000000080045d0                _image_text_end = .

.ARM.extab
 *(SORT_BY_ALIGNMENT(.ARM.extab*) SORT_BY_ALIGNMENT(.gnu.linkonce.armextab.*))

.ARM.exidx      0x00000000080045d0        0x8
                0x00000000080045d0                __exidx_start = .
 *(SORT_BY_ALIGNMENT(.ARM.exidx*) SORT_BY_ALIGNMENT(gnu.linkonce.armexidx.*))
 .ARM.exidx     0x00000000080045d0        0x8 /home/david/zephyr-sdk-0.12.4/arm-zephyr-eabi/bin/../lib/gcc/arm-zephyr-eabi/10.2.0/thumb/v7e-m/nofp/libgcc.a(_udivmoddi4.o)
                0x00000000080045d8                __exidx_end = .
                0x00000000080045d8                _image_rodata_start = .

initlevel       0x00000000080045d8       0x88
                0x00000000080045d8                __init_start = .
                0x00000000080045d8                __init_PRE_KERNEL_1_start = .
 *(SORT_BY_NAME(SORT_BY_ALIGNMENT(.z_init_PRE_KERNEL_1[0-9]_*)))
 .z_init_PRE_KERNEL_10_
                0x00000000080045d8        0x8 zephyr/libzephyr.a(soc.c.obj)
 .z_init_PRE_KERNEL_11_
                0x00000000080045e0        0x8 zephyr/libzephyr.a(soc_config.c.obj)
 .z_init_PRE_KERNEL_11_
                0x00000000080045e8        0x8 zephyr/libzephyr.a(clock_stm32_ll_common.c.obj)
 *(SORT_BY_NAME(SORT_BY_ALIGNMENT(.z_init_PRE_KERNEL_1[1-9][0-9]_*)))
 .z_init_PRE_KERNEL_130_
                0x00000000080045f0        0x8 zephyr/kernel/libkernel.a(kheap.c.obj)
 .z_init_PRE_KERNEL_150_
                0x00000000080045f8        0x8 zephyr/libzephyr.a(intc_exti_stm32.c.obj)
 .z_init_PRE_KERNEL_150_
                0x0000000008004600       0x10 zephyr/drivers/serial/libdrivers__serial.a(uart_stm32.c.obj)
 .z_init_PRE_KERNEL_160_
                0x0000000008004610        0x8 zephyr/libzephyr.a(uart_console.c.obj)
                0x0000000008004618                __init_PRE_KERNEL_2_start = .
 *(SORT_BY_NAME(SORT_BY_ALIGNMENT(.z_init_PRE_KERNEL_2[0-9]_*)))
 .z_init_PRE_KERNEL_20_
                0x0000000008004618        0x8 zephyr/libzephyr.a(sys_clock_init.c.obj)
 *(SORT_BY_NAME(SORT_BY_ALIGNMENT(.z_init_PRE_KERNEL_2[1-9][0-9]_*)))
                0x0000000008004620                __init_POST_KERNEL_start = .
 *(SORT_BY_NAME(SORT_BY_ALIGNMENT(.z_init_POST_KERNEL[0-9]_*)))
 *(SORT_BY_NAME(SORT_BY_ALIGNMENT(.z_init_POST_KERNEL[1-9][0-9]_*)))
 .z_init_POST_KERNEL40_
                0x0000000008004620       0x30 zephyr/drivers/gpio/libdrivers__gpio.a(gpio_stm32.c.obj)
 .z_init_POST_KERNEL70_
                0x0000000008004650        0x8 zephyr/drivers/spi/libdrivers__spi.a(spi_ll_stm32.c.obj)
                0x0000000008004658                __init_APPLICATION_start = .
 *(SORT_BY_NAME(SORT_BY_ALIGNMENT(.z_init_APPLICATION[0-9]_*)))
 *(SORT_BY_NAME(SORT_BY_ALIGNMENT(.z_init_APPLICATION[1-9][0-9]_*)))
 .z_init_APPLICATION40_
                0x0000000008004658        0x8 zephyr/lib/libc/minimal/liblib__libc__minimal.a(malloc.c.obj)
                0x0000000008004660                __init_SMP_start = .
 *(SORT_BY_NAME(SORT_BY_ALIGNMENT(.z_init_SMP[0-9]_*)))
 *(SORT_BY_NAME(SORT_BY_ALIGNMENT(.z_init_SMP[1-9][0-9]_*)))
                0x0000000008004660                __init_end = .

sw_isr_table    0x0000000008004660      0x308
                0x0000000008004660                . = ALIGN (0x0)
 *(SORT_BY_ALIGNMENT(.gnu.linkonce.sw_isr_table*))
 .gnu.linkonce.sw_isr_table
                0x0000000008004660      0x308 zephyr/arch/common/libisr_tables.a(isr_tables.c.obj)
                0x0000000008004660                _sw_isr_table

initlevel_error
                0x00000000080045d8        0x0
 *(SORT_BY_NAME(SORT_BY_ALIGNMENT(.z_init_[_A-Z0-9]*)))
                0x0000000000000001                ASSERT ((SIZEOF (initlevel_error) == 0x0), Undefined initialization levels used.)

ctors           0x0000000008004968        0x8
                0x0000000008004968                . = ALIGN (0x4)
                0x0000000008004968                __CTOR_LIST__ = .
                0x0000000008004968        0x4 LONG 0x0 (((__CTOR_END__ - __CTOR_LIST__) / 0x4) - 0x2)
 *(SORT_BY_NAME(SORT_BY_ALIGNMENT(.ctors*)))
                0x000000000800496c        0x4 LONG 0x0
                0x0000000008004970                __CTOR_END__ = .

init_array      0x0000000008004970        0x4
                0x0000000008004970                . = ALIGN (0x4)
                0x0000000008004970                __init_array_start = .
 *(SORT_BY_NAME(SORT_BY_ALIGNMENT(.init_array*)))
 .init_array    0x0000000008004970        0x4 app/libapp.a(main.cpp.obj)
                0x0000000008004974                __init_array_end = .

app_shmem_regions
                0x0000000008004974        0x0
                0x0000000008004974                __app_shmem_regions_start = .
 *(SORT_BY_NAME(SORT_BY_ALIGNMENT(.app_regions.*)))
                0x0000000008004974                __app_shmem_regions_end = .

bt_l2cap_fixed_chan_area
                0x0000000008004974        0x0
                0x0000000008004974                _bt_l2cap_fixed_chan_list_start = .
 *(SORT_BY_NAME(SORT_BY_ALIGNMENT(._bt_l2cap_fixed_chan.static.*)))
                0x0000000008004974                _bt_l2cap_fixed_chan_list_end = .

bt_gatt_service_static_area
                0x0000000008004974        0x0
                0x0000000008004974                _bt_gatt_service_static_list_start = .
 *(SORT_BY_NAME(SORT_BY_ALIGNMENT(._bt_gatt_service_static.static.*)))
                0x0000000008004974                _bt_gatt_service_static_list_end = .

k_p4wq_initparam_area
                0x0000000008004974        0x0
                0x0000000008004974                _k_p4wq_initparam_list_start = .
 *(SORT_BY_NAME(SORT_BY_ALIGNMENT(._k_p4wq_initparam.static.*)))
                0x0000000008004974                _k_p4wq_initparam_list_end = .

log_strings_sections
                0x0000000008004974        0x0
                0x0000000008004974                __log_strings_start = .
 *(SORT_BY_NAME(SORT_BY_ALIGNMENT(.log_strings*)))
                0x0000000008004974                __log_strings_end = .

log_const_sections
                0x0000000008004974        0x0
                0x0000000008004974                __log_const_start = .
 *(SORT_BY_NAME(SORT_BY_ALIGNMENT(.log_const_*)))
                0x0000000008004974                __log_const_end = .

log_backends_sections
                0x0000000008004974        0x0
                0x0000000008004974                __log_backends_start = .
 *(SORT_BY_ALIGNMENT(._log_backend.*))
                0x0000000008004974                __log_backends_end = .

shell_area      0x0000000008004974        0x0
                0x0000000008004974                _shell_list_start = .
 *(SORT_BY_NAME(SORT_BY_ALIGNMENT(._shell.static.*)))
                0x0000000008004974                _shell_list_end = .

shell_root_cmds_sections
                0x0000000008004974        0x0
                0x0000000008004974                __shell_root_cmds_start = .
 *(SORT_BY_NAME(SORT_BY_ALIGNMENT(.shell_root_cmd_*)))
                0x0000000008004974                __shell_root_cmds_end = .

font_entry_sections
                0x0000000008004974        0x0
                0x0000000008004974                __font_entry_start = .
 *(SORT_BY_NAME(SORT_BY_ALIGNMENT(._cfb_font.*)))
                0x0000000008004974                __font_entry_end = .

tracing_backend_area
                0x0000000008004974        0x0
                0x0000000008004974                _tracing_backend_list_start = .
 *(SORT_BY_NAME(SORT_BY_ALIGNMENT(._tracing_backend.static.*)))
                0x0000000008004974                _tracing_backend_list_end = .

zephyr_dbg_info
 *(SORT_BY_ALIGNMENT(.dbg_thread_info))

device_handles  0x0000000008004974       0x8a
                0x0000000008004974                __device_handles_start = .
 *(SORT_BY_NAME(SORT_BY_ALIGNMENT(.__device_handles_pass1*)))
 .__device_handles_pass1
                0x0000000008004974        0x8 zephyr/libzephyr.a(intc_exti_stm32.c.obj)
                0x0000000008004974                __devicehdl_DT_N_S_soc_S_interrupt_controller_40013c00
 .__device_handles_pass1
                0x000000000800497c        0xa zephyr/libzephyr.a(clock_stm32_ll_common.c.obj)
                0x000000000800497c                __devicehdl_DT_N_S_soc_S_rcc_40023800
 .__device_handles_pass1
                0x0000000008004986        0x6 zephyr/libzephyr.a(sys_clock_init.c.obj)
                0x0000000008004986                __devicehdl_sys_init_sys_clock_driver_init0
 .__device_handles_pass1
                0x000000000800498c       0x3c zephyr/drivers/gpio/libdrivers__gpio.a(gpio_stm32.c.obj)
                0x000000000800498c                __devicehdl_DT_N_S_soc_S_pin_controller_40020000_S_gpio_40021c00
                0x0000000008004996                __devicehdl_DT_N_S_soc_S_pin_controller_40020000_S_gpio_40021000
                0x00000000080049a0                __devicehdl_DT_N_S_soc_S_pin_controller_40020000_S_gpio_40020c00
                0x00000000080049aa                __devicehdl_DT_N_S_soc_S_pin_controller_40020000_S_gpio_40020800
                0x00000000080049b4                __devicehdl_DT_N_S_soc_S_pin_controller_40020000_S_gpio_40020400
                0x00000000080049be                __devicehdl_DT_N_S_soc_S_pin_controller_40020000_S_gpio_40020000
 .__device_handles_pass1
                0x00000000080049c8       0x16 zephyr/drivers/spi/libdrivers__spi.a(spi_ll_stm32.c.obj)
                0x00000000080049c8                __devicehdl_DT_N_S_soc_S_spi_40013000
 .__device_handles_pass1
                0x00000000080049de       0x20 zephyr/drivers/serial/libdrivers__serial.a(uart_stm32.c.obj)
                0x00000000080049de                __devicehdl_DT_N_S_soc_S_serial_40004400
                0x00000000080049ee                __devicehdl_DT_N_S_soc_S_serial_40011000
                0x00000000080049fe                __device_handles_end = .

rodata          0x0000000008004a00      0x424
 *(SORT_BY_ALIGNMENT(.rodata))
 .rodata        0x0000000008004a00        0x8 zephyr/drivers/gpio/libdrivers__gpio.a(gpio_stm32.c.obj)
 .rodata        0x0000000008004a08       0x20 zephyr/drivers/spi/libdrivers__spi.a(spi_ll_stm32.c.obj)
 *(SORT_BY_ALIGNMENT(.rodata.*))
 .rodata._ZTV13cpp_semaphore
                0x0000000008004a28       0x1c app/libapp.a(main.cpp.obj)
                0x0000000008004a28                vtable for cpp_semaphore
 .rodata.gpio_ports
                0x0000000008004a44       0x2c zephyr/libzephyr.a(pinmux_stm32.c.obj)
                0x0000000008004a44                gpio_ports
 .rodata.static_regions
                0x0000000008004a70        0xc zephyr/arch/arch/arm/core/aarch32/mpu/libarch__arm__core__aarch32__mpu.a(arm_core_mpu.c.obj)
 .rodata.mpu_config
                0x0000000008004a7c        0x8 zephyr/soc/arm/common/cortex_m/libsoc__arm__common__cortex_m.a(arm_mpu_regions.c.obj)
                0x0000000008004a7c                mpu_config
 .rodata.mpu_regions
                0x0000000008004a84       0x18 zephyr/soc/arm/common/cortex_m/libsoc__arm__common__cortex_m.a(arm_mpu_regions.c.obj)
 .rodata.gpio_stm32_cfg_a
                0x0000000008004a9c       0x14 zephyr/drivers/gpio/libdrivers__gpio.a(gpio_stm32.c.obj)
 .rodata.gpio_stm32_cfg_b
                0x0000000008004ab0       0x14 zephyr/drivers/gpio/libdrivers__gpio.a(gpio_stm32.c.obj)
 .rodata.gpio_stm32_cfg_c
                0x0000000008004ac4       0x14 zephyr/drivers/gpio/libdrivers__gpio.a(gpio_stm32.c.obj)
 .rodata.gpio_stm32_cfg_d
                0x0000000008004ad8       0x14 zephyr/drivers/gpio/libdrivers__gpio.a(gpio_stm32.c.obj)
 .rodata.gpio_stm32_cfg_e
                0x0000000008004aec       0x14 zephyr/drivers/gpio/libdrivers__gpio.a(gpio_stm32.c.obj)
 .rodata.gpio_stm32_cfg_h
                0x0000000008004b00       0x14 zephyr/drivers/gpio/libdrivers__gpio.a(gpio_stm32.c.obj)
 .rodata.gpio_stm32_driver
                0x0000000008004b14       0x24 zephyr/drivers/gpio/libdrivers__gpio.a(gpio_stm32.c.obj)
 .rodata.api_funcs
                0x0000000008004b38        0x8 zephyr/drivers/spi/libdrivers__spi.a(spi_ll_stm32.c.obj)
 .rodata.spi_pins_0
                0x0000000008004b40       0x20 zephyr/drivers/spi/libdrivers__spi.a(spi_ll_stm32.c.obj)
 .rodata.spi_stm32_cfg_0
                0x0000000008004b60       0x14 zephyr/drivers/spi/libdrivers__spi.a(spi_ll_stm32.c.obj)
 .rodata.uart_pins_0
                0x0000000008004b74       0x10 zephyr/drivers/serial/libdrivers__serial.a(uart_stm32.c.obj)
 .rodata.uart_pins_1
                0x0000000008004b84       0x10 zephyr/drivers/serial/libdrivers__serial.a(uart_stm32.c.obj)
 .rodata.uart_stm32_cfg_0
                0x0000000008004b94       0x24 zephyr/drivers/serial/libdrivers__serial.a(uart_stm32.c.obj)
 .rodata.uart_stm32_cfg_1
                0x0000000008004bb8       0x24 zephyr/drivers/serial/libdrivers__serial.a(uart_stm32.c.obj)
 .rodata.uart_stm32_driver_api
                0x0000000008004bdc       0x4c zephyr/drivers/serial/libdrivers__serial.a(uart_stm32.c.obj)
 .rodata.levels.0
                0x0000000008004c28       0x14 zephyr/kernel/libkernel.a(device.c.obj)
 .rodata._k_neg_eagain
                0x0000000008004c3c        0x4 zephyr/kernel/libkernel.a(errno.c.obj)
                0x0000000008004c3c                _k_neg_eagain
 .rodata.CSWTCH.168
                0x0000000008004c40        0x6 zephyr/drivers/serial/libdrivers__serial.a(uart_stm32.c.obj)
 .rodata._Z17coop_thread_entryv.str1.1
                0x0000000008004c46       0x24 app/libapp.a(main.cpp.obj)
 .rodata._ZN13cpp_semaphoreC2Ev.str1.1
                0x0000000008004c6a       0x15 app/libapp.a(main.cpp.obj)
 .rodata.main.str1.1
                0x0000000008004c7f       0xc2 app/libapp.a(main.cpp.obj)
 .rodata.cbvprintf.str1.1
                0x0000000008004d41        0x6 zephyr/libzephyr.a(cbprintf_complete.c.obj)
 .rodata.console_init.str1.1
                0x0000000008004d47        0x7 zephyr/libzephyr.a(getchar.c.obj)
 .rodata.uart_console_init.str1.1
                0x0000000008004d4e        0x7 zephyr/libzephyr.a(uart_console.c.obj)
 .rodata.str1.1
                0x0000000008004d4e       0x1e zephyr/libzephyr.a(intc_exti_stm32.c.obj)
 .rodata.exti_irq_table
                0x0000000008004d6c       0x17 zephyr/libzephyr.a(intc_exti_stm32.c.obj)
                0x0000000008004d6c                exti_irq_table
 .rodata.str1.1
                0x0000000008004d83        0xd zephyr/libzephyr.a(clock_stm32_ll_common.c.obj)
 .rodata.str1.1
                0x0000000008004d90        0xa zephyr/libzephyr.a(sys_clock_init.c.obj)
 .rodata.str1.1
                0x0000000008004d9a        0xf zephyr/soc/arm/common/cortex_m/libsoc__arm__common__cortex_m.a(arm_mpu_regions.c.obj)
 .rodata.str1.1
                0x0000000008004da9       0x1e zephyr/drivers/gpio/libdrivers__gpio.a(gpio_stm32.c.obj)
                                         0x24 (size before relaxing)
 .rodata.str1.1
                0x0000000008004dc7        0x6 zephyr/drivers/spi/libdrivers__spi.a(spi_ll_stm32.c.obj)
 .rodata.str1.1
                0x0000000008004dc7        0x7 zephyr/drivers/serial/libdrivers__serial.a(uart_stm32.c.obj)
                                          0xe (size before relaxing)
 .rodata.AHBPrescTable
                0x0000000008004dce       0x10 modules/stm32/stm32cube/lib..__modules__hal__stm32__stm32cube.a(system_stm32f4xx.c.obj)
                0x0000000008004dce                AHBPrescTable
 .rodata.z_cstart.str1.1
                0x0000000008004dde        0x5 zephyr/kernel/libkernel.a(init.c.obj)
 .rodata.boot_banner.str1.1
                0x0000000008004dde       0x43 zephyr/kernel/libkernel.a(banner.c.obj)
                                         0x44 (size before relaxing)
 *(SORT_BY_ALIGNMENT(.gnu.linkonce.r.*))
                0x0000000008004e24                . = ALIGN (0x4)
 *fill*         0x0000000008004e21        0x3 

.gcc_except_table
 *(SORT_BY_ALIGNMENT(.gcc_except_table) SORT_BY_ALIGNMENT(.gcc_except_table.*))
                0x0000000008004e24                _image_rodata_end = .
                0x0000000008004e40                . = ALIGN (_region_min_align)
                0x0000000008008000                . = ALIGN ((0x1 << LOG2CEIL ((_image_rodata_end - _image_rom_start))))
                0x0000000008008000                _image_rom_end = .
                0x0000000020000000                . = 0x20000000
                0x0000000020000000                . = ALIGN (_region_min_align)
                0x0000000020000000                _image_ram_start = .

.ramfunc        0x0000000020000000        0x0 load address 0x0000000008004e24
                0x0000000020000000                . = ALIGN (_region_min_align)
                0x0000000020000000                . = ALIGN ((0x1 << LOG2CEIL (_ramfunc_ram_size)))
                0x0000000020000000                _ramfunc_ram_start = .
 *(SORT_BY_ALIGNMENT(.ramfunc))
 *(SORT_BY_ALIGNMENT(.ramfunc.*))
                0x0000000020000000                . = ALIGN (_region_min_align)
                0x0000000020000000                . = ALIGN ((0x1 << LOG2CEIL (_ramfunc_ram_size)))
                0x0000000020000000                _ramfunc_ram_end = .
                0x0000000000000000                _ramfunc_ram_size = (_ramfunc_ram_end - _ramfunc_ram_start)
                0x0000000008004e24                _ramfunc_rom_start = LOADADDR (.ramfunc)

datas           0x0000000020000000      0x138 load address 0x0000000008004e24
                0x0000000020000000                __data_ram_start = .
 *(SORT_BY_ALIGNMENT(.data))
 .data          0x0000000020000000       0xa0 zephyr/lib/libc/minimal/liblib__libc__minimal.a(malloc.c.obj)
                0x000000002000008c                z_malloc_heap_mutex
 *(SORT_BY_ALIGNMENT(.data.*))
 .data._char_out
                0x00000000200000a0        0x4 zephyr/libzephyr.a(printk.c.obj)
                0x00000000200000a0                _char_out
 .data.debug_hook_out
                0x00000000200000a4        0x4 zephyr/libzephyr.a(uart_console.c.obj)
 .data.stm32_clock_control_api
                0x00000000200000a8       0x14 zephyr/libzephyr.a(clock_stm32_ll_common.c.obj)
 .data._stdout_hook
                0x00000000200000bc        0x4 zephyr/lib/libc/minimal/liblib__libc__minimal.a(stdout_console.c.obj)
 .data.spi_stm32_dev_data_0
                0x00000000200000c0       0x4c zephyr/drivers/spi/libdrivers__spi.a(spi_ll_stm32.c.obj)
 .data.uart_stm32_data_0
                0x000000002000010c       0x10 zephyr/drivers/serial/libdrivers__serial.a(uart_stm32.c.obj)
 .data.uart_stm32_data_1
                0x000000002000011c       0x10 zephyr/drivers/serial/libdrivers__serial.a(uart_stm32.c.obj)
 .data.SystemCoreClock
                0x000000002000012c        0x4 modules/stm32/stm32cube/lib..__modules__hal__stm32__stm32cube.a(system_stm32f4xx.c.obj)
                0x000000002000012c                SystemCoreClock
 .data.timeout_list
                0x0000000020000130        0x8 zephyr/kernel/libkernel.a(timeout.c.obj)
 *(SORT_BY_ALIGNMENT(.kernel.*))
                0x0000000008004e24                __data_rom_start = LOADADDR (datas)

devices         0x0000000020000138      0x120 load address 0x0000000008004f5c
                0x0000000020000138                __device_start = .
                0x0000000020000138                __device_PRE_KERNEL_1_start = .
 *(SORT_BY_NAME(SORT_BY_ALIGNMENT(.z_device_PRE_KERNEL_1[0-9]_*)))
 .z_device_PRE_KERNEL_11_
                0x0000000020000138       0x18 zephyr/libzephyr.a(clock_stm32_ll_common.c.obj)
                0x0000000020000138                __device_dts_ord_16
 *(SORT_BY_NAME(SORT_BY_ALIGNMENT(.z_device_PRE_KERNEL_1[1-9][0-9]_*)))
 .z_device_PRE_KERNEL_150_
                0x0000000020000150       0x18 zephyr/libzephyr.a(intc_exti_stm32.c.obj)
                0x0000000020000150                __device_dts_ord_43
 .z_device_PRE_KERNEL_150_
                0x0000000020000168       0x30 zephyr/drivers/serial/libdrivers__serial.a(uart_stm32.c.obj)
                0x0000000020000168                __device_dts_ord_48
                0x0000000020000180                __device_dts_ord_54
                0x0000000020000198                __device_PRE_KERNEL_2_start = .
 *(SORT_BY_NAME(SORT_BY_ALIGNMENT(.z_device_PRE_KERNEL_2[0-9]_*)))
 .z_device_PRE_KERNEL_20_
                0x0000000020000198       0x18 zephyr/libzephyr.a(sys_clock_init.c.obj)
 *(SORT_BY_NAME(SORT_BY_ALIGNMENT(.z_device_PRE_KERNEL_2[1-9][0-9]_*)))
                0x00000000200001b0                __device_POST_KERNEL_start = .
 *(SORT_BY_NAME(SORT_BY_ALIGNMENT(.z_device_POST_KERNEL[0-9]_*)))
 *(SORT_BY_NAME(SORT_BY_ALIGNMENT(.z_device_POST_KERNEL[1-9][0-9]_*)))
 .z_device_POST_KERNEL40_
                0x00000000200001b0       0x90 zephyr/drivers/gpio/libdrivers__gpio.a(gpio_stm32.c.obj)
                0x00000000200001b0                __device_dts_ord_130
                0x00000000200001c8                __device_dts_ord_129
                0x00000000200001e0                __device_dts_ord_128
                0x00000000200001f8                __device_dts_ord_17
                0x0000000020000210                __device_dts_ord_58
                0x0000000020000228                __device_dts_ord_20
 .z_device_POST_KERNEL70_
                0x0000000020000240       0x18 zephyr/drivers/spi/libdrivers__spi.a(spi_ll_stm32.c.obj)
                0x0000000020000240                __device_dts_ord_63
                0x0000000020000258                __device_APPLICATION_start = .
 *(SORT_BY_NAME(SORT_BY_ALIGNMENT(.z_device_APPLICATION[0-9]_*)))
 *(SORT_BY_NAME(SORT_BY_ALIGNMENT(.z_device_APPLICATION[1-9][0-9]_*)))
                0x0000000020000258                __device_SMP_start = .
 *(SORT_BY_NAME(SORT_BY_ALIGNMENT(.z_device_SMP[0-9]_*)))
 *(SORT_BY_NAME(SORT_BY_ALIGNMENT(.z_device_SMP[1-9][0-9]_*)))
                0x0000000020000258                __device_end = .

initshell       0x0000000020000258        0x0 load address 0x000000000800507c
                0x0000000020000258                __shell_module_start = .
 *(SORT_BY_ALIGNMENT(.shell_module_*))
                0x0000000020000258                __shell_module_end = .
                0x0000000020000258                __shell_cmd_start = .
 *(SORT_BY_ALIGNMENT(.shell_cmd_*))
                0x0000000020000258                __shell_cmd_end = .

log_dynamic_sections
                0x0000000020000258        0x0 load address 0x000000000800507c
                0x0000000020000258                __log_dynamic_start = .
 *(SORT_BY_NAME(SORT_BY_ALIGNMENT(.log_dynamic_*)))
                0x0000000020000258                __log_dynamic_end = .

_static_thread_data_area
                0x0000000020000258        0x0 load address 0x000000000800507c
                0x0000000020000258                __static_thread_data_list_start = .
 *(SORT_BY_NAME(SORT_BY_ALIGNMENT(.__static_thread_data.static.*)))
                0x0000000020000258                __static_thread_data_list_end = .

k_timer_area    0x0000000020000258        0x0 load address 0x000000000800507c
                0x0000000020000258                _k_timer_list_start = .
 *(SORT_BY_NAME(SORT_BY_ALIGNMENT(._k_timer.static.*)))
                0x0000000020000258                _k_timer_list_end = .

k_mem_slab_area
                0x0000000020000258        0x0 load address 0x000000000800507c
                0x0000000020000258                _k_mem_slab_list_start = .
 *(SORT_BY_NAME(SORT_BY_ALIGNMENT(._k_mem_slab.static.*)))
                0x0000000020000258                _k_mem_slab_list_end = .

k_mem_pool_area
                0x0000000020000258        0x0 load address 0x000000000800507c
                0x0000000020000258                _k_mem_pool_list_start = .
 *(SORT_BY_NAME(SORT_BY_ALIGNMENT(._k_mem_pool.static.*)))
                0x0000000020000258                _k_mem_pool_list_end = .

k_heap_area     0x0000000020000258        0x0 load address 0x000000000800507c
                0x0000000020000258                _k_heap_list_start = .
 *(SORT_BY_NAME(SORT_BY_ALIGNMENT(._k_heap.static.*)))
                0x0000000020000258                _k_heap_list_end = .

k_mutex_area    0x0000000020000258        0x0 load address 0x000000000800507c
                0x0000000020000258                _k_mutex_list_start = .
 *(SORT_BY_NAME(SORT_BY_ALIGNMENT(._k_mutex.static.*)))
                0x0000000020000258                _k_mutex_list_end = .

k_stack_area    0x0000000020000258        0x0 load address 0x000000000800507c
                0x0000000020000258                _k_stack_list_start = .
 *(SORT_BY_NAME(SORT_BY_ALIGNMENT(._k_stack.static.*)))
                0x0000000020000258                _k_stack_list_end = .

k_msgq_area     0x0000000020000258        0x0 load address 0x000000000800507c
                0x0000000020000258                _k_msgq_list_start = .
 *(SORT_BY_NAME(SORT_BY_ALIGNMENT(._k_msgq.static.*)))
                0x0000000020000258                _k_msgq_list_end = .

k_mbox_area     0x0000000020000258        0x0 load address 0x000000000800507c
                0x0000000020000258                _k_mbox_list_start = .
 *(SORT_BY_NAME(SORT_BY_ALIGNMENT(._k_mbox.static.*)))
                0x0000000020000258                _k_mbox_list_end = .

k_pipe_area     0x0000000020000258        0x0 load address 0x000000000800507c
                0x0000000020000258                _k_pipe_list_start = .
 *(SORT_BY_NAME(SORT_BY_ALIGNMENT(._k_pipe.static.*)))
                0x0000000020000258                _k_pipe_list_end = .

k_sem_area      0x0000000020000258        0x0 load address 0x000000000800507c
                0x0000000020000258                _k_sem_list_start = .
 *(SORT_BY_NAME(SORT_BY_ALIGNMENT(._k_sem.static.*)))
                0x0000000020000258                _k_sem_list_end = .

k_queue_area    0x0000000020000258        0x0 load address 0x000000000800507c
                0x0000000020000258                _k_queue_list_start = .
 *(SORT_BY_NAME(SORT_BY_ALIGNMENT(._k_queue.static.*)))
                0x0000000020000258                _k_queue_list_end = .

k_condvar_area  0x0000000020000258        0x0 load address 0x000000000800507c
                0x0000000020000258                _k_condvar_list_start = .
 *(SORT_BY_NAME(SORT_BY_ALIGNMENT(._k_condvar.static.*)))
                0x0000000020000258                _k_condvar_list_end = .

_net_buf_pool_area
                0x0000000020000258        0x0 load address 0x000000000800507c
                0x0000000020000258                _net_buf_pool_list = .
 *(SORT_BY_NAME(SORT_BY_ALIGNMENT(._net_buf_pool.static.*)))

.gcc_except_table
 *(SORT_BY_ALIGNMENT(.gcc_except_table) SORT_BY_ALIGNMENT(.gcc_except_table.*))
                0x0000000020000258                __data_ram_end = .

bss             0x0000000020000258      0x3c2
                0x0000000020000258                . = ALIGN (0x4)
                0x0000000020000258                __bss_start = .
                0x0000000020000258                __kernel_ram_start = .
 *(SORT_BY_ALIGNMENT(.bss))
 *(SORT_BY_ALIGNMENT(.bss.*))
 .bss.coop_thread
                0x0000000020000258       0x80 app/libapp.a(main.cpp.obj)
                0x0000000020000258                coop_thread
 .bss.z_idle_threads
                0x00000000200002d8       0x80 zephyr/kernel/libkernel.a(init.c.obj)
                0x00000000200002d8                z_idle_threads
 .bss.z_main_thread
                0x0000000020000358       0x80 zephyr/kernel/libkernel.a(init.c.obj)
                0x0000000020000358                z_main_thread
 .bss.curr_tick
                0x00000000200003d8        0x8 zephyr/kernel/libkernel.a(timeout.c.obj)
 .bss.sem_coop  0x00000000200003e0       0x14 app/libapp.a(main.cpp.obj)
                0x00000000200003e0                sem_coop
 .bss.sem_main  0x00000000200003f4       0x14 app/libapp.a(main.cpp.obj)
                0x00000000200003f4                sem_main
 .bss.console_serial
                0x0000000020000408       0x44 zephyr/libzephyr.a(getchar.c.obj)
 .bss.__dso_handle
                0x000000002000044c        0x4 zephyr/libzephyr.a(cpp_dtors.c.obj)
                0x000000002000044c                __dso_handle
 .bss.uart_console_dev
                0x0000000020000450        0x4 zephyr/libzephyr.a(uart_console.c.obj)
 .bss.__devstate_dts_ord_43
                0x0000000020000454        0x4 zephyr/libzephyr.a(intc_exti_stm32.c.obj)
 .bss.exti_data
                0x0000000020000458       0xb8 zephyr/libzephyr.a(intc_exti_stm32.c.obj)
 .bss.__devstate_dts_ord_16
                0x0000000020000510        0x4 zephyr/libzephyr.a(clock_stm32_ll_common.c.obj)
 .bss.__devstate_sys_init_sys_clock_driver_init0
                0x0000000020000514        0x4 zephyr/libzephyr.a(sys_clock_init.c.obj)
 .bss.announced_cycles
                0x0000000020000518        0x4 zephyr/libzephyr.a(cortex_m_systick.c.obj)
 .bss.cycle_count
                0x000000002000051c        0x4 zephyr/libzephyr.a(cortex_m_systick.c.obj)
 .bss.last_load
                0x0000000020000520        0x4 zephyr/libzephyr.a(cortex_m_systick.c.obj)
 .bss.overflow_cyc
                0x0000000020000524        0x4 zephyr/libzephyr.a(cortex_m_systick.c.obj)
 .bss.dynamic_regions.0
                0x0000000020000528        0xc zephyr/arch/arch/arm/core/aarch32/mpu/libarch__arm__core__aarch32__mpu.a(arm_core_mpu.c.obj)
 .bss.__devstate_dts_ord_128
                0x0000000020000534        0x4 zephyr/drivers/gpio/libdrivers__gpio.a(gpio_stm32.c.obj)
 .bss.__devstate_dts_ord_129
                0x0000000020000538        0x4 zephyr/drivers/gpio/libdrivers__gpio.a(gpio_stm32.c.obj)
 .bss.__devstate_dts_ord_130
                0x000000002000053c        0x4 zephyr/drivers/gpio/libdrivers__gpio.a(gpio_stm32.c.obj)
 .bss.__devstate_dts_ord_17
                0x0000000020000540        0x4 zephyr/drivers/gpio/libdrivers__gpio.a(gpio_stm32.c.obj)
 .bss.__devstate_dts_ord_20
                0x0000000020000544        0x4 zephyr/drivers/gpio/libdrivers__gpio.a(gpio_stm32.c.obj)
 .bss.__devstate_dts_ord_58
                0x0000000020000548        0x4 zephyr/drivers/gpio/libdrivers__gpio.a(gpio_stm32.c.obj)
 .bss.gpio_stm32_data_a
                0x000000002000054c       0x10 zephyr/drivers/gpio/libdrivers__gpio.a(gpio_stm32.c.obj)
 .bss.gpio_stm32_data_b
                0x000000002000055c       0x10 zephyr/drivers/gpio/libdrivers__gpio.a(gpio_stm32.c.obj)
 .bss.gpio_stm32_data_c
                0x000000002000056c       0x10 zephyr/drivers/gpio/libdrivers__gpio.a(gpio_stm32.c.obj)
 .bss.gpio_stm32_data_d
                0x000000002000057c       0x10 zephyr/drivers/gpio/libdrivers__gpio.a(gpio_stm32.c.obj)
 .bss.gpio_stm32_data_e
                0x000000002000058c       0x10 zephyr/drivers/gpio/libdrivers__gpio.a(gpio_stm32.c.obj)
 .bss.gpio_stm32_data_h
                0x000000002000059c       0x10 zephyr/drivers/gpio/libdrivers__gpio.a(gpio_stm32.c.obj)
 .bss.__devstate_dts_ord_63
                0x00000000200005ac        0x4 zephyr/drivers/spi/libdrivers__spi.a(spi_ll_stm32.c.obj)
 .bss.__devstate_dts_ord_48
                0x00000000200005b0        0x4 zephyr/drivers/serial/libdrivers__serial.a(uart_stm32.c.obj)
 .bss.__devstate_dts_ord_54
                0x00000000200005b4        0x4 zephyr/drivers/serial/libdrivers__serial.a(uart_stm32.c.obj)
 .bss._kernel   0x00000000200005b8       0x2c zephyr/kernel/libkernel.a(init.c.obj)
                0x00000000200005b8                _kernel
 .bss.pending_current
                0x00000000200005e4        0x4 zephyr/kernel/libkernel.a(sched.c.obj)
 .bss.slice_max_prio
                0x00000000200005e8        0x4 zephyr/kernel/libkernel.a(sched.c.obj)
 .bss.slice_time
                0x00000000200005ec        0x4 zephyr/kernel/libkernel.a(sched.c.obj)
 .bss.announce_remaining
                0x00000000200005f0        0x4 zephyr/kernel/libkernel.a(timeout.c.obj)
 .bss.console_rxbuf
                0x00000000200005f4       0x10 zephyr/libzephyr.a(getchar.c.obj)
 .bss.console_txbuf
                0x0000000020000604       0x10 zephyr/libzephyr.a(getchar.c.obj)
 .bss.static_regions_num
                0x0000000020000614        0x1 zephyr/arch/arch/arm/core/aarch32/mpu/libarch__arm__core__aarch32__mpu.a(arm_mpu.c.obj)
 .bss.z_sys_post_kernel
                0x0000000020000615        0x1 zephyr/kernel/libkernel.a(init.c.obj)
                0x0000000020000615                z_sys_post_kernel
 .bss.lock      0x0000000020000616        0x1 zephyr/kernel/libkernel.a(mutex.c.obj)
 .bss.lock      0x0000000020000617        0x1 zephyr/kernel/libkernel.a(sem.c.obj)
 .bss.sched_spinlock
                0x0000000020000618        0x1 zephyr/kernel/libkernel.a(sched.c.obj)
                0x0000000020000618                sched_spinlock
 .bss.lock      0x0000000020000619        0x1 zephyr/kernel/libkernel.a(timer.c.obj)
 *(SORT_BY_ALIGNMENT(COMMON))
 *(SORT_BY_ALIGNMENT(.kernel_bss.*))
                0x000000002000061c                __bss_end = ALIGN (0x4)

noinit          0x0000000020000620     0x15a0
 *(SORT_BY_ALIGNMENT(.noinit))
 *(SORT_BY_ALIGNMENT(.noinit.*))
 .noinit."WEST_TOPDIR-app/src/main.cpp".0
                0x0000000020000620      0x7f0 app/libapp.a(main.cpp.obj)
                0x0000000020000620                coop_stack
 *fill*         0x0000000020000e10       0x10 
 .noinit."WEST_TOPDIR/zephyr/kernel/init.c".2
                0x0000000020000e20      0x420 zephyr/kernel/libkernel.a(init.c.obj)
                0x0000000020000e20                z_main_stack
 .noinit."WEST_TOPDIR/zephyr/kernel/init.c".3
                0x0000000020001240      0x160 zephyr/kernel/libkernel.a(init.c.obj)
 .noinit."WEST_TOPDIR/zephyr/kernel/init.c".4
                0x00000000200013a0      0x820 zephyr/kernel/libkernel.a(init.c.obj)
                0x00000000200013a0                z_interrupt_stacks
 *(SORT_BY_ALIGNMENT(.kernel_noinit.*))
                0x0000000020001bc0                _image_ram_end = .
                0x0000000020001bc0                _end = .
                0x0000000020020000                __kernel_ram_end = 0x20020000
                0x000000000001fda8                __kernel_ram_size = (__kernel_ram_end - __kernel_ram_start)

.intList        0x0000000020020000       0xd8
 *(SORT_BY_ALIGNMENT(.irq_info*))
 .irq_info      0x0000000020020000        0x8 zephyr/arch/common/libisr_tables.a(isr_tables.c.obj)
                0x0000000020020000                _iheader
 *(SORT_BY_ALIGNMENT(.intList*))
 .intList       0x0000000020020008       0xb0 zephyr/libzephyr.a(intc_exti_stm32.c.obj)
 .intList       0x00000000200200b8       0x20 zephyr/drivers/serial/libdrivers__serial.a(uart_stm32.c.obj)

.stab
 *(SORT_BY_ALIGNMENT(.stab))

.stabstr
 *(SORT_BY_ALIGNMENT(.stabstr))

.stab.excl
 *(SORT_BY_ALIGNMENT(.stab.excl))

.stab.exclstr
 *(SORT_BY_ALIGNMENT(.stab.exclstr))

.stab.index
 *(SORT_BY_ALIGNMENT(.stab.index))

.stab.indexstr
 *(SORT_BY_ALIGNMENT(.stab.indexstr))

.gnu.build.attributes
 *(SORT_BY_ALIGNMENT(.gnu.build.attributes) SORT_BY_ALIGNMENT(.gnu.build.attributes.*))

.comment        0x0000000000000000       0x2e
 *(SORT_BY_ALIGNMENT(.comment))
 .comment       0x0000000000000000       0x2e app/libapp.a(main.cpp.obj)
                                         0x2f (size before relaxing)
 .comment       0x000000000000002e       0x2f zephyr/libzephyr.a(printk.c.obj)
 .comment       0x000000000000002e       0x2f zephyr/libzephyr.a(thread_entry.c.obj)
 .comment       0x000000000000002e       0x2f zephyr/libzephyr.a(heap.c.obj)
 .comment       0x000000000000002e       0x2f zephyr/libzephyr.a(cbprintf_complete.c.obj)
 .comment       0x000000000000002e       0x2f zephyr/libzephyr.a(configs.c.obj)
 .comment       0x000000000000002e       0x2f zephyr/libzephyr.a(soc.c.obj)
 .comment       0x000000000000002e       0x2f zephyr/libzephyr.a(soc_config.c.obj)
 .comment       0x000000000000002e       0x2f zephyr/libzephyr.a(tty.c.obj)
 .comment       0x000000000000002e       0x2f zephyr/libzephyr.a(getchar.c.obj)
 .comment       0x000000000000002e       0x2f zephyr/libzephyr.a(cpp_init_array.c.obj)
 .comment       0x000000000000002e       0x2f zephyr/libzephyr.a(cpp_ctors.c.obj)
 .comment       0x000000000000002e       0x2f zephyr/libzephyr.a(cpp_dtors.c.obj)
 .comment       0x000000000000002e       0x2f zephyr/libzephyr.a(cpp_new.cpp.obj)
 .comment       0x000000000000002e       0x2f zephyr/libzephyr.a(uart_console.c.obj)
 .comment       0x000000000000002e       0x2f zephyr/libzephyr.a(intc_exti_stm32.c.obj)
 .comment       0x000000000000002e       0x2f zephyr/libzephyr.a(clock_stm32_ll_common.c.obj)
 .comment       0x000000000000002e       0x2f zephyr/libzephyr.a(clock_stm32f2_f4_f7.c.obj)
 .comment       0x000000000000002e       0x2f zephyr/libzephyr.a(pinmux_stm32.c.obj)
 .comment       0x000000000000002e       0x2f zephyr/libzephyr.a(sys_clock_init.c.obj)
 .comment       0x000000000000002e       0x2f zephyr/libzephyr.a(cortex_m_systick.c.obj)
 .comment       0x000000000000002e       0x2f zephyr/arch/arch/arm/core/aarch32/libarch__arm__core__aarch32.a(swap.c.obj)
 .comment       0x000000000000002e       0x2f zephyr/arch/arch/arm/core/aarch32/libarch__arm__core__aarch32.a(irq_manage.c.obj)
 .comment       0x000000000000002e       0x2f zephyr/arch/arch/arm/core/aarch32/libarch__arm__core__aarch32.a(thread.c.obj)
 .comment       0x000000000000002e       0x2f zephyr/arch/arch/arm/core/aarch32/libarch__arm__core__aarch32.a(fatal.c.obj)
 .comment       0x000000000000002e       0x2f zephyr/arch/arch/arm/core/aarch32/libarch__arm__core__aarch32.a(nmi.c.obj)
 .comment       0x000000000000002e       0x2f zephyr/arch/arch/arm/core/aarch32/libarch__arm__core__aarch32.a(prep_c.c.obj)
 .comment       0x000000000000002e       0x2f zephyr/arch/arch/arm/core/aarch32/libarch__arm__core__aarch32.a(__aeabi_atexit.c.obj)
 .comment       0x000000000000002e       0x2f zephyr/arch/arch/arm/core/aarch32/cortex_m/libarch__arm__core__aarch32__cortex_m.a(fault.c.obj)
 .comment       0x000000000000002e       0x2f zephyr/arch/arch/arm/core/aarch32/cortex_m/libarch__arm__core__aarch32__cortex_m.a(irq_init.c.obj)
 .comment       0x000000000000002e       0x2f zephyr/arch/arch/arm/core/aarch32/cortex_m/libarch__arm__core__aarch32__cortex_m.a(thread_abort.c.obj)
 .comment       0x000000000000002e       0x2f zephyr/arch/arch/arm/core/aarch32/mpu/libarch__arm__core__aarch32__mpu.a(arm_core_mpu.c.obj)
 .comment       0x000000000000002e       0x2f zephyr/arch/arch/arm/core/aarch32/mpu/libarch__arm__core__aarch32__mpu.a(arm_mpu.c.obj)
 .comment       0x000000000000002e       0x2f zephyr/lib/libc/minimal/liblib__libc__minimal.a(malloc.c.obj)
 .comment       0x000000000000002e       0x2f zephyr/lib/libc/minimal/liblib__libc__minimal.a(string.c.obj)
 .comment       0x000000000000002e       0x2f zephyr/lib/libc/minimal/liblib__libc__minimal.a(stdout_console.c.obj)
 .comment       0x000000000000002e       0x2f zephyr/soc/arm/common/cortex_m/libsoc__arm__common__cortex_m.a(arm_mpu_regions.c.obj)
 .comment       0x000000000000002e       0x2f zephyr/drivers/gpio/libdrivers__gpio.a(gpio_stm32.c.obj)
 .comment       0x000000000000002e       0x2f zephyr/drivers/spi/libdrivers__spi.a(spi_ll_stm32.c.obj)
 .comment       0x000000000000002e       0x2f zephyr/drivers/serial/libdrivers__serial.a(uart_stm32.c.obj)
 .comment       0x000000000000002e       0x2f modules/stm32/stm32cube/lib..__modules__hal__stm32__stm32cube.a(system_stm32f4xx.c.obj)
 .comment       0x000000000000002e       0x2f modules/stm32/stm32cube/lib..__modules__hal__stm32__stm32cube.a(stm32f4xx_ll_utils.c.obj)
 .comment       0x000000000000002e       0x2f zephyr/kernel/libkernel.a(device.c.obj)
 .comment       0x000000000000002e       0x2f zephyr/kernel/libkernel.a(errno.c.obj)
 .comment       0x000000000000002e       0x2f zephyr/kernel/libkernel.a(fatal.c.obj)
 .comment       0x000000000000002e       0x2f zephyr/kernel/libkernel.a(init.c.obj)
 .comment       0x000000000000002e       0x2f zephyr/kernel/libkernel.a(thread.c.obj)
 .comment       0x000000000000002e       0x2f zephyr/kernel/libkernel.a(idle.c.obj)
 .comment       0x000000000000002e       0x2f zephyr/kernel/libkernel.a(mutex.c.obj)
 .comment       0x000000000000002e       0x2f zephyr/kernel/libkernel.a(sem.c.obj)
 .comment       0x000000000000002e       0x2f zephyr/kernel/libkernel.a(sched.c.obj)
 .comment       0x000000000000002e       0x2f zephyr/kernel/libkernel.a(xip.c.obj)
 .comment       0x000000000000002e       0x2f zephyr/kernel/libkernel.a(timeout.c.obj)
 .comment       0x000000000000002e       0x2f zephyr/kernel/libkernel.a(timer.c.obj)
 .comment       0x000000000000002e       0x2f zephyr/kernel/libkernel.a(banner.c.obj)
 .comment       0x000000000000002e       0x2f zephyr/kernel/libkernel.a(kheap.c.obj)
 .comment       0x000000000000002e       0x2f zephyr/CMakeFiles/offsets.dir/arch/arm/core/offsets/offsets.c.obj
 .comment       0x000000000000002e       0x2f zephyr/arch/common/libisr_tables.a(isr_tables.c.obj)

.debug
 *(SORT_BY_ALIGNMENT(.debug))

.line
 *(SORT_BY_ALIGNMENT(.line))

.debug_srcinfo
 *(SORT_BY_ALIGNMENT(.debug_srcinfo))

.debug_sfnames
 *(SORT_BY_ALIGNMENT(.debug_sfnames))

.debug_aranges  0x0000000000000000     0x11c8
 *(SORT_BY_ALIGNMENT(.debug_aranges))
 .debug_aranges
                0x0000000000000000       0x28 zephyr/arch/arch/arm/core/aarch32/libarch__arm__core__aarch32.a(swap_helper.S.obj)
 .debug_aranges
                0x0000000000000028       0x30 zephyr/arch/arch/arm/core/aarch32/libarch__arm__core__aarch32.a(cpu_idle.S.obj)
 .debug_aranges
                0x0000000000000058       0x20 zephyr/arch/arch/arm/core/aarch32/libarch__arm__core__aarch32.a(nmi_on_reset.S.obj)
 .debug_aranges
                0x0000000000000078       0x20 zephyr/arch/arch/arm/core/aarch32/libarch__arm__core__aarch32.a(isr_wrapper.S.obj)
 .debug_aranges
                0x0000000000000098       0x20 zephyr/arch/arch/arm/core/aarch32/cortex_m/libarch__arm__core__aarch32__cortex_m.a(reset.S.obj)
 .debug_aranges
                0x00000000000000b8       0x20 zephyr/arch/arch/arm/core/aarch32/cortex_m/libarch__arm__core__aarch32__cortex_m.a(fault_s.S.obj)
 .debug_aranges
                0x00000000000000d8       0x20 zephyr/arch/arch/arm/core/aarch32/cortex_m/libarch__arm__core__aarch32__cortex_m.a(exc_exit.S.obj)
 .debug_aranges
                0x00000000000000f8       0x68 app/libapp.a(main.cpp.obj)
 .debug_aranges
                0x0000000000000160       0x68 zephyr/libzephyr.a(printk.c.obj)
 .debug_aranges
                0x00000000000001c8       0x20 zephyr/libzephyr.a(thread_entry.c.obj)
 .debug_aranges
                0x00000000000001e8       0xa8 zephyr/libzephyr.a(heap.c.obj)
 .debug_aranges
                0x0000000000000290       0x30 zephyr/libzephyr.a(cbprintf_complete.c.obj)
 .debug_aranges
                0x00000000000002c0       0x20 zephyr/libzephyr.a(configs.c.obj)
 .debug_aranges
                0x00000000000002e0       0x20 zephyr/libzephyr.a(soc.c.obj)
 .debug_aranges
                0x0000000000000300       0x20 zephyr/libzephyr.a(soc_config.c.obj)
 .debug_aranges
                0x0000000000000320       0x58 zephyr/libzephyr.a(tty.c.obj)
 .debug_aranges
                0x0000000000000378       0x40 zephyr/libzephyr.a(getchar.c.obj)
 .debug_aranges
                0x00000000000003b8       0x20 zephyr/libzephyr.a(cpp_init_array.c.obj)
 .debug_aranges
                0x00000000000003d8       0x20 zephyr/libzephyr.a(cpp_ctors.c.obj)
 .debug_aranges
                0x00000000000003f8       0x20 zephyr/libzephyr.a(cpp_dtors.c.obj)
 .debug_aranges
                0x0000000000000418       0x28 zephyr/libzephyr.a(cpp_new.cpp.obj)
 .debug_aranges
                0x0000000000000440       0x70 zephyr/libzephyr.a(uart_console.c.obj)
 .debug_aranges
                0x00000000000004b0       0xa8 zephyr/libzephyr.a(intc_exti_stm32.c.obj)
 .debug_aranges
                0x0000000000000558       0x38 zephyr/libzephyr.a(clock_stm32_ll_common.c.obj)
 .debug_aranges
                0x0000000000000590       0x30 zephyr/libzephyr.a(clock_stm32f2_f4_f7.c.obj)
 .debug_aranges
                0x00000000000005c0       0x30 zephyr/libzephyr.a(pinmux_stm32.c.obj)
 .debug_aranges
                0x00000000000005f0       0x40 zephyr/libzephyr.a(sys_clock_init.c.obj)
 .debug_aranges
                0x0000000000000630       0x58 zephyr/libzephyr.a(cortex_m_systick.c.obj)
 .debug_aranges
                0x0000000000000688       0x20 zephyr/arch/arch/arm/core/aarch32/libarch__arm__core__aarch32.a(swap.c.obj)
 .debug_aranges
                0x00000000000006a8       0x40 zephyr/arch/arch/arm/core/aarch32/libarch__arm__core__aarch32.a(irq_manage.c.obj)
 .debug_aranges
                0x00000000000006e8       0x30 zephyr/arch/arch/arm/core/aarch32/libarch__arm__core__aarch32.a(thread.c.obj)
 .debug_aranges
                0x0000000000000718       0x30 zephyr/arch/arch/arm/core/aarch32/libarch__arm__core__aarch32.a(fatal.c.obj)
 .debug_aranges
                0x0000000000000748       0x20 zephyr/arch/arch/arm/core/aarch32/libarch__arm__core__aarch32.a(nmi.c.obj)
 .debug_aranges
                0x0000000000000768       0x20 zephyr/arch/arch/arm/core/aarch32/libarch__arm__core__aarch32.a(prep_c.c.obj)
 .debug_aranges
                0x0000000000000788       0x20 zephyr/arch/arch/arm/core/aarch32/libarch__arm__core__aarch32.a(__aeabi_atexit.c.obj)
 .debug_aranges
                0x00000000000007a8       0x38 zephyr/arch/arch/arm/core/aarch32/cortex_m/libarch__arm__core__aarch32__cortex_m.a(fault.c.obj)
 .debug_aranges
                0x00000000000007e0       0x20 zephyr/arch/arch/arm/core/aarch32/cortex_m/libarch__arm__core__aarch32__cortex_m.a(irq_init.c.obj)
 .debug_aranges
                0x0000000000000800       0x20 zephyr/arch/arch/arm/core/aarch32/cortex_m/libarch__arm__core__aarch32__cortex_m.a(thread_abort.c.obj)
 .debug_aranges
                0x0000000000000820       0x28 zephyr/arch/arch/arm/core/aarch32/mpu/libarch__arm__core__aarch32__mpu.a(arm_core_mpu.c.obj)
 .debug_aranges
                0x0000000000000848       0x48 zephyr/arch/arch/arm/core/aarch32/mpu/libarch__arm__core__aarch32__mpu.a(arm_mpu.c.obj)
 .debug_aranges
                0x0000000000000890       0x48 zephyr/lib/libc/minimal/liblib__libc__minimal.a(malloc.c.obj)
 .debug_aranges
                0x00000000000008d8       0x98 zephyr/lib/libc/minimal/liblib__libc__minimal.a(string.c.obj)
 .debug_aranges
                0x0000000000000970       0x58 zephyr/lib/libc/minimal/liblib__libc__minimal.a(stdout_console.c.obj)
 .debug_aranges
                0x00000000000009c8       0x18 zephyr/soc/arm/common/cortex_m/libsoc__arm__common__cortex_m.a(arm_mpu_regions.c.obj)
 .debug_aranges
                0x00000000000009e0       0x80 zephyr/drivers/gpio/libdrivers__gpio.a(gpio_stm32.c.obj)
 .debug_aranges
                0x0000000000000a60       0x48 zephyr/drivers/spi/libdrivers__spi.a(spi_ll_stm32.c.obj)
 .debug_aranges
                0x0000000000000aa8       0xe0 zephyr/drivers/serial/libdrivers__serial.a(uart_stm32.c.obj)
 .debug_aranges
                0x0000000000000b88       0x28 modules/stm32/stm32cube/lib..__modules__hal__stm32__stm32cube.a(system_stm32f4xx.c.obj)
 .debug_aranges
                0x0000000000000bb0       0x60 modules/stm32/stm32cube/lib..__modules__hal__stm32__stm32cube.a(stm32f4xx_ll_utils.c.obj)
 .debug_aranges
                0x0000000000000c10       0x50 zephyr/kernel/libkernel.a(device.c.obj)
 .debug_aranges
                0x0000000000000c60       0x20 zephyr/kernel/libkernel.a(errno.c.obj)
 .debug_aranges
                0x0000000000000c80       0x58 zephyr/kernel/libkernel.a(fatal.c.obj)
 .debug_aranges
                0x0000000000000cd8       0x38 zephyr/kernel/libkernel.a(init.c.obj)
 .debug_aranges
                0x0000000000000d10       0xa0 zephyr/kernel/libkernel.a(thread.c.obj)
 .debug_aranges
                0x0000000000000db0       0x28 zephyr/kernel/libkernel.a(idle.c.obj)
 .debug_aranges
                0x0000000000000dd8       0x38 zephyr/kernel/libkernel.a(mutex.c.obj)
 .debug_aranges
                0x0000000000000e10       0x38 zephyr/kernel/libkernel.a(sem.c.obj)
 .debug_aranges
                0x0000000000000e48      0x1e8 zephyr/kernel/libkernel.a(sched.c.obj)
 .debug_aranges
                0x0000000000001030       0x20 zephyr/kernel/libkernel.a(xip.c.obj)
 .debug_aranges
                0x0000000000001050       0x98 zephyr/kernel/libkernel.a(timeout.c.obj)
 .debug_aranges
                0x00000000000010e8       0x48 zephyr/kernel/libkernel.a(timer.c.obj)
 .debug_aranges
                0x0000000000001130       0x20 zephyr/kernel/libkernel.a(banner.c.obj)
 .debug_aranges
                0x0000000000001150       0x40 zephyr/kernel/libkernel.a(kheap.c.obj)
 .debug_aranges
                0x0000000000001190       0x20 zephyr/CMakeFiles/offsets.dir/arch/arm/core/offsets/offsets.c.obj
 .debug_aranges
                0x00000000000011b0       0x18 zephyr/arch/common/libisr_tables.a(isr_tables.c.obj)

.debug_pubnames
 *(SORT_BY_ALIGNMENT(.debug_pubnames))

.debug_info     0x0000000000000000    0x3f7a1
 *(SORT_BY_ALIGNMENT(.debug_info) SORT_BY_ALIGNMENT(.gnu.linkonce.wi.*))
 .debug_info    0x0000000000000000     0x1d1c app/libapp.a(main.cpp.obj)
 .debug_info    0x0000000000001d1c      0x512 zephyr/libzephyr.a(printk.c.obj)
 .debug_info    0x000000000000222e      0x605 zephyr/libzephyr.a(thread_entry.c.obj)
 .debug_info    0x0000000000002833     0x275a zephyr/libzephyr.a(heap.c.obj)
 .debug_info    0x0000000000004f8d     0x1044 zephyr/libzephyr.a(cbprintf_complete.c.obj)
 .debug_info    0x0000000000005fd1       0x38 zephyr/libzephyr.a(configs.c.obj)
 .debug_info    0x0000000000006009      0x321 zephyr/libzephyr.a(soc.c.obj)
 .debug_info    0x000000000000632a      0x262 zephyr/libzephyr.a(soc_config.c.obj)
 .debug_info    0x000000000000658c     0x1983 zephyr/libzephyr.a(tty.c.obj)
 .debug_info    0x0000000000007f0f      0x994 zephyr/libzephyr.a(getchar.c.obj)
 .debug_info    0x00000000000088a3       0x93 zephyr/libzephyr.a(cpp_init_array.c.obj)
 .debug_info    0x0000000000008936       0x82 zephyr/libzephyr.a(cpp_ctors.c.obj)
 .debug_info    0x00000000000089b8       0x9d zephyr/libzephyr.a(cpp_dtors.c.obj)
 .debug_info    0x0000000000008a55      0x157 zephyr/libzephyr.a(cpp_new.cpp.obj)
 .debug_info    0x0000000000008bac     0x1f0f zephyr/libzephyr.a(uart_console.c.obj)
 .debug_info    0x000000000000aabb     0x12d0 zephyr/libzephyr.a(intc_exti_stm32.c.obj)
 .debug_info    0x000000000000bd8b      0xe52 zephyr/libzephyr.a(clock_stm32_ll_common.c.obj)
 .debug_info    0x000000000000cbdd      0x378 zephyr/libzephyr.a(clock_stm32f2_f4_f7.c.obj)
 .debug_info    0x000000000000cf55      0x5eb zephyr/libzephyr.a(pinmux_stm32.c.obj)
 .debug_info    0x000000000000d540      0x3f4 zephyr/libzephyr.a(sys_clock_init.c.obj)
 .debug_info    0x000000000000d934      0xd9d zephyr/libzephyr.a(cortex_m_systick.c.obj)
 .debug_info    0x000000000000e6d1      0x7e6 zephyr/arch/arch/arm/core/aarch32/libarch__arm__core__aarch32.a(swap.c.obj)
 .debug_info    0x000000000000eeb7       0x22 zephyr/arch/arch/arm/core/aarch32/libarch__arm__core__aarch32.a(swap_helper.S.obj)
 .debug_info    0x000000000000eed9      0x84e zephyr/arch/arch/arm/core/aarch32/libarch__arm__core__aarch32.a(irq_manage.c.obj)
 .debug_info    0x000000000000f727      0x8c6 zephyr/arch/arch/arm/core/aarch32/libarch__arm__core__aarch32.a(thread.c.obj)