Archive member included to satisfy reference by file (symbol)

app/libapp.a(main.cpp.obj)    (--whole-archive)
zephyr/libzephyr.a(cbprintf.c.obj)
                              (--whole-archive)
zephyr/libzephyr.a(crc32_sw.c.obj)
                              (--whole-archive)
zephyr/libzephyr.a(crc16_sw.c.obj)
                              (--whole-archive)
zephyr/libzephyr.a(crc8_sw.c.obj)
                              (--whole-archive)
zephyr/libzephyr.a(crc7_sw.c.obj)
                              (--whole-archive)
zephyr/libzephyr.a(dec.c.obj)
                              (--whole-archive)
zephyr/libzephyr.a(fdtable.c.obj)
                              (--whole-archive)
zephyr/libzephyr.a(hex.c.obj)
                              (--whole-archive)
zephyr/libzephyr.a(notify.c.obj)
                              (--whole-archive)
zephyr/libzephyr.a(printk.c.obj)
                              (--whole-archive)
zephyr/libzephyr.a(onoff.c.obj)
                              (--whole-archive)
zephyr/libzephyr.a(rb.c.obj)  (--whole-archive)
zephyr/libzephyr.a(sem.c.obj)
                              (--whole-archive)
zephyr/libzephyr.a(thread_entry.c.obj)
                              (--whole-archive)
zephyr/libzephyr.a(timeutil.c.obj)
                              (--whole-archive)
zephyr/libzephyr.a(work_q.c.obj)
                              (--whole-archive)
zephyr/libzephyr.a(heap.c.obj)
                              (--whole-archive)
zephyr/libzephyr.a(heap-validate.c.obj)
                              (--whole-archive)
zephyr/libzephyr.a(cbprintf_complete.c.obj)
                              (--whole-archive)
zephyr/libzephyr.a(configs.c.obj)
                              (--whole-archive)
zephyr/libzephyr.a(soc_irq.S.obj)
                              (--whole-archive)
zephyr/libzephyr.a(vector.S.obj)
                              (--whole-archive)
zephyr/libzephyr.a(cpp_init_array.c.obj)
                              (--whole-archive)
zephyr/libzephyr.a(cpp_ctors.c.obj)
                              (--whole-archive)
zephyr/libzephyr.a(cpp_dtors.c.obj)
                              (--whole-archive)
zephyr/libzephyr.a(cpp_virtual.c.obj)
                              (--whole-archive)
zephyr/libzephyr.a(cpp_vtable.cpp.obj)
                              (--whole-archive)
zephyr/libzephyr.a(cpp_new.cpp.obj)
                              (--whole-archive)
zephyr/libzephyr.a(uart_console.c.obj)
                              (--whole-archive)
zephyr/libzephyr.a(intc_vexriscv_litex.c.obj)
                              (--whole-archive)
zephyr/libzephyr.a(sys_clock_init.c.obj)
                              (--whole-archive)
zephyr/libzephyr.a(litex_timer.c.obj)
                              (--whole-archive)
zephyr/arch/common/libarch__common.a(sw_isr_common.c.obj)
                              (--whole-archive)
zephyr/arch/arch/riscv/core/libarch__riscv__core.a(cpu_idle.c.obj)
                              (--whole-archive)
zephyr/arch/arch/riscv/core/libarch__riscv__core.a(fatal.c.obj)
                              (--whole-archive)
zephyr/arch/arch/riscv/core/libarch__riscv__core.a(irq_manage.c.obj)
                              (--whole-archive)
zephyr/arch/arch/riscv/core/libarch__riscv__core.a(isr.S.obj)
                              (--whole-archive)
zephyr/arch/arch/riscv/core/libarch__riscv__core.a(prep_c.c.obj)
                              (--whole-archive)
zephyr/arch/arch/riscv/core/libarch__riscv__core.a(reset.S.obj)
                              (--whole-archive)
zephyr/arch/arch/riscv/core/libarch__riscv__core.a(swap.S.obj)
                              (--whole-archive)
zephyr/arch/arch/riscv/core/libarch__riscv__core.a(thread.c.obj)
                              (--whole-archive)
zephyr/lib/libc/minimal/liblib__libc__minimal.a(abort.c.obj)
                              (--whole-archive)
zephyr/lib/libc/minimal/liblib__libc__minimal.a(atoi.c.obj)
                              (--whole-archive)
zephyr/lib/libc/minimal/liblib__libc__minimal.a(strtol.c.obj)
                              (--whole-archive)
zephyr/lib/libc/minimal/liblib__libc__minimal.a(strtoul.c.obj)
                              (--whole-archive)
zephyr/lib/libc/minimal/liblib__libc__minimal.a(malloc.c.obj)
                              (--whole-archive)
zephyr/lib/libc/minimal/liblib__libc__minimal.a(bsearch.c.obj)
                              (--whole-archive)
zephyr/lib/libc/minimal/liblib__libc__minimal.a(exit.c.obj)
                              (--whole-archive)
zephyr/lib/libc/minimal/liblib__libc__minimal.a(strncasecmp.c.obj)
                              (--whole-archive)
zephyr/lib/libc/minimal/liblib__libc__minimal.a(strstr.c.obj)
                              (--whole-archive)
zephyr/lib/libc/minimal/liblib__libc__minimal.a(string.c.obj)
                              (--whole-archive)
zephyr/lib/libc/minimal/liblib__libc__minimal.a(strspn.c.obj)
                              (--whole-archive)
[...]
Memory Configuration

Name             Origin             Length             Attributes
RAM              0x0000000040000000 0x0000000010000000 xrw
IDT_LIST         0x00000000fffff7ff 0x0000000000000800 xw
*default*        0x0000000000000000 0xffffffffffffffff

Linker script and memory map

LOAD zephyr/CMakeFiles/zephyr_final.dir/misc/empty_file.c.obj
LOAD zephyr/CMakeFiles/zephyr_final.dir/isr_tables.c.obj

.rel.plt        0x0000000000000000        0x0
 *(SORT_BY_ALIGNMENT(.rel.plt))
                [!provide]                        PROVIDE (__rel_iplt_start = .)
 *(SORT_BY_ALIGNMENT(.rel.iplt))
                [!provide]                        PROVIDE (__rel_iplt_end = .)

.rela.plt       0x0000000000000000        0x0
 *(SORT_BY_ALIGNMENT(.rela.plt))
                [!provide]                        PROVIDE (__rela_iplt_start = .)
 *(SORT_BY_ALIGNMENT(.rela.iplt))
                [!provide]                        PROVIDE (__rela_iplt_end = .)

.rel.dyn
 *(SORT_BY_ALIGNMENT(.rel.*))

.rela.dyn       0x0000000040000000        0x0
 *(SORT_BY_ALIGNMENT(.rela.*))
 .rela.text._ZN13cpp_semaphoreC2Ev
                0x0000000040000000        0x0 zephyr/CMakeFiles/zephyr_final.dir/isr_tables.c.obj
 .rela.text._GLOBAL__sub_I_coop_thread
                0x0000000040000000        0x0 zephyr/CMakeFiles/zephyr_final.dir/isr_tables.c.obj
 .rela.rodata._ZTV13cpp_semaphore
                0x0000000040000000        0x0 zephyr/CMakeFiles/zephyr_final.dir/isr_tables.c.obj
 .rela.sdata._char_out
                0x0000000040000000        0x0 zephyr/CMakeFiles/zephyr_final.dir/isr_tables.c.obj
 .rela.text.__do_init_array_aux
                0x0000000040000000        0x0 zephyr/CMakeFiles/zephyr_final.dir/isr_tables.c.obj
 .rela.text.__do_global_ctors_aux
                0x0000000040000000        0x0 zephyr/CMakeFiles/zephyr_final.dir/isr_tables.c.obj
 .rela.exception.entry.__irq_wrapper
                0x0000000040000000        0x0 zephyr/CMakeFiles/zephyr_final.dir/isr_tables.c.obj
 .rela.text.z_sys_init_run_level
                0x0000000040000000        0x0 zephyr/CMakeFiles/zephyr_final.dir/isr_tables.c.obj
 .rela.text.z_device_ready
                0x0000000040000000        0x0 zephyr/CMakeFiles/zephyr_final.dir/isr_tables.c.obj
 .rela.text.z_impl_device_get_binding
                0x0000000040000000        0x0 zephyr/CMakeFiles/zephyr_final.dir/isr_tables.c.obj
 .rela.rodata.levels.0
                0x0000000040000000        0x0 zephyr/CMakeFiles/zephyr_final.dir/isr_tables.c.obj
 .rela.text.k_sys_fatal_error_handler
                0x0000000040000000        0x0 zephyr/CMakeFiles/zephyr_final.dir/isr_tables.c.obj
 .rela.text.z_fatal_error
                0x0000000040000000        0x0 zephyr/CMakeFiles/zephyr_final.dir/isr_tables.c.obj
 .rela.text.z_bss_zero
                0x0000000040000000        0x0 zephyr/CMakeFiles/zephyr_final.dir/isr_tables.c.obj
 .rela.text.z_init_static_threads
                0x0000000040000000        0x0 zephyr/CMakeFiles/zephyr_final.dir/isr_tables.c.obj
 .rela.text.idle
                0x0000000040000000        0x0 zephyr/CMakeFiles/zephyr_final.dir/isr_tables.c.obj
 .rela.text.statics_init
                0x0000000040000000        0x0 zephyr/CMakeFiles/zephyr_final.dir/isr_tables.c.obj

.plt
 *(SORT_BY_ALIGNMENT(.plt))

.iplt
 *(SORT_BY_ALIGNMENT(.iplt))
                0x0000000000000000                _image_rom_start = .

vector          0x0000000040000000       0x10
                0x0000000040000000                . = ALIGN (0x4)
 *(SORT_BY_ALIGNMENT(.vectors.*))
 .vectors.__start
                0x0000000040000000       0x10 zephyr/libzephyr.a(vector.S.obj)
                0x0000000040000000                __start

reset
 *(SORT_BY_ALIGNMENT(.reset.*))

exceptions      0x0000000040000010      0x2b8
 *(SORT_BY_ALIGNMENT(.exception.entry.*))
 .exception.entry.__irq_wrapper
                0x0000000040000010      0x268 zephyr/arch/arch/riscv/core/libarch__riscv__core.a(isr.S.obj)
                0x0000000040000010                __irq_wrapper
 *(SORT_BY_ALIGNMENT(.exception.other.*))
 .exception.other.__soc_handle_irq
                0x0000000040000278       0x10 zephyr/libzephyr.a(soc_irq.S.obj)
                0x0000000040000278                __soc_handle_irq
 .exception.other.__soc_is_irq
                0x0000000040000288       0x1c zephyr/libzephyr.a(soc_irq.S.obj)
                0x0000000040000288                __soc_is_irq
 .exception.other.arch_swap
                0x00000000400002a4       0x24 zephyr/arch/arch/riscv/core/libarch__riscv__core.a(swap.S.obj)
                0x00000000400002a4                arch_swap

text            0x00000000400002c8     0x3f3c
                0x00000000400002c8                . = ALIGN (0x4)
 *(SORT_BY_ALIGNMENT(.openocd_debug))
 *(SORT_BY_ALIGNMENT(.openocd_debug.*))
                0x00000000400002c8                _image_text_start = .
 *(SORT_BY_ALIGNMENT(.text))
 .text          0x00000000400002c8       0x94 /home/david/zephyr-sdk-0.12.4/riscv64-zephyr-elf/bin/../lib/gcc/riscv64-zephyr-elf/10.2.0/libgcc.a(_clzsi2.o)
                0x00000000400002c8                __clzsi2
 .text          0x000000004000035c      0x4a0 /home/david/zephyr-sdk-0.12.4/riscv64-zephyr-elf/bin/../lib/gcc/riscv64-zephyr-elf/10.2.0/libgcc.a(_udivdi3.o)
                0x000000004000035c                __udivdi3
 .text          0x00000000400007fc      0x460 /home/david/zephyr-sdk-0.12.4/riscv64-zephyr-elf/bin/../lib/gcc/riscv64-zephyr-elf/10.2.0/libgcc.a(_umoddi3.o)
                0x00000000400007fc                __umoddi3
 *(SORT_BY_ALIGNMENT(.text.*))
 .text._ZN13cpp_semaphoreD2Ev
                0x0000000040000c5c        0x4 app/libapp.a(main.cpp.obj)
                0x0000000040000c5c                cpp_semaphore::~cpp_semaphore()
                0x0000000040000c5c                cpp_semaphore::~cpp_semaphore()
 .text._ZN13cpp_semaphore4waitEv
                0x0000000040000c60       0x28 app/libapp.a(main.cpp.obj)
                0x0000000040000c60                cpp_semaphore::wait()
 .text._ZN13cpp_semaphore4giveEv
                0x0000000040000c88        0x8 app/libapp.a(main.cpp.obj)
                0x0000000040000c88                cpp_semaphore::give()
 .text._ZN13cpp_semaphoreD0Ev
                0x0000000040000c90        0x4 app/libapp.a(main.cpp.obj)
                0x0000000040000c90                cpp_semaphore::~cpp_semaphore()
 .text._ZN13cpp_semaphore4waitEi
                0x0000000040000c94       0x14 app/libapp.a(main.cpp.obj)
                0x0000000040000c94                cpp_semaphore::wait(int)
 .text._Z17coop_thread_entryv
                0x0000000040000ca8       0x90 app/libapp.a(main.cpp.obj)
                0x0000000040000ca8                coop_thread_entry()
 .text._ZN13cpp_semaphoreC2Ev
                0x0000000040000d38       0x48 app/libapp.a(main.cpp.obj)
                0x0000000040000d38                cpp_semaphore::cpp_semaphore()
                0x0000000040000d38                cpp_semaphore::cpp_semaphore()
 .text.main     0x0000000040000d80       0xdc app/libapp.a(main.cpp.obj)
                0x0000000040000d80                main
 .text._GLOBAL__sub_I_coop_thread
                0x0000000040000e5c       0x68 app/libapp.a(main.cpp.obj)
 .text.arch_printk_char_out
                0x0000000040000ec4        0x8 zephyr/libzephyr.a(printk.c.obj)
                0x0000000040000ec4                arch_printk_char_out
 .text.char_out
                0x0000000040000ecc       0x18 zephyr/libzephyr.a(printk.c.obj)
 .text.__printk_hook_install
                0x0000000040000ee4        0xc zephyr/libzephyr.a(printk.c.obj)
                0x0000000040000ee4                __printk_hook_install
 .text.vprintk  0x0000000040000ef0       0x30 zephyr/libzephyr.a(printk.c.obj)
                0x0000000040000ef0                vprintk
 .text.printk   0x0000000040000f20       0x3c zephyr/libzephyr.a(printk.c.obj)
                0x0000000040000f20                printk
 .text.z_thread_entry
                0x0000000040000f5c       0x24 zephyr/libzephyr.a(thread_entry.c.obj)
                0x0000000040000f5c                z_thread_entry
 .text.chunk_field
                0x0000000040000f80       0x34 zephyr/libzephyr.a(heap.c.obj)
 .text.chunk_set
                0x0000000040000fb4       0x34 zephyr/libzephyr.a(heap.c.obj)
 .text.chunk_size
                0x0000000040000fe8       0x20 zephyr/libzephyr.a(heap.c.obj)
 .text.set_chunk_used
                0x0000000040001008       0x4c zephyr/libzephyr.a(heap.c.obj)
 .text.set_chunk_size
                0x0000000040001054        0xc zephyr/libzephyr.a(heap.c.obj)
 .text.bucket_idx.isra.0
                0x0000000040001060       0x44 zephyr/libzephyr.a(heap.c.obj)
 .text.free_list_remove_bidx
                0x00000000400010a4       0xe4 zephyr/libzephyr.a(heap.c.obj)
 .text.free_list_remove
                0x0000000040001188       0x7c zephyr/libzephyr.a(heap.c.obj)
 .text.merge_chunks
                0x0000000040001204       0x84 zephyr/libzephyr.a(heap.c.obj)
 .text.free_list_add
                0x0000000040001288      0x128 zephyr/libzephyr.a(heap.c.obj)
 .text.free_chunk
                0x00000000400013b0       0xe8 zephyr/libzephyr.a(heap.c.obj)
 .text.sys_heap_free
                0x0000000040001498       0x58 zephyr/libzephyr.a(heap.c.obj)
                0x0000000040001498                sys_heap_free
 .text.sys_heap_init
                0x00000000400014f0      0x138 zephyr/libzephyr.a(heap.c.obj)
                0x00000000400014f0                sys_heap_init
 .text.encode_uint
                0x0000000040001628      0x15c zephyr/libzephyr.a(cbprintf_complete.c.obj)
 .text.outs     0x0000000040001784       0x78 zephyr/libzephyr.a(cbprintf_complete.c.obj)
 .text.extract_conversion
                0x00000000400017fc      0x400 zephyr/libzephyr.a(cbprintf_complete.c.obj)
 .text.cbvprintf
                0x0000000040001bfc      0x68c zephyr/libzephyr.a(cbprintf_complete.c.obj)
                0x0000000040001bfc                cbvprintf
 .text._ConfigAbsSyms
                0x0000000040002288        0x4 zephyr/libzephyr.a(configs.c.obj)
                0x0000000040002288                _ConfigAbsSyms
 .text.__do_init_array_aux
                0x000000004000228c       0x48 zephyr/libzephyr.a(cpp_init_array.c.obj)
                0x000000004000228c                __do_init_array_aux
 .text.__do_global_ctors_aux
                0x00000000400022d4       0x50 zephyr/libzephyr.a(cpp_ctors.c.obj)
                0x00000000400022d4                __do_global_ctors_aux
 .text.__cxa_atexit
                0x0000000040002324        0x8 zephyr/libzephyr.a(cpp_dtors.c.obj)
                0x0000000040002324                __cxa_atexit
 .text._ZdlPv   0x000000004000232c        0x4 zephyr/libzephyr.a(cpp_new.cpp.obj)
                0x000000004000232c                operator delete(void*)
 .text.uart_console_init
                0x0000000040002330       0x48 zephyr/libzephyr.a(uart_console.c.obj)
 .text.console_out
                0x0000000040002378       0x64 zephyr/libzephyr.a(uart_console.c.obj)
 .text.vexriscv_litex_irq_init
                0x00000000400023dc       0x1c zephyr/libzephyr.a(intc_vexriscv_litex.c.obj)
 .text.vexriscv_litex_irq_handler
                0x00000000400023f8       0x2c zephyr/libzephyr.a(intc_vexriscv_litex.c.obj)
 .text.arch_irq_enable
                0x0000000040002424       0x18 zephyr/libzephyr.a(intc_vexriscv_litex.c.obj)
                0x0000000040002424                arch_irq_enable
 .text.mtime    0x000000004000243c       0x24 zephyr/libzephyr.a(litex_timer.c.obj)
 .text.litex_timer_irq_handler
                0x0000000040002460       0xa8 zephyr/libzephyr.a(litex_timer.c.obj)
 .text.z_clock_driver_init
                0x0000000040002508       0xac zephyr/libzephyr.a(litex_timer.c.obj)
                0x0000000040002508                z_clock_driver_init
 .text.z_clock_set_timeout
                0x00000000400025b4       0xec zephyr/libzephyr.a(litex_timer.c.obj)
                0x00000000400025b4                z_clock_set_timeout
 .text.z_clock_elapsed
                0x00000000400026a0       0x48 zephyr/libzephyr.a(litex_timer.c.obj)
                0x00000000400026a0                z_clock_elapsed
 .text.arch_cpu_idle
                0x00000000400026e8        0xc zephyr/arch/arch/riscv/core/libarch__riscv__core.a(cpu_idle.c.obj)
                0x00000000400026e8                arch_cpu_idle
 .text.z_riscv_fatal_error
                0x00000000400026f4        0xc zephyr/arch/arch/riscv/core/libarch__riscv__core.a(fatal.c.obj)
                0x00000000400026f4                z_riscv_fatal_error
 .text._Fault   0x0000000040002700       0x18 zephyr/arch/arch/riscv/core/libarch__riscv__core.a(fatal.c.obj)
                0x0000000040002700                _Fault
 .text.z_irq_spurious
                0x0000000040002718       0x18 zephyr/arch/arch/riscv/core/libarch__riscv__core.a(irq_manage.c.obj)
                0x0000000040002718                z_irq_spurious
 .text._PrepC   0x0000000040002730       0x10 zephyr/arch/arch/riscv/core/libarch__riscv__core.a(prep_c.c.obj)
                0x0000000040002730                _PrepC
 .text.__initialize
                0x0000000040002740       0x2c zephyr/arch/arch/riscv/core/libarch__riscv__core.a(reset.S.obj)
                0x0000000040002740                __initialize
 .text.z_thread_entry_wrapper
                0x000000004000276c        0x4 zephyr/arch/arch/riscv/core/libarch__riscv__core.a(swap.S.obj)
                0x000000004000276c                z_thread_entry_wrapper
 .text.arch_new_thread
                0x0000000040002770       0x34 zephyr/arch/arch/riscv/core/libarch__riscv__core.a(thread.c.obj)
                0x0000000040002770                arch_new_thread
 .text.malloc_prepare
                0x00000000400027a4       0x30 zephyr/lib/libc/minimal/liblib__libc__minimal.a(malloc.c.obj)
 .text.free     0x00000000400027d4       0x10 zephyr/lib/libc/minimal/liblib__libc__minimal.a(malloc.c.obj)
                0x00000000400027d4                free
 .text.strlen   0x00000000400027e4       0x20 zephyr/lib/libc/minimal/liblib__libc__minimal.a(string.c.obj)
                0x00000000400027e4                strlen
 .text.strnlen  0x0000000040002804       0x24 zephyr/lib/libc/minimal/liblib__libc__minimal.a(string.c.obj)
                0x0000000040002804                strnlen
 .text.strcmp   0x0000000040002828       0x24 zephyr/lib/libc/minimal/liblib__libc__minimal.a(string.c.obj)
                0x0000000040002828                strcmp
 .text.memset   0x000000004000284c       0x88 zephyr/lib/libc/minimal/liblib__libc__minimal.a(string.c.obj)
                0x000000004000284c                memset
 .text._stdout_hook_default
                0x00000000400028d4        0x8 zephyr/lib/libc/minimal/liblib__libc__minimal.a(stdout_console.c.obj)
 .text.__stdout_hook_install
                0x00000000400028dc        0xc zephyr/lib/libc/minimal/liblib__libc__minimal.a(stdout_console.c.obj)
                0x00000000400028dc                __stdout_hook_install
 .text.uart_liteuart_poll_out
                0x00000000400028e8       0x18 zephyr/drivers/serial/libdrivers__serial.a(uart_liteuart.c.obj)
 .text.uart_liteuart_poll_in
                0x0000000040002900       0x2c zephyr/drivers/serial/libdrivers__serial.a(uart_liteuart.c.obj)
 .text.uart_liteuart_init
                0x000000004000292c       0x14 zephyr/drivers/serial/libdrivers__serial.a(uart_liteuart.c.obj)
 .text.z_sys_init_run_level
                0x0000000040002940       0xc4 zephyr/kernel/libkernel.a(device.c.obj)
                0x0000000040002940                z_sys_init_run_level
 .text.z_device_ready
                0x0000000040002a04       0x3c zephyr/kernel/libkernel.a(device.c.obj)
                0x0000000040002a04                z_device_ready
 .text.z_impl_device_get_binding
                0x0000000040002a40       0xa4 zephyr/kernel/libkernel.a(device.c.obj)
                0x0000000040002a40                z_impl_device_get_binding
 .text.arch_system_halt
                0x0000000040002ae4        0xc zephyr/kernel/libkernel.a(fatal.c.obj)
                0x0000000040002ae4                arch_system_halt
 .text.k_sys_fatal_error_handler
                0x0000000040002af0        0xc zephyr/kernel/libkernel.a(fatal.c.obj)
                0x0000000040002af0                k_sys_fatal_error_handler
 .text.z_fatal_error
                0x0000000040002afc       0x5c zephyr/kernel/libkernel.a(fatal.c.obj)
                0x0000000040002afc                z_fatal_error
 .text.z_bss_zero
                0x0000000040002b58       0x20 zephyr/kernel/libkernel.a(init.c.obj)
                0x0000000040002b58                z_bss_zero
 .text.bg_thread_main
                0x0000000040002b78       0x58 zephyr/kernel/libkernel.a(init.c.obj)
 .text.z_cstart
                0x0000000040002bd0      0x124 zephyr/kernel/libkernel.a(init.c.obj)
                0x0000000040002bd0                z_cstart
 .text.sys_dlist_remove
                0x0000000040002cf4       0x1c zephyr/kernel/libkernel.a(sched.c.obj)
 .text.unpend_thread_no_timeout
                0x0000000040002d10       0x34 zephyr/kernel/libkernel.a(sched.c.obj)
 .text.z_reset_time_slice
                0x0000000040002d44       0x58 zephyr/kernel/libkernel.a(sched.c.obj)
                0x0000000040002d44                z_reset_time_slice
 .text.k_sched_time_slice_set
                0x0000000040002d9c       0x48 zephyr/kernel/libkernel.a(sched.c.obj)
                0x0000000040002d9c                k_sched_time_slice_set
 .text.z_unpend_thread_no_timeout
                0x0000000040002de4       0x30 zephyr/kernel/libkernel.a(sched.c.obj)
                0x0000000040002de4                z_unpend_thread_no_timeout
 .text.z_reschedule
                0x0000000040002e14       0x34 zephyr/kernel/libkernel.a(sched.c.obj)
                0x0000000040002e14                z_reschedule
 .text.z_reschedule_irqlock
                0x0000000040002e48       0x20 zephyr/kernel/libkernel.a(sched.c.obj)
                0x0000000040002e48                z_reschedule_irqlock
 .text.z_reschedule_unlocked
                0x0000000040002e68       0x10 zephyr/kernel/libkernel.a(sched.c.obj)
 .text.k_sched_lock
                0x0000000040002e78       0x28 zephyr/kernel/libkernel.a(sched.c.obj)
                0x0000000040002e78                k_sched_lock
 .text.z_priq_dumb_best
                0x0000000040002ea0       0x14 zephyr/kernel/libkernel.a(sched.c.obj)
                0x0000000040002ea0                z_priq_dumb_best
 .text.update_cache
                0x0000000040002eb4       0xac zephyr/kernel/libkernel.a(sched.c.obj)
 .text.k_sched_unlock
                0x0000000040002f60       0x48 zephyr/kernel/libkernel.a(sched.c.obj)
                0x0000000040002f60                k_sched_unlock
 .text.ready_thread
                0x0000000040002fa8       0x9c zephyr/kernel/libkernel.a(sched.c.obj)
 .text.z_ready_thread
                0x0000000040003044       0x30 zephyr/kernel/libkernel.a(sched.c.obj)
                0x0000000040003044                z_ready_thread
 .text.z_sched_start
                0x0000000040003074       0x50 zephyr/kernel/libkernel.a(sched.c.obj)
                0x0000000040003074                z_sched_start
 .text.z_thread_timeout
                0x00000000400030c4       0x60 zephyr/kernel/libkernel.a(sched.c.obj)
                0x00000000400030c4                z_thread_timeout
 .text.move_thread_to_end_of_prio_q
                0x0000000040003124       0xac zephyr/kernel/libkernel.a(sched.c.obj)
 .text.z_time_slice
                0x00000000400031d0       0xa0 zephyr/kernel/libkernel.a(sched.c.obj)
                0x00000000400031d0                z_time_slice
 .text.z_impl_k_thread_suspend
                0x0000000040003270       0xa8 zephyr/kernel/libkernel.a(sched.c.obj)
                0x0000000040003270                z_impl_k_thread_suspend
 .text.z_thread_single_abort
                0x0000000040003318      0x170 zephyr/kernel/libkernel.a(sched.c.obj)
                0x0000000040003318                z_thread_single_abort
 .text.unready_thread
                0x0000000040003488       0x48 zephyr/kernel/libkernel.a(sched.c.obj)
 .text.add_to_waitq_locked
                0x00000000400034d0       0x9c zephyr/kernel/libkernel.a(sched.c.obj)
 .text.pend     0x000000004000356c       0x78 zephyr/kernel/libkernel.a(sched.c.obj)
 .text.z_pend_curr
                0x00000000400035e4       0x3c zephyr/kernel/libkernel.a(sched.c.obj)
                0x00000000400035e4                z_pend_curr
 .text.z_unpend_first_thread
                0x0000000040003620       0x64 zephyr/kernel/libkernel.a(sched.c.obj)
                0x0000000040003620                z_unpend_first_thread
 .text.z_sched_init
                0x0000000040003684       0x20 zephyr/kernel/libkernel.a(sched.c.obj)
                0x0000000040003684                z_sched_init
 .text.z_impl_k_current_get
                0x00000000400036a4        0xc zephyr/kernel/libkernel.a(sched.c.obj)
                0x00000000400036a4                z_impl_k_current_get
 .text.z_impl_k_sem_init
                0x00000000400036b0       0x2c zephyr/kernel/libkernel.a(sem.c.obj)
                0x00000000400036b0                z_impl_k_sem_init
 .text.z_impl_k_sem_give
                0x00000000400036dc       0x6c zephyr/kernel/libkernel.a(sem.c.obj)
                0x00000000400036dc                z_impl_k_sem_give
 .text.z_impl_k_sem_take
                0x0000000040003748       0x54 zephyr/kernel/libkernel.a(sem.c.obj)
                0x0000000040003748                z_impl_k_sem_take
 .text.z_setup_new_thread
                0x000000004000379c       0x84 zephyr/kernel/libkernel.a(thread.c.obj)
                0x000000004000379c                z_setup_new_thread
 .text.z_impl_k_thread_create
                0x0000000040003820       0x84 zephyr/kernel/libkernel.a(thread.c.obj)
                0x0000000040003820                z_impl_k_thread_create
 .text.z_init_static_threads
                0x00000000400038a4       0xd4 zephyr/kernel/libkernel.a(thread.c.obj)
                0x00000000400038a4                z_init_static_threads
 .text.z_self_abort
                0x0000000040003978       0x30 zephyr/kernel/libkernel.a(thread_abort.c.obj)
                0x0000000040003978                z_self_abort
 .text.z_impl_k_thread_abort
                0x00000000400039a8       0x64 zephyr/kernel/libkernel.a(thread_abort.c.obj)
                0x00000000400039a8                z_impl_k_thread_abort
 .text.boot_banner
                0x0000000040003a0c       0x1c zephyr/kernel/libkernel.a(banner.c.obj)
                0x0000000040003a0c                boot_banner
 .text.elapsed  0x0000000040003a28       0x18 zephyr/kernel/libkernel.a(timeout.c.obj)
 .text.next_timeout
                0x0000000040003a40       0x90 zephyr/kernel/libkernel.a(timeout.c.obj)
 .text.remove_timeout
                0x0000000040003ad0       0x58 zephyr/kernel/libkernel.a(timeout.c.obj)
 .text.z_add_timeout
                0x0000000040003b28      0x1c8 zephyr/kernel/libkernel.a(timeout.c.obj)
                0x0000000040003b28                z_add_timeout
 .text.z_abort_timeout
                0x0000000040003cf0       0x44 zephyr/kernel/libkernel.a(timeout.c.obj)
                0x0000000040003cf0                z_abort_timeout
 .text.z_get_next_timeout_expiry
                0x0000000040003d34       0x30 zephyr/kernel/libkernel.a(timeout.c.obj)
                0x0000000040003d34                z_get_next_timeout_expiry
 .text.z_set_timeout_expiry
                0x0000000040003d64       0x58 zephyr/kernel/libkernel.a(timeout.c.obj)
                0x0000000040003d64                z_set_timeout_expiry
 .text.z_clock_announce
                0x0000000040003dbc      0x13c zephyr/kernel/libkernel.a(timeout.c.obj)
                0x0000000040003dbc                z_clock_announce
 .text.z_timer_expiration_handler
                0x0000000040003ef8       0xa0 zephyr/kernel/libkernel.a(timer.c.obj)
                0x0000000040003ef8                z_timer_expiration_handler
 .text.k_timer_init
                0x0000000040003f98       0x28 zephyr/kernel/libkernel.a(timer.c.obj)
                0x0000000040003f98                k_timer_init
 .text.z_impl_k_timer_start
                0x0000000040003fc0      0x10c zephyr/kernel/libkernel.a(timer.c.obj)
                0x0000000040003fc0                z_impl_k_timer_start
 .text.z_impl_k_timer_status_sync
                0x00000000400040cc       0x70 zephyr/kernel/libkernel.a(timer.c.obj)
                0x00000000400040cc                z_impl_k_timer_status_sync
 .text.idle     0x000000004000413c       0x60 zephyr/kernel/libkernel.a(idle.c.obj)
                0x000000004000413c                idle
 .text.k_heap_init
                0x000000004000419c       0x10 zephyr/kernel/libkernel.a(kheap.c.obj)
                0x000000004000419c                k_heap_init
 .text.statics_init
                0x00000000400041ac       0x54 zephyr/kernel/libkernel.a(kheap.c.obj)
 .text._OffsetAbsSyms
                0x0000000040004200        0x4 zephyr/CMakeFiles/offsets.dir/arch/riscv/core/offsets/offsets.c.obj
                0x0000000040004200                _OffsetAbsSyms
 *(SORT_BY_ALIGNMENT(.gnu.linkonce.t.*))
 *(SORT_BY_ALIGNMENT(.eh_frame))
                0x0000000040004204                _image_text_end = .
                0x0000000040004204                _image_rodata_start = .

initlevel       0x0000000040004204       0x30
                0x0000000040004204                __init_start = .
                0x0000000040004204                __init_PRE_KERNEL_1_start = .
 *(SORT_BY_NAME(SORT_BY_ALIGNMENT(.init_PRE_KERNEL_1[0-9]*)))
 .init_PRE_KERNEL_130
                0x0000000040004204        0x8 zephyr/kernel/libkernel.a(kheap.c.obj)
 .init_PRE_KERNEL_150
                0x000000004000420c        0x8 zephyr/drivers/serial/libdrivers__serial.a(uart_liteuart.c.obj)
 .init_PRE_KERNEL_160
                0x0000000040004214        0x8 zephyr/libzephyr.a(uart_console.c.obj)
 *(SORT_BY_NAME(SORT_BY_ALIGNMENT(.init_PRE_KERNEL_1[1-9][0-9]*)))
                0x000000004000421c                __init_PRE_KERNEL_2_start = .
 *(SORT_BY_NAME(SORT_BY_ALIGNMENT(.init_PRE_KERNEL_2[0-9]*)))
 .init_PRE_KERNEL_20
                0x000000004000421c        0x8 zephyr/libzephyr.a(sys_clock_init.c.obj)
 .init_PRE_KERNEL_240
                0x0000000040004224        0x8 zephyr/libzephyr.a(intc_vexriscv_litex.c.obj)
 *(SORT_BY_NAME(SORT_BY_ALIGNMENT(.init_PRE_KERNEL_2[1-9][0-9]*)))
                0x000000004000422c                __init_POST_KERNEL_start = .
 *(SORT_BY_NAME(SORT_BY_ALIGNMENT(.init_POST_KERNEL[0-9]*)))
 *(SORT_BY_NAME(SORT_BY_ALIGNMENT(.init_POST_KERNEL[1-9][0-9]*)))
                0x000000004000422c                __init_APPLICATION_start = .
 *(SORT_BY_NAME(SORT_BY_ALIGNMENT(.init_APPLICATION[0-9]*)))
 .init_APPLICATION40
                0x000000004000422c        0x8 zephyr/lib/libc/minimal/liblib__libc__minimal.a(malloc.c.obj)
 *(SORT_BY_NAME(SORT_BY_ALIGNMENT(.init_APPLICATION[1-9][0-9]*)))
                0x0000000040004234                __init_SMP_start = .
 *(SORT_BY_NAME(SORT_BY_ALIGNMENT(.init_SMP[0-9]*)))
 *(SORT_BY_NAME(SORT_BY_ALIGNMENT(.init_SMP[1-9][0-9]*)))
                0x0000000040004234                __init_end = .

sw_isr_table    0x0000000040004234       0x60
                0x0000000040004234                . = ALIGN (0x0)
 *(SORT_BY_ALIGNMENT(.gnu.linkonce.sw_isr_table*))
 .gnu.linkonce.sw_isr_table*
                0x0000000040004234       0x60 zephyr/CMakeFiles/zephyr_final.dir/isr_tables.c.obj
                0x0000000040004234                _sw_isr_table

initlevel_error
                0x0000000040004204        0x0
 *(SORT_BY_NAME(SORT_BY_ALIGNMENT(.init_[_A-Z0-9]*)))
                0x0000000000000001                ASSERT ((SIZEOF (initlevel_error) == 0x0), Undefined initialization levels used.)

ctors           0x0000000040004294        0x8
                0x0000000040004294                . = ALIGN (0x4)
                0x0000000040004294                __CTOR_LIST__ = .
                0x0000000040004294        0x4 LONG 0x0 (((__CTOR_END__ - __CTOR_LIST__) / 0x4) - 0x2)
 *(SORT_BY_NAME(SORT_BY_ALIGNMENT(.ctors*)))
                0x0000000040004298        0x4 LONG 0x0
                0x000000004000429c                __CTOR_END__ = .

init_array      0x000000004000429c        0x4
                0x000000004000429c                . = ALIGN (0x4)
                0x000000004000429c                __init_array_start = .
 *(SORT_BY_NAME(SORT_BY_ALIGNMENT(.init_array*)))
 .init_array    0x000000004000429c        0x4 app/libapp.a(main.cpp.obj)
                0x00000000400042a0                __init_array_end = .

app_shmem_regions
                0x00000000400042a0        0x0
                0x00000000400042a0                __app_shmem_regions_start = .
 *(SORT_BY_NAME(SORT_BY_ALIGNMENT(.app_regions.*)))
                0x00000000400042a0                __app_shmem_regions_end = .

bt_l2cap_fixed_chan_area
                0x00000000400042a0        0x0
                0x00000000400042a0                _bt_l2cap_fixed_chan_list_start = .
 *(SORT_BY_NAME(SORT_BY_ALIGNMENT(._bt_l2cap_fixed_chan.static.*)))
                0x00000000400042a0                _bt_l2cap_fixed_chan_list_end = .

bt_gatt_service_static_area
                0x00000000400042a0        0x0
                0x00000000400042a0                _bt_gatt_service_static_list_start = .
 *(SORT_BY_NAME(SORT_BY_ALIGNMENT(._bt_gatt_service_static.static.*)))
                0x00000000400042a0                _bt_gatt_service_static_list_end = .

log_const_sections
                0x00000000400042a0        0x0
                0x00000000400042a0                __log_const_start = .
 *(SORT_BY_NAME(SORT_BY_ALIGNMENT(.log_const_*)))
                0x00000000400042a0                __log_const_end = .

log_backends_sections
                0x00000000400042a0        0x0
                0x00000000400042a0                __log_backends_start = .
 *(SORT_BY_ALIGNMENT(._log_backend.*))
                0x00000000400042a0                __log_backends_end = .

shell_area      0x00000000400042a0        0x0
                0x00000000400042a0                _shell_list_start = .
 *(SORT_BY_NAME(SORT_BY_ALIGNMENT(._shell.static.*)))
                0x00000000400042a0                _shell_list_end = .

shell_root_cmds_sections
                0x00000000400042a0        0x0
                0x00000000400042a0                __shell_root_cmds_start = .
 *(SORT_BY_NAME(SORT_BY_ALIGNMENT(.shell_root_cmd_*)))
                0x00000000400042a0                __shell_root_cmds_end = .

font_entry_sections
                0x00000000400042a0        0x0
                0x00000000400042a0                __font_entry_start = .
 *(SORT_BY_NAME(SORT_BY_ALIGNMENT(._cfb_font.*)))
                0x00000000400042a0                __font_entry_end = .

tracing_backend_area
                0x00000000400042a0        0x0
                0x00000000400042a0                _tracing_backend_list_start = .
 *(SORT_BY_NAME(SORT_BY_ALIGNMENT(._tracing_backend.static.*)))
                0x00000000400042a0                _tracing_backend_list_end = .

tdata           0x00000000400042a0        0x0
 *(SORT_BY_ALIGNMENT(.tdata) SORT_BY_ALIGNMENT(.tdata.*) SORT_BY_ALIGNMENT(.gnu.linkonce.td.*))

tbss            0x00000000400042a0        0x0
 *(SORT_BY_ALIGNMENT(.tbss) SORT_BY_ALIGNMENT(.tbss.*) SORT_BY_ALIGNMENT(.gnu.linkonce.tb.*) SORT_BY_ALIGNMENT(.tcommon))
                [!provide]                        PROVIDE (__tdata_start = LOADADDR (tdata))
                [!provide]                        PROVIDE (__tdata_size = SIZEOF (tdata))
                [!provide]                        PROVIDE (__tdata_end = (__tdata_start + __tdata_size))
                [!provide]                        PROVIDE (__tbss_start = LOADADDR (tbss))
                [!provide]                        PROVIDE (__tbss_size = SIZEOF (tbss))
                [!provide]                        PROVIDE (__tbss_end = (__tbss_start + __tbss_size))
                [!provide]                        PROVIDE (__tls_start = __tdata_start)
                [!provide]                        PROVIDE (__tls_end = __tbss_end)
                [!provide]                        PROVIDE (__tls_size = (__tbss_end - __tdata_start))

rodata          0x00000000400042a0      0x300
                0x00000000400042a0                . = ALIGN (0x4)
 *(SORT_BY_ALIGNMENT(.srodata))
 *(SORT_BY_ALIGNMENT(.srodata.*))
 .srodata._k_neg_eagain
                0x00000000400042a0        0x4 zephyr/kernel/libkernel.a(errno.c.obj)
                0x00000000400042a0                _k_neg_eagain
 *(SORT_BY_ALIGNMENT(.rodata))
 .rodata        0x00000000400042a4      0x100 /home/david/zephyr-sdk-0.12.4/riscv64-zephyr-elf/bin/../lib/gcc/riscv64-zephyr-elf/10.2.0/libgcc.a(_clz.o)
                0x00000000400042a4                __clz_tab
 *(SORT_BY_ALIGNMENT(.rodata.*))
 .rodata._Z17coop_thread_entryv.str1.4
                0x00000000400043a4       0x26 app/libapp.a(main.cpp.obj)
 *fill*         0x00000000400043ca        0x2 
 .rodata._ZN13cpp_semaphoreC2Ev.str1.4
                0x00000000400043cc       0x15 app/libapp.a(main.cpp.obj)
 *fill*         0x00000000400043e1        0x3 
 .rodata.main.str1.4
                0x00000000400043e4        0x5 app/libapp.a(main.cpp.obj)
 *fill*         0x00000000400043e9        0x3 
 .rodata._ZTV13cpp_semaphore
                0x00000000400043ec       0x1c app/libapp.a(main.cpp.obj)
                0x00000000400043ec                vtable for cpp_semaphore
 .rodata.extract_conversion
                0x0000000040004408       0x84 zephyr/libzephyr.a(cbprintf_complete.c.obj)
 .rodata.cbvprintf.str1.4
                0x000000004000448c        0x6 zephyr/libzephyr.a(cbprintf_complete.c.obj)
 *fill*         0x0000000040004492        0x2 
 .rodata.cbvprintf
                0x0000000040004494       0x78 zephyr/libzephyr.a(cbprintf_complete.c.obj)
 .rodata.uart_console_init.str1.4
                0x000000004000450c        0x6 zephyr/libzephyr.a(uart_console.c.obj)
 *fill*         0x0000000040004512        0x2 
 .rodata.str1.4
                0x0000000040004514        0xa zephyr/libzephyr.a(sys_clock_init.c.obj)
 .rodata.str1.4
                0x000000004000451e        0x6 zephyr/drivers/serial/libdrivers__serial.a(uart_liteuart.c.obj)
 *fill*         0x000000004000451e        0x2 
 .rodata.uart_liteuart_dev_cfg_0
                0x0000000040004520        0xc zephyr/drivers/serial/libdrivers__serial.a(uart_liteuart.c.obj)
 .rodata.uart_liteuart_driver_api
                0x000000004000452c       0x14 zephyr/drivers/serial/libdrivers__serial.a(uart_liteuart.c.obj)
 .rodata.levels.0
                0x0000000040004540       0x14 zephyr/kernel/libkernel.a(device.c.obj)
 .rodata.z_cstart.str1.4
                0x0000000040004554        0x5 zephyr/kernel/libkernel.a(init.c.obj)
 .rodata.boot_banner.str1.4
                0x0000000040004554       0x4b zephyr/kernel/libkernel.a(banner.c.obj)
                                         0x4f (size before relaxing)
 *(SORT_BY_ALIGNMENT(.gnu.linkonce.r.*))
 *(SORT_BY_ALIGNMENT(.sdata2) SORT_BY_ALIGNMENT(.sdata2.*) SORT_BY_ALIGNMENT(.gnu.linkonce.s2.*))
                0x00000000400045a0                . = ALIGN (0x4)
 *fill*         0x000000004000459f        0x1 

.gcc_except_table
 *(SORT_BY_ALIGNMENT(.gcc_except_table) SORT_BY_ALIGNMENT(.gcc_except_table.*))
                0x00000000400045a0                _image_rodata_end = .
                0x00000000400045a0                . = ALIGN (0x4)
                0x00000000400045a0                _image_rom_end = .
                0x00000000400045a0                _image_rom_size = (_image_rom_end - _image_rom_start)

bss             0x00000000400045a0      0x208
                0x00000000400045a0                . = ALIGN (0x4)
                0x00000000400045a0                __bss_start = .
                0x00000000400045a0                _image_ram_start = .
                0x00000000400045a0                __kernel_ram_start = .
 *(SORT_BY_ALIGNMENT(.sbss))
 *(SORT_BY_ALIGNMENT(.sbss.*))
 .sbss.last_count
                0x00000000400045a0        0x8 zephyr/libzephyr.a(litex_timer.c.obj)
 .sbss.curr_tick
                0x00000000400045a8        0x8 zephyr/kernel/libkernel.a(timeout.c.obj)
 .sbss.__dso_handle
                0x00000000400045b0        0x4 zephyr/libzephyr.a(cpp_dtors.c.obj)
                0x00000000400045b0                __dso_handle
 .sbss.uart_console_dev
                0x00000000400045b4        0x4 zephyr/libzephyr.a(uart_console.c.obj)
 .sbss.sched_spinlock
                0x00000000400045b8        0x1 zephyr/kernel/libkernel.a(sched.c.obj)
 *fill*         0x00000000400045b9        0x3 
 .sbss.slice_max_prio
                0x00000000400045bc        0x4 zephyr/kernel/libkernel.a(sched.c.obj)
 .sbss.slice_time
                0x00000000400045c0        0x4 zephyr/kernel/libkernel.a(sched.c.obj)
 .sbss.lock     0x00000000400045c4        0x1 zephyr/kernel/libkernel.a(sem.c.obj)
 *fill*         0x00000000400045c5        0x3 
 .sbss.announce_remaining
                0x00000000400045c8        0x4 zephyr/kernel/libkernel.a(timeout.c.obj)
 .sbss.lock     0x00000000400045cc        0x1 zephyr/kernel/libkernel.a(timer.c.obj)
 .sbss.z_sys_post_kernel
                0x00000000400045cd        0x1 zephyr/kernel/libkernel.a(init.c.obj)
                0x00000000400045cd                z_sys_post_kernel
 *(SORT_BY_ALIGNMENT(.bss))
 *(SORT_BY_ALIGNMENT(.bss.*))
 *fill*         0x00000000400045ce        0x2 
 .bss.coop_thread
                0x00000000400045d0       0x80 app/libapp.a(main.cpp.obj)
                0x00000000400045d0                coop_thread
 .bss.z_idle_threads
                0x0000000040004650       0x80 zephyr/kernel/libkernel.a(init.c.obj)
                0x0000000040004650                z_idle_threads
 .bss.z_main_thread
                0x00000000400046d0       0x80 zephyr/kernel/libkernel.a(init.c.obj)
                0x00000000400046d0                z_main_thread
 .bss.sem_coop  0x0000000040004750       0x14 app/libapp.a(main.cpp.obj)
                0x0000000040004750                sem_coop
 .bss.sem_main  0x0000000040004764       0x14 app/libapp.a(main.cpp.obj)
                0x0000000040004764                sem_main
 .bss.uart_liteuart_data_0
                0x0000000040004778        0x0 zephyr/drivers/serial/libdrivers__serial.a(uart_liteuart.c.obj)
 .bss._kernel   0x0000000040004778       0x30 zephyr/kernel/libkernel.a(sched.c.obj)
                0x0000000040004778                _kernel
 *(SORT_BY_ALIGNMENT(COMMON))
                0x00000000400047a8                __bss_end = ALIGN (0x4)

noinit          0x00000000400047b0     0x15d0
 *(SORT_BY_ALIGNMENT(.noinit))
 *(SORT_BY_ALIGNMENT(.noinit.*))
 .noinit."../src/main.cpp".0
                0x00000000400047b0      0x7d0 app/libapp.a(main.cpp.obj)
                0x00000000400047b0                coop_stack
 .noinit."WEST_TOPDIR/zephyr/kernel/init.c".1
                0x0000000040004f80      0x400 zephyr/kernel/libkernel.a(init.c.obj)
                0x0000000040004f80                z_main_stack
 .noinit."WEST_TOPDIR/zephyr/kernel/init.c".2
                0x0000000040005380      0x200 zephyr/kernel/libkernel.a(init.c.obj)
 .noinit."WEST_TOPDIR/zephyr/kernel/init.c".3
                0x0000000040005580      0x800 zephyr/kernel/libkernel.a(init.c.obj)
                0x0000000040005580                z_interrupt_stacks

.gcc_except_table
 *(SORT_BY_ALIGNMENT(.gcc_except_table) SORT_BY_ALIGNMENT(.gcc_except_table.*))

datas           0x0000000040005d80       0x9c
                0x0000000040005d80                . = ALIGN (0x4)
                0x0000000040005d80                __data_ram_start = .
 *(SORT_BY_ALIGNMENT(.data))
 .data          0x0000000040005d80       0x8c zephyr/lib/libc/minimal/liblib__libc__minimal.a(malloc.c.obj)
 *(SORT_BY_ALIGNMENT(.data.*))
 *(SORT_BY_ALIGNMENT(.sdata) SORT_BY_ALIGNMENT(.sdata.*) SORT_BY_ALIGNMENT(.gnu.linkonce.s.*))
 .sdata._char_out
                0x0000000040005e0c        0x4 zephyr/libzephyr.a(printk.c.obj)
                0x0000000040005e0c                _char_out
 .sdata._stdout_hook
                0x0000000040005e10        0x4 zephyr/lib/libc/minimal/liblib__libc__minimal.a(stdout_console.c.obj)
 .sdata.timeout_list
                0x0000000040005e14        0x8 zephyr/kernel/libkernel.a(timeout.c.obj)
                0x0000000040005d80                __data_rom_start = LOADADDR (datas)

devices         0x0000000040005e1c       0x24
                0x0000000040005e1c                __device_start = .
                0x0000000040005e1c                __device_PRE_KERNEL_1_start = .
 *(SORT_BY_NAME(SORT_BY_ALIGNMENT(.device_PRE_KERNEL_1[0-9]*)))
 .device_PRE_KERNEL_150
                0x0000000040005e1c       0x10 zephyr/drivers/serial/libdrivers__serial.a(uart_liteuart.c.obj)
                0x0000000040005e1c                __device_DT_N_S_soc_S_serial_f0002000
 *(SORT_BY_NAME(SORT_BY_ALIGNMENT(.device_PRE_KERNEL_1[1-9][0-9]*)))
                0x0000000040005e2c                __device_PRE_KERNEL_2_start = .
 *(SORT_BY_NAME(SORT_BY_ALIGNMENT(.device_PRE_KERNEL_2[0-9]*)))
 .device_PRE_KERNEL_20
                0x0000000040005e2c       0x10 zephyr/libzephyr.a(sys_clock_init.c.obj)
 *(SORT_BY_NAME(SORT_BY_ALIGNMENT(.device_PRE_KERNEL_2[1-9][0-9]*)))
                0x0000000040005e3c                __device_POST_KERNEL_start = .
 *(SORT_BY_NAME(SORT_BY_ALIGNMENT(.device_POST_KERNEL[0-9]*)))
 *(SORT_BY_NAME(SORT_BY_ALIGNMENT(.device_POST_KERNEL[1-9][0-9]*)))
                0x0000000040005e3c                __device_APPLICATION_start = .
 *(SORT_BY_NAME(SORT_BY_ALIGNMENT(.device_APPLICATION[0-9]*)))
 *(SORT_BY_NAME(SORT_BY_ALIGNMENT(.device_APPLICATION[1-9][0-9]*)))
                0x0000000040005e3c                __device_SMP_start = .
 *(SORT_BY_NAME(SORT_BY_ALIGNMENT(.device_SMP[0-9]*)))
 *(SORT_BY_NAME(SORT_BY_ALIGNMENT(.device_SMP[1-9][0-9]*)))
                0x0000000040005e3c                __device_end = .
 FILL mask 0x00
                0x0000000040005e3c                __device_init_status_start = .
                0x0000000040005e40                . = (. + (((((__device_end - __device_start) / 0x10) + 0x1f) / 0x20) * 0x4))
 *fill*         0x0000000040005e3c        0x4 00
                0x0000000040005e40                __device_init_status_end = .

initshell       0x0000000040005e40        0x0
                0x0000000040005e40                __shell_module_start = .
 *(SORT_BY_ALIGNMENT(.shell_module_*))
                0x0000000040005e40                __shell_module_end = .
                0x0000000040005e40                __shell_cmd_start = .
 *(SORT_BY_ALIGNMENT(.shell_cmd_*))
                0x0000000040005e40                __shell_cmd_end = .

log_dynamic_sections
                0x0000000040005e40        0x0
                0x0000000040005e40                __log_dynamic_start = .
 *(SORT_BY_NAME(SORT_BY_ALIGNMENT(.log_dynamic_*)))
                0x0000000040005e40                __log_dynamic_end = .

_static_thread_data_area
                0x0000000040005e40        0x0
                0x0000000040005e40                __static_thread_data_list_start = .
 *(SORT_BY_NAME(SORT_BY_ALIGNMENT(.__static_thread_data.static.*)))
                0x0000000040005e40                __static_thread_data_list_end = .

k_timer_area    0x0000000040005e40        0x0
                0x0000000040005e40                _k_timer_list_start = .
 *(SORT_BY_NAME(SORT_BY_ALIGNMENT(._k_timer.static.*)))
                0x0000000040005e40                _k_timer_list_end = .

k_mem_slab_area
                0x0000000040005e40        0x0
                0x0000000040005e40                _k_mem_slab_list_start = .
 *(SORT_BY_NAME(SORT_BY_ALIGNMENT(._k_mem_slab.static.*)))
                0x0000000040005e40                _k_mem_slab_list_end = .

k_mem_pool_area
                0x0000000040005e40        0x0
                0x0000000040005e40                _k_mem_pool_list_start = .
 *(SORT_BY_NAME(SORT_BY_ALIGNMENT(._k_mem_pool.static.*)))
                0x0000000040005e40                _k_mem_pool_list_end = .

k_heap_area     0x0000000040005e40        0x0
                0x0000000040005e40                _k_heap_list_start = .
 *(SORT_BY_NAME(SORT_BY_ALIGNMENT(._k_heap.static.*)))
                0x0000000040005e40                _k_heap_list_end = .

k_mutex_area    0x0000000040005e40        0x0
                0x0000000040005e40                _k_mutex_list_start = .
 *(SORT_BY_NAME(SORT_BY_ALIGNMENT(._k_mutex.static.*)))
                0x0000000040005e40                _k_mutex_list_end = .

k_stack_area    0x0000000040005e40        0x0
                0x0000000040005e40                _k_stack_list_start = .
 *(SORT_BY_NAME(SORT_BY_ALIGNMENT(._k_stack.static.*)))
                0x0000000040005e40                _k_stack_list_end = .

k_msgq_area     0x0000000040005e40        0x0
                0x0000000040005e40                _k_msgq_list_start = .
 *(SORT_BY_NAME(SORT_BY_ALIGNMENT(._k_msgq.static.*)))
                0x0000000040005e40                _k_msgq_list_end = .

k_mbox_area     0x0000000040005e40        0x0
                0x0000000040005e40                _k_mbox_list_start = .
 *(SORT_BY_NAME(SORT_BY_ALIGNMENT(._k_mbox.static.*)))
                0x0000000040005e40                _k_mbox_list_end = .

k_pipe_area     0x0000000040005e40        0x0
                0x0000000040005e40                _k_pipe_list_start = .
 *(SORT_BY_NAME(SORT_BY_ALIGNMENT(._k_pipe.static.*)))
                0x0000000040005e40                _k_pipe_list_end = .

k_sem_area      0x0000000040005e40        0x0
                0x0000000040005e40                _k_sem_list_start = .
 *(SORT_BY_NAME(SORT_BY_ALIGNMENT(._k_sem.static.*)))
                0x0000000040005e40                _k_sem_list_end = .

k_queue_area    0x0000000040005e40        0x0
                0x0000000040005e40                _k_queue_list_start = .
 *(SORT_BY_NAME(SORT_BY_ALIGNMENT(._k_queue.static.*)))
                0x0000000040005e40                _k_queue_list_end = .

_net_buf_pool_area
                0x0000000040005e40        0x0
                0x0000000040005e40                _net_buf_pool_list = .
 *(SORT_BY_NAME(SORT_BY_ALIGNMENT(._net_buf_pool.static.*)))
                0x0000000040005e40                __data_ram_end = .
                0x0000000040005e40                _image_ram_end = .
                0x0000000040005e40                _end = .
                0x0000000040005e40                __kernel_ram_end = .
                0x00000000000018a0                __kernel_ram_size = (__kernel_ram_end - __kernel_ram_start)

/DISCARD/
 *(SORT_BY_ALIGNMENT(.irq_info*))
 *(SORT_BY_ALIGNMENT(.intList*))
 *(SORT_BY_ALIGNMENT(.note.GNU-stack))

.stab
 *(SORT_BY_ALIGNMENT(.stab))

.stabstr
 *(SORT_BY_ALIGNMENT(.stabstr))

.stab.excl
 *(SORT_BY_ALIGNMENT(.stab.excl))

.stab.exclstr
 *(SORT_BY_ALIGNMENT(.stab.exclstr))

.stab.index
 *(SORT_BY_ALIGNMENT(.stab.index))

.stab.indexstr
 *(SORT_BY_ALIGNMENT(.stab.indexstr))

.gnu.build.attributes
 *(SORT_BY_ALIGNMENT(.gnu.build.attributes) SORT_BY_ALIGNMENT(.gnu.build.attributes.*))

.comment        0x0000000000000000       0x2e
 *(SORT_BY_ALIGNMENT(.comment))
 .comment       0x0000000000000000       0x2e zephyr/CMakeFiles/zephyr_final.dir/isr_tables.c.obj
                                         0x2f (size before relaxing)
 .comment       0x000000000000002e       0x2f app/libapp.a(main.cpp.obj)
 .comment       0x000000000000002e       0x2f zephyr/libzephyr.a(printk.c.obj)
 .comment       0x000000000000002e       0x2f zephyr/libzephyr.a(thread_entry.c.obj)
 .comment       0x000000000000002e       0x2f zephyr/libzephyr.a(heap.c.obj)
 .comment       0x000000000000002e       0x2f zephyr/libzephyr.a(cbprintf_complete.c.obj)
 .comment       0x000000000000002e       0x2f zephyr/libzephyr.a(configs.c.obj)
 .comment       0x000000000000002e       0x2f zephyr/libzephyr.a(cpp_init_array.c.obj)
 .comment       0x000000000000002e       0x2f zephyr/libzephyr.a(cpp_ctors.c.obj)
 .comment       0x000000000000002e       0x2f zephyr/libzephyr.a(cpp_dtors.c.obj)
 .comment       0x000000000000002e       0x2f zephyr/libzephyr.a(cpp_new.cpp.obj)
 .comment       0x000000000000002e       0x2f zephyr/libzephyr.a(uart_console.c.obj)
 .comment       0x000000000000002e       0x2f zephyr/libzephyr.a(intc_vexriscv_litex.c.obj)
 .comment       0x000000000000002e       0x2f zephyr/libzephyr.a(sys_clock_init.c.obj)
 .comment       0x000000000000002e       0x2f zephyr/libzephyr.a(litex_timer.c.obj)
 .comment       0x000000000000002e       0x2f zephyr/arch/arch/riscv/core/libarch__riscv__core.a(cpu_idle.c.obj)
 .comment       0x000000000000002e       0x2f zephyr/arch/arch/riscv/core/libarch__riscv__core.a(fatal.c.obj)
 .comment       0x000000000000002e       0x2f zephyr/arch/arch/riscv/core/libarch__riscv__core.a(irq_manage.c.obj)
 .comment       0x000000000000002e       0x2f zephyr/arch/arch/riscv/core/libarch__riscv__core.a(prep_c.c.obj)
 .comment       0x000000000000002e       0x2f zephyr/arch/arch/riscv/core/libarch__riscv__core.a(thread.c.obj)
 .comment       0x000000000000002e       0x2f zephyr/lib/libc/minimal/liblib__libc__minimal.a(malloc.c.obj)
 .comment       0x000000000000002e       0x2f zephyr/lib/libc/minimal/liblib__libc__minimal.a(string.c.obj)
 .comment       0x000000000000002e       0x2f zephyr/lib/libc/minimal/liblib__libc__minimal.a(stdout_console.c.obj)
 .comment       0x000000000000002e       0x2f zephyr/drivers/serial/libdrivers__serial.a(uart_liteuart.c.obj)
 .comment       0x000000000000002e       0x2f zephyr/kernel/libkernel.a(device.c.obj)
 .comment       0x000000000000002e       0x2f zephyr/kernel/libkernel.a(errno.c.obj)
 .comment       0x000000000000002e       0x2f zephyr/kernel/libkernel.a(fatal.c.obj)
 .comment       0x000000000000002e       0x2f zephyr/kernel/libkernel.a(init.c.obj)
 .comment       0x000000000000002e       0x2f zephyr/kernel/libkernel.a(sched.c.obj)
 .comment       0x000000000000002e       0x2f zephyr/kernel/libkernel.a(sem.c.obj)
 .comment       0x000000000000002e       0x2f zephyr/kernel/libkernel.a(thread.c.obj)
 .comment       0x000000000000002e       0x2f zephyr/kernel/libkernel.a(thread_abort.c.obj)
 .comment       0x000000000000002e       0x2f zephyr/kernel/libkernel.a(banner.c.obj)
 .comment       0x000000000000002e       0x2f zephyr/kernel/libkernel.a(timeout.c.obj)
 .comment       0x000000000000002e       0x2f zephyr/kernel/libkernel.a(timer.c.obj)
 .comment       0x000000000000002e       0x2f zephyr/kernel/libkernel.a(idle.c.obj)
 .comment       0x000000000000002e       0x2f zephyr/kernel/libkernel.a(kheap.c.obj)
 .comment       0x000000000000002e       0x2f zephyr/CMakeFiles/offsets.dir/arch/riscv/core/offsets/offsets.c.obj

.debug
 *(SORT_BY_ALIGNMENT(.debug))

.line
 *(SORT_BY_ALIGNMENT(.line))

.debug_srcinfo
 *(SORT_BY_ALIGNMENT(.debug_srcinfo))

.debug_sfnames
 *(SORT_BY_ALIGNMENT(.debug_sfnames))

.debug_aranges  0x0000000000000000      0xb78
 *(SORT_BY_ALIGNMENT(.debug_aranges))
 .debug_aranges
                0x0000000000000000       0x28 zephyr/libzephyr.a(soc_irq.S.obj)
 .debug_aranges
                0x0000000000000028       0x20 zephyr/libzephyr.a(vector.S.obj)
 .debug_aranges
                0x0000000000000048       0x20 zephyr/arch/arch/riscv/core/libarch__riscv__core.a(isr.S.obj)
 .debug_aranges
                0x0000000000000068       0x20 zephyr/arch/arch/riscv/core/libarch__riscv__core.a(reset.S.obj)
 .debug_aranges
                0x0000000000000088       0x28 zephyr/arch/arch/riscv/core/libarch__riscv__core.a(swap.S.obj)
 .debug_aranges
                0x00000000000000b0       0x18 zephyr/CMakeFiles/zephyr_final.dir/isr_tables.c.obj
 .debug_aranges
                0x00000000000000c8       0x60 app/libapp.a(main.cpp.obj)
 .debug_aranges
                0x0000000000000128       0x68 zephyr/libzephyr.a(printk.c.obj)
 .debug_aranges
                0x0000000000000190       0x20 zephyr/libzephyr.a(thread_entry.c.obj)
 .debug_aranges
                0x00000000000001b0       0xa8 zephyr/libzephyr.a(heap.c.obj)
 .debug_aranges
                0x0000000000000258       0x40 zephyr/libzephyr.a(cbprintf_complete.c.obj)
 .debug_aranges
                0x0000000000000298       0x20 zephyr/libzephyr.a(configs.c.obj)
 .debug_aranges
                0x00000000000002b8       0x20 zephyr/libzephyr.a(cpp_init_array.c.obj)
 .debug_aranges
                0x00000000000002d8       0x20 zephyr/libzephyr.a(cpp_ctors.c.obj)
 .debug_aranges
                0x00000000000002f8       0x20 zephyr/libzephyr.a(cpp_dtors.c.obj)
 .debug_aranges
                0x0000000000000318       0x28 zephyr/libzephyr.a(cpp_new.cpp.obj)
 .debug_aranges
                0x0000000000000340       0x28 zephyr/libzephyr.a(uart_console.c.obj)
 .debug_aranges
                0x0000000000000368       0x40 zephyr/libzephyr.a(intc_vexriscv_litex.c.obj)
 .debug_aranges
                0x00000000000003a8       0x40 zephyr/libzephyr.a(sys_clock_init.c.obj)
 .debug_aranges
                0x00000000000003e8       0x48 zephyr/libzephyr.a(litex_timer.c.obj)
 .debug_aranges
                0x0000000000000430       0x28 zephyr/arch/arch/riscv/core/libarch__riscv__core.a(cpu_idle.c.obj)
 .debug_aranges
                0x0000000000000458       0x28 zephyr/arch/arch/riscv/core/libarch__riscv__core.a(fatal.c.obj)
 .debug_aranges
                0x0000000000000480       0x20 zephyr/arch/arch/riscv/core/libarch__riscv__core.a(irq_manage.c.obj)
 .debug_aranges
                0x00000000000004a0       0x20 zephyr/arch/arch/riscv/core/libarch__riscv__core.a(prep_c.c.obj)
 .debug_aranges
                0x00000000000004c0       0x20 zephyr/arch/arch/riscv/core/libarch__riscv__core.a(thread.c.obj)
 .debug_aranges
                0x00000000000004e0       0x48 zephyr/lib/libc/minimal/liblib__libc__minimal.a(malloc.c.obj)
 .debug_aranges
                0x0000000000000528       0x98 zephyr/lib/libc/minimal/liblib__libc__minimal.a(string.c.obj)
 .debug_aranges
                0x00000000000005c0       0x58 zephyr/lib/libc/minimal/liblib__libc__minimal.a(stdout_console.c.obj)
 .debug_aranges
                0x0000000000000618       0x30 zephyr/drivers/serial/libdrivers__serial.a(uart_liteuart.c.obj)
 .debug_aranges
                0x0000000000000648       0x40 zephyr/kernel/libkernel.a(device.c.obj)
 .debug_aranges
                0x0000000000000688       0x20 zephyr/kernel/libkernel.a(errno.c.obj)
 .debug_aranges
                0x00000000000006a8       0x50 zephyr/kernel/libkernel.a(fatal.c.obj)
 .debug_aranges
                0x00000000000006f8       0x38 zephyr/kernel/libkernel.a(init.c.obj)
 .debug_aranges
                0x0000000000000730      0x1d8 zephyr/kernel/libkernel.a(sched.c.obj)
 .debug_aranges
                0x0000000000000908       0x30 zephyr/kernel/libkernel.a(sem.c.obj)
 .debug_aranges
                0x0000000000000938       0xa0 zephyr/kernel/libkernel.a(thread.c.obj)
 .debug_aranges
                0x00000000000009d8       0x28 zephyr/kernel/libkernel.a(thread_abort.c.obj)
 .debug_aranges
                0x0000000000000a00       0x20 zephyr/kernel/libkernel.a(banner.c.obj)
 .debug_aranges
                0x0000000000000a20       0x90 zephyr/kernel/libkernel.a(timeout.c.obj)
 .debug_aranges
                0x0000000000000ab0       0x48 zephyr/kernel/libkernel.a(timer.c.obj)
 .debug_aranges
                0x0000000000000af8       0x28 zephyr/kernel/libkernel.a(idle.c.obj)
 .debug_aranges
                0x0000000000000b20       0x38 zephyr/kernel/libkernel.a(kheap.c.obj)
 .debug_aranges
                0x0000000000000b58       0x20 zephyr/CMakeFiles/offsets.dir/arch/riscv/core/offsets/offsets.c.obj

.debug_pubnames
 *(SORT_BY_ALIGNMENT(.debug_pubnames))

.debug_info     0x0000000000000000    0x163cb
 *(SORT_BY_ALIGNMENT(.debug_info) SORT_BY_ALIGNMENT(.gnu.linkonce.wi.*))
 .debug_info    0x0000000000000000       0xf0 zephyr/CMakeFiles/zephyr_final.dir/isr_tables.c.obj
 .debug_info    0x00000000000000f0     0x1277 app/libapp.a(main.cpp.obj)
 .debug_info    0x0000000000001367      0x4c2 zephyr/libzephyr.a(printk.c.obj)
 .debug_info    0x0000000000001829      0x5ed zephyr/libzephyr.a(thread_entry.c.obj)
 .debug_info    0x0000000000001e16     0x2209 zephyr/libzephyr.a(heap.c.obj)
 .debug_info    0x000000000000401f      0xfb6 zephyr/libzephyr.a(cbprintf_complete.c.obj)
 .debug_info    0x0000000000004fd5       0x38 zephyr/libzephyr.a(configs.c.obj)
 .debug_info    0x000000000000500d       0x22 zephyr/libzephyr.a(soc_irq.S.obj)
 .debug_info    0x000000000000502f       0x26 zephyr/libzephyr.a(vector.S.obj)
 .debug_info    0x0000000000005055       0x8f zephyr/libzephyr.a(cpp_init_array.c.obj)
 .debug_info    0x00000000000050e4       0x7e zephyr/libzephyr.a(cpp_ctors.c.obj)
 .debug_info    0x0000000000005162       0x99 zephyr/libzephyr.a(cpp_dtors.c.obj)
 .debug_info    0x00000000000051fb      0x14f zephyr/libzephyr.a(cpp_new.cpp.obj)
 .debug_info    0x000000000000534a      0x525 zephyr/libzephyr.a(uart_console.c.obj)
 .debug_info    0x000000000000586f      0x502 zephyr/libzephyr.a(intc_vexriscv_litex.c.obj)
 .debug_info    0x0000000000005d71      0x308 zephyr/libzephyr.a(sys_clock_init.c.obj)
 .debug_info    0x0000000000006079      0xbc9 zephyr/libzephyr.a(litex_timer.c.obj)
 .debug_info    0x0000000000006c42      0x120 zephyr/arch/arch/riscv/core/libarch__riscv__core.a(cpu_idle.c.obj)
 .debug_info    0x0000000000006d62      0x565 zephyr/arch/arch/riscv/core/libarch__riscv__core.a(fatal.c.obj)
 .debug_info    0x00000000000072c7      0x24f zephyr/arch/arch/riscv/core/libarch__riscv__core.a(irq_manage.c.obj)
 .debug_info    0x0000000000007516       0x26 zephyr/arch/arch/riscv/core/libarch__riscv__core.a(isr.S.obj)
 .debug_info    0x000000000000753c       0xc2 zephyr/arch/arch/riscv/core/libarch__riscv__core.a(prep_c.c.obj)
 .debug_info    0x00000000000075fe       0x26 zephyr/arch/arch/riscv/core/libarch__riscv__core.a(reset.S.obj)
 .debug_info    0x0000000000007624       0x22 zephyr/arch/arch/riscv/core/libarch__riscv__core.a(swap.S.obj)
 .debug_info    0x0000000000007646      0x6ad zephyr/arch/arch/riscv/core/libarch__riscv__core.a(thread.c.obj)
 .debug_info    0x0000000000007cf3      0x5ca zephyr/lib/libc/minimal/liblib__libc__minimal.a(malloc.c.obj)
 .debug_info    0x00000000000082bd      0x6c8 zephyr/lib/libc/minimal/liblib__libc__minimal.a(string.c.obj)
 .debug_info    0x0000000000008985      0x5e5 zephyr/lib/libc/minimal/liblib__libc__minimal.a(stdout_console.c.obj)
 .debug_info    0x0000000000008f6a      0x525 zephyr/drivers/serial/libdrivers__serial.a(uart_liteuart.c.obj)
 .debug_info    0x000000000000948f      0x50b zephyr/kernel/libkernel.a(device.c.obj)
 .debug_info    0x000000000000999a      0x647 zephyr/kernel/libkernel.a(errno.c.obj)
 .debug_info    0x0000000000009fe1      0xaa4 zephyr/kernel/libkernel.a(fatal.c.obj)
 .debug_info    0x000000000000aa85      0xcaa zephyr/kernel/libkernel.a(init.c.obj)
 .debug_info    0x000000000000b72f     0x4cec zephyr/kernel/libkernel.a(sched.c.obj)
 .debug_info    0x000000000001041b      0xa1d zephyr/kernel/libkernel.a(sem.c.obj)
 .debug_info    0x0000000000010e38     0x1490 zephyr/kernel/libkernel.a(thread.c.obj)
 .debug_info    0x00000000000122c8      0x8cc zephyr/kernel/libkernel.a(thread_abort.c.obj)
 .debug_info    0x0000000000012b94       0xff zephyr/kernel/libkernel.a(banner.c.obj)
 .debug_info    0x0000000000012c93     0x17a8 zephyr/kernel/libkernel.a(timeout.c.obj)
 .debug_info    0x000000000001443b      0xe43 zephyr/kernel/libkernel.a(timer.c.obj)
 .debug_info    0x000000000001527e      0x887 zephyr/kernel/libkernel.a(idle.c.obj)
 .debug_info    0x0000000000015b05      0x833 zephyr/kernel/libkernel.a(kheap.c.obj)
 .debug_info    0x0000000000016338       0x93 zephyr/CMakeFiles/offsets.dir/arch/riscv/core/offsets/offsets.c.obj

.debug_abbrev   0x0000000000000000     0x590c
 *(SORT_BY_ALIGNMENT(.debug_abbrev))
 .debug_abbrev  0x0000000000000000       0xb0 zephyr/CMakeFiles/zephyr_final.dir/isr_tables.c.obj
 .debug_abbrev  0x00000000000000b0      0x515 app/libapp.a(main.cpp.obj)
 .debug_abbrev  0x00000000000005c5      0x23e zephyr/libzephyr.a(printk.c.obj)
 .debug_abbrev  0x0000000000000803      0x1ce zephyr/libzephyr.a(thread_entry.c.obj)
 .debug_abbrev  0x00000000000009d1      0x411 zephyr/libzephyr.a(heap.c.obj)
 .debug_abbrev  0x0000000000000de2      0x383 zephyr/libzephyr.a(cbprintf_complete.c.obj)
 .debug_abbrev  0x0000000000001165       0x2e zephyr/libzephyr.a(configs.c.obj)
 .debug_abbrev  0x0000000000001193       0x12 zephyr/libzephyr.a(soc_irq.S.obj)
 .debug_abbrev  0x00000000000011a5       0x14 zephyr/libzephyr.a(vector.S.obj)
 .debug_abbrev  0x00000000000011b9       0x88 zephyr/libzephyr.a(cpp_init_array.c.obj)
 .debug_abbrev  0x0000000000001241       0x8c zephyr/libzephyr.a(cpp_ctors.c.obj)
 .debug_abbrev  0x00000000000012cd       0xa3 zephyr/libzephyr.a(cpp_dtors.c.obj)
 .debug_abbrev  0x0000000000001370      0x103 zephyr/libzephyr.a(cpp_new.cpp.obj)
 .debug_abbrev  0x0000000000001473      0x2a4 zephyr/libzephyr.a(uart_console.c.obj)
 .debug_abbrev  0x0000000000001717      0x267 zephyr/libzephyr.a(intc_vexriscv_litex.c.obj)
 .debug_abbrev  0x000000000000197e      0x1b8 zephyr/libzephyr.a(sys_clock_init.c.obj)
 .debug_abbrev  0x0000000000001b36      0x397 zephyr/libzephyr.a(litex_timer.c.obj)
 .debug_abbrev  0x0000000000001ecd       0xb6 zephyr/arch/arch/riscv/core/libarch__riscv__core.a(cpu_idle.c.obj)
 .debug_abbrev  0x0000000000001f83      0x1bc zephyr/arch/arch/riscv/core/libarch__riscv__core.a(fatal.c.obj)
 .debug_abbrev  0x000000000000213f      0x148 zephyr/arch/arch/riscv/core/libarch__riscv__core.a(irq_manage.c.obj)
 .debug_abbrev  0x0000000000002287       0x14 zephyr/arch/arch/riscv/core/libarch__riscv__core.a(isr.S.obj)
 .debug_abbrev  0x000000000000229b       0x64 zephyr/arch/arch/riscv/core/libarch__riscv__core.a(prep_c.c.obj)
 .debug_abbrev  0x00000000000022ff       0x14 zephyr/arch/arch/riscv/core/libarch__riscv__core.a(reset.S.obj)
 .debug_abbrev  0x0000000000002313       0x12 zephyr/arch/arch/riscv/core/libarch__riscv__core.a(swap.S.obj)
 .debug_abbrev  0x0000000000002325      0x177 zephyr/arch/arch/riscv/core/libarch__riscv__core.a(thread.c.obj)
 .debug_abbrev  0x000000000000249c      0x2a7 zephyr/lib/libc/minimal/liblib__libc__minimal.a(malloc.c.obj)
 .debug_abbrev  0x0000000000002743      0x1b8 zephyr/lib/libc/minimal/liblib__libc__minimal.a(string.c.obj)
 .debug_abbrev  0x00000000000028fb      0x22d zephyr/lib/libc/minimal/liblib__libc__minimal.a(stdout_console.c.obj)
 .debug_abbrev  0x0000000000002b28      0x250 zephyr/drivers/serial/libdrivers__serial.a(uart_liteuart.c.obj)
 .debug_abbrev  0x0000000000002d78      0x2ba zephyr/kernel/libkernel.a(device.c.obj)
 .debug_abbrev  0x0000000000003032      0x16d zephyr/kernel/libkernel.a(errno.c.obj)
 .debug_abbrev  0x000000000000319f      0x350 zephyr/kernel/libkernel.a(fatal.c.obj)
 .debug_abbrev  0x00000000000034ef      0x43c zephyr/kernel/libkernel.a(init.c.obj)
 .debug_abbrev  0x000000000000392b      0x593 zephyr/kernel/libkernel.a(sched.c.obj)
 .debug_abbrev  0x0000000000003ebe      0x338 zephyr/kernel/libkernel.a(sem.c.obj)
 .debug_abbrev  0x00000000000041f6      0x53c zephyr/kernel/libkernel.a(thread.c.obj)
 .debug_abbrev  0x0000000000004732      0x319 zephyr/kernel/libkernel.a(thread_abort.c.obj)
 .debug_abbrev  0x0000000000004a4b       0xb8 zephyr/kernel/libkernel.a(banner.c.obj)
 .debug_abbrev  0x0000000000004b03      0x44f zephyr/kernel/libkernel.a(timeout.c.obj)
 .debug_abbrev  0x0000000000004f52      0x387 zephyr/kernel/libkernel.a(timer.c.obj)
 .debug_abbrev  0x00000000000052d9      0x2bb zephyr/kernel/libkernel.a(idle.c.obj)
 .debug_abbrev  0x0000000000005594      0x334 zephyr/kernel/libkernel.a(kheap.c.obj)
 .debug_abbrev  0x00000000000058c8       0x44 zephyr/CMakeFiles/offsets.dir/arch/riscv/core/offsets/offsets.c.obj

.debug_line     0x0000000000000000    0x117f0
 *(SORT_BY_ALIGNMENT(.debug_line) SORT_BY_ALIGNMENT(.debug_line.*) SORT_BY_ALIGNMENT(.debug_line_end))
 .debug_line    0x0000000000000000       0x57 zephyr/CMakeFiles/zephyr_final.dir/isr_tables.c.obj
 .debug_line    0x0000000000000057      0x904 app/libapp.a(main.cpp.obj)
 .debug_line    0x000000000000095b      0x4d4 zephyr/libzephyr.a(printk.c.obj)
 .debug_line    0x0000000000000e2f      0x2a0 zephyr/libzephyr.a(thread_entry.c.obj)
 .debug_line    0x00000000000010cf     0x18c9 zephyr/libzephyr.a(heap.c.obj)
 .debug_line    0x0000000000002998     0x1850 zephyr/libzephyr.a(cbprintf_complete.c.obj)
 .debug_line    0x00000000000041e8      0x2b5 zephyr/libzephyr.a(configs.c.obj)
 .debug_line    0x000000000000449d       0xc7 zephyr/libzephyr.a(soc_irq.S.obj)
 .debug_line    0x0000000000004564       0x8c zephyr/libzephyr.a(vector.S.obj)
 .debug_line    0x00000000000045f0      0x102 zephyr/libzephyr.a(cpp_init_array.c.obj)
 .debug_line    0x00000000000046f2       0xdc zephyr/libzephyr.a(cpp_ctors.c.obj)
 .debug_line    0x00000000000047ce       0x92 zephyr/libzephyr.a(cpp_dtors.c.obj)
 .debug_line    0x0000000000004860      0x138 zephyr/libzephyr.a(cpp_new.cpp.obj)
 .debug_line    0x0000000000004998      0x29b zephyr/libzephyr.a(uart_console.c.obj)
 .debug_line    0x0000000000004c33      0x2c5 zephyr/libzephyr.a(intc_vexriscv_litex.c.obj)
 .debug_line    0x0000000000004ef8      0x16d zephyr/libzephyr.a(sys_clock_init.c.obj)
 .debug_line    0x0000000000005065      0xeea zephyr/libzephyr.a(litex_timer.c.obj)
 .debug_line    0x0000000000005f4f      0x124 zephyr/arch/arch/riscv/core/libarch__riscv__core.a(cpu_idle.c.obj)
 .debug_line    0x0000000000006073      0x1e3 zephyr/arch/arch/riscv/core/libarch__riscv__core.a(fatal.c.obj)
 .debug_line    0x0000000000006256      0x19c zephyr/arch/arch/riscv/core/libarch__riscv__core.a(irq_manage.c.obj)
 .debug_line    0x00000000000063f2      0x20d zephyr/arch/arch/riscv/core/libarch__riscv__core.a(isr.S.obj)
 .debug_line    0x00000000000065ff       0xbe zephyr/arch/arch/riscv/core/libarch__riscv__core.a(prep_c.c.obj)
 .debug_line    0x00000000000066bd       0x9e zephyr/arch/arch/riscv/core/libarch__riscv__core.a(reset.S.obj)
 .debug_line    0x000000000000675b       0xa8 zephyr/arch/arch/riscv/core/libarch__riscv__core.a(swap.S.obj)
 .debug_line    0x0000000000006803      0x296 zephyr/arch/arch/riscv/core/libarch__riscv__core.a(thread.c.obj)
 .debug_line    0x0000000000006a99      0x4d7 zephyr/lib/libc/minimal/liblib__libc__minimal.a(malloc.c.obj)
 .debug_line    0x0000000000006f70      0xc36 zephyr/lib/libc/minimal/liblib__libc__minimal.a(string.c.obj)
 .debug_line    0x0000000000007ba6      0x485 zephyr/lib/libc/minimal/liblib__libc__minimal.a(stdout_console.c.obj)
 .debug_line    0x000000000000802b      0x2aa zephyr/drivers/serial/libdrivers__serial.a(uart_liteuart.c.obj)
 .debug_line    0x00000000000082d5      0x51f zephyr/kernel/libkernel.a(device.c.obj)
 .debug_line    0x00000000000087f4      0x212 zephyr/kernel/libkernel.a(errno.c.obj)
 .debug_line    0x0000000000008a06      0x541 zephyr/kernel/libkernel.a(fatal.c.obj)
 .debug_line    0x0000000000008f47      0x6ed zephyr/kernel/libkernel.a(init.c.obj)
 .debug_line    0x0000000000009634     0x410e zephyr/kernel/libkernel.a(sched.c.obj)
 .debug_line    0x000000000000d742      0x5ee zephyr/kernel/libkernel.a(sem.c.obj)
 .debug_line    0x000000000000dd30      0xc7b zephyr/kernel/libkernel.a(thread.c.obj)
 .debug_line    0x000000000000e9ab      0x4af zephyr/kernel/libkernel.a(thread_abort.c.obj)
 .debug_line    0x000000000000ee5a       0xf9 zephyr/kernel/libkernel.a(banner.c.obj)
 .debug_line    0x000000000000ef53     0x13b0 zephyr/kernel/libkernel.a(timeout.c.obj)
 .debug_line    0x0000000000010303      0x950 zephyr/kernel/libkernel.a(timer.c.obj)
 .debug_line    0x0000000000010c53      0x40b zephyr/kernel/libkernel.a(idle.c.obj)
 .debug_line    0x000000000001105e      0x5a5 zephyr/kernel/libkernel.a(kheap.c.obj)
 .debug_line    0x0000000000011603      0x1ed zephyr/CMakeFiles/offsets.dir/arch/riscv/core/offsets/offsets.c.obj

.debug_frame    0x0000000000000000     0x1cb8
 *(SORT_BY_ALIGNMENT(.debug_frame))
 .debug_frame   0x0000000000000000       0xfc app/libapp.a(main.cpp.obj)
 .debug_frame   0x00000000000000fc      0x100 zephyr/libzephyr.a(printk.c.obj)
 .debug_frame   0x00000000000001fc       0x28 zephyr/libzephyr.a(thread_entry.c.obj)
 .debug_frame   0x0000000000000224      0x31c zephyr/libzephyr.a(heap.c.obj)
 .debug_frame   0x0000000000000540      0x128 zephyr/libzephyr.a(cbprintf_complete.c.obj)
 .debug_frame   0x0000000000000668       0x20 zephyr/libzephyr.a(configs.c.obj)
 .debug_frame   0x0000000000000688       0x38 zephyr/libzephyr.a(cpp_init_array.c.obj)
 .debug_frame   0x00000000000006c0       0x38 zephyr/libzephyr.a(cpp_ctors.c.obj)
 .debug_frame   0x00000000000006f8       0x20 zephyr/libzephyr.a(cpp_dtors.c.obj)
 .debug_frame   0x0000000000000718       0x50 zephyr/libzephyr.a(cpp_new.cpp.obj)
 .debug_frame   0x0000000000000768       0x54 zephyr/libzephyr.a(uart_console.c.obj)
 .debug_frame   0x00000000000007bc       0x60 zephyr/libzephyr.a(intc_vexriscv_litex.c.obj)
 .debug_frame   0x000000000000081c       0x70 zephyr/libzephyr.a(sys_clock_init.c.obj)
 .debug_frame   0x000000000000088c       0xcc zephyr/libzephyr.a(litex_timer.c.obj)
 .debug_frame   0x0000000000000958       0x30 zephyr/arch/arch/riscv/core/libarch__riscv__core.a(cpu_idle.c.obj)
 .debug_frame   0x0000000000000988       0x40 zephyr/arch/arch/riscv/core/libarch__riscv__core.a(fatal.c.obj)
 .debug_frame   0x00000000000009c8       0x28 zephyr/arch/arch/riscv/core/libarch__riscv__core.a(irq_manage.c.obj)
 .debug_frame   0x00000000000009f0       0x28 zephyr/arch/arch/riscv/core/libarch__riscv__core.a(prep_c.c.obj)
 .debug_frame   0x0000000000000a18       0x20 zephyr/arch/arch/riscv/core/libarch__riscv__core.a(thread.c.obj)
 .debug_frame   0x0000000000000a38       0xbc zephyr/lib/libc/minimal/liblib__libc__minimal.a(malloc.c.obj)
 .debug_frame   0x0000000000000af4      0x15c zephyr/lib/libc/minimal/liblib__libc__minimal.a(string.c.obj)
 .debug_frame   0x0000000000000c50       0xdc zephyr/lib/libc/minimal/liblib__libc__minimal.a(stdout_console.c.obj)
 .debug_frame   0x0000000000000d2c       0x40 zephyr/drivers/serial/libdrivers__serial.a(uart_liteuart.c.obj)
 .debug_frame   0x0000000000000d6c       0xb8 zephyr/kernel/libkernel.a(device.c.obj)
 .debug_frame   0x0000000000000e24       0x20 zephyr/kernel/libkernel.a(errno.c.obj)
 .debug_frame   0x0000000000000e44       0xa8 zephyr/kernel/libkernel.a(fatal.c.obj)
 .debug_frame   0x0000000000000eec       0x70 zephyr/kernel/libkernel.a(init.c.obj)
 .debug_frame   0x0000000000000f5c      0x6c8 zephyr/kernel/libkernel.a(sched.c.obj)
 .debug_frame   0x0000000000001624       0x58 zephyr/kernel/libkernel.a(sem.c.obj)
 .debug_frame   0x000000000000167c      0x19c zephyr/kernel/libkernel.a(thread.c.obj)
 .debug_frame   0x0000000000001818       0x54 zephyr/kernel/libkernel.a(thread_abort.c.obj)
 .debug_frame   0x000000000000186c       0x20 zephyr/kernel/libkernel.a(banner.c.obj)
 .debug_frame   0x000000000000188c      0x214 zephyr/kernel/libkernel.a(timeout.c.obj)
 .debug_frame   0x0000000000001aa0       0xdc zephyr/kernel/libkernel.a(timer.c.obj)
 .debug_frame   0x0000000000001b7c       0x3c zephyr/kernel/libkernel.a(idle.c.obj)
 .debug_frame   0x0000000000001bb8       0xc0 zephyr/kernel/libkernel.a(kheap.c.obj)
 .debug_frame   0x0000000000001c78       0x20 zephyr/CMakeFiles/offsets.dir/arch/riscv/core/offsets/offsets.c.obj
 .debug_frame   0x0000000000001c98       0x20 /home/david/zephyr-sdk-0.12.4/riscv64-zephyr-elf/bin/../lib/gcc/riscv64-zephyr-elf/10.2.0/libgcc.a(_clzsi2.o)

.debug_str      0x0000000000000000     0x3872
 *(SORT_BY_ALIGNMENT(.debug_str))
 .debug_str     0x0000000000000000      0x1c3 zephyr/CMakeFiles/zephyr_final.dir/isr_tables.c.obj
                                        0x1f7 (size before relaxing)
 .debug_str     0x00000000000001c3      0x834 app/libapp.a(main.cpp.obj)
                                        0xa76 (size before relaxing)
 .debug_str     0x00000000000009f7       0xe5 zephyr/libzephyr.a(printk.c.obj)
                                        0x404 (size before relaxing)
 .debug_str     0x0000000000000adc       0x76 zephyr/libzephyr.a(thread_entry.c.obj)
                                        0x486 (size before relaxing)
 .debug_str     0x0000000000000b52      0x352 zephyr/libzephyr.a(heap.c.obj)
                                        0x5f5 (size before relaxing)
 .debug_str     0x0000000000000ea4      0x3a5 zephyr/libzephyr.a(cbprintf_complete.c.obj)
                                        0x611 (size before relaxing)
 .debug_str     0x0000000000001249       0x2f zephyr/libzephyr.a(configs.c.obj)
                                        0x163 (size before relaxing)
 .debug_str     0x0000000000001278       0x5f zephyr/libzephyr.a(soc_irq.S.obj)
                                         0xa7 (size before relaxing)
 .debug_str     0x00000000000012d7       0x50 zephyr/libzephyr.a(vector.S.obj)
                                         0xa6 (size before relaxing)
 .debug_str     0x0000000000001327       0x88 zephyr/libzephyr.a(cpp_init_array.c.obj)
                                        0x1bc (size before relaxing)
 .debug_str     0x00000000000013af       0x74 zephyr/libzephyr.a(cpp_ctors.c.obj)
                                        0x1b5 (size before relaxing)
 .debug_str     0x0000000000001423       0x4f zephyr/libzephyr.a(cpp_dtors.c.obj)
                                        0x19d (size before relaxing)
 .debug_str     0x0000000000001472       0x87 zephyr/libzephyr.a(cpp_new.cpp.obj)
                                        0x246 (size before relaxing)
 .debug_str     0x00000000000014f9      0x16a zephyr/libzephyr.a(uart_console.c.obj)
                                        0x4c9 (size before relaxing)
 .debug_str     0x0000000000001663      0x190 zephyr/libzephyr.a(intc_vexriscv_litex.c.obj)
                                        0x4e0 (size before relaxing)
 .debug_str     0x00000000000017f3       0xf9 zephyr/libzephyr.a(sys_clock_init.c.obj)
                                        0x44c (size before relaxing)
 .debug_str     0x00000000000018ec      0x1b1 zephyr/libzephyr.a(litex_timer.c.obj)
                                        0x5e1 (size before relaxing)
 .debug_str     0x0000000000001a9d       0x64 zephyr/arch/arch/riscv/core/libarch__riscv__core.a(cpu_idle.c.obj)
                                        0x248 (size before relaxing)
 .debug_str     0x0000000000001b01      0x1c4 zephyr/arch/arch/riscv/core/libarch__riscv__core.a(fatal.c.obj)
                                        0x3cf (size before relaxing)
 .debug_str     0x0000000000001cc5       0x59 zephyr/arch/arch/riscv/core/libarch__riscv__core.a(irq_manage.c.obj)
                                        0x3a9 (size before relaxing)
 .debug_str     0x0000000000001d1e       0x3c zephyr/arch/arch/riscv/core/libarch__riscv__core.a(isr.S.obj)
                                         0x92 (size before relaxing)
 .debug_str     0x0000000000001d5a       0x5a zephyr/arch/arch/riscv/core/libarch__riscv__core.a(prep_c.c.obj)
                                        0x229 (size before relaxing)
 .debug_str     0x0000000000001db4       0x3e zephyr/arch/arch/riscv/core/libarch__riscv__core.a(reset.S.obj)
                                         0x94 (size before relaxing)
 .debug_str     0x0000000000001df2       0x3d zephyr/arch/arch/riscv/core/libarch__riscv__core.a(swap.S.obj)
                                         0x93 (size before relaxing)
 .debug_str     0x0000000000001e2f       0x64 zephyr/arch/arch/riscv/core/libarch__riscv__core.a(thread.c.obj)
                                        0x495 (size before relaxing)
 .debug_str     0x0000000000001e93       0xee zephyr/lib/libc/minimal/liblib__libc__minimal.a(malloc.c.obj)
                                        0x401 (size before relaxing)
 .debug_str     0x0000000000001f81       0xf5 zephyr/lib/libc/minimal/liblib__libc__minimal.a(string.c.obj)
                                        0x2f6 (size before relaxing)
 .debug_str     0x0000000000002076       0xc6 zephyr/lib/libc/minimal/liblib__libc__minimal.a(stdout_console.c.obj)
                                        0x2ea (size before relaxing)
 .debug_str     0x000000000000213c      0x143 zephyr/drivers/serial/libdrivers__serial.a(uart_liteuart.c.obj)
                                        0x52b (size before relaxing)
 .debug_str     0x000000000000227f      0x1ab zephyr/kernel/libkernel.a(device.c.obj)
                                        0x401 (size before relaxing)
 .debug_str     0x000000000000242a       0x98 zephyr/kernel/libkernel.a(errno.c.obj)
                                        0x5b0 (size before relaxing)
 .debug_str     0x00000000000024c2       0xc3 zephyr/kernel/libkernel.a(fatal.c.obj)
                                        0x617 (size before relaxing)
 .debug_str     0x0000000000002585      0x216 zephyr/kernel/libkernel.a(init.c.obj)
                                        0x7a2 (size before relaxing)
 .debug_str     0x000000000000279b      0x96a zephyr/kernel/libkernel.a(sched.c.obj)
                                       0x10e5 (size before relaxing)
 .debug_str     0x0000000000003105       0x53 zephyr/kernel/libkernel.a(sem.c.obj)
                                        0x68d (size before relaxing)
 .debug_str     0x0000000000003158      0x33e zephyr/kernel/libkernel.a(thread.c.obj)
                                        0xb1a (size before relaxing)
 .debug_str     0x0000000000003496       0x49 zephyr/kernel/libkernel.a(thread_abort.c.obj)
                                        0x631 (size before relaxing)
 .debug_str     0x00000000000034df       0x41 zephyr/kernel/libkernel.a(banner.c.obj)
                                        0x245 (size before relaxing)
 .debug_str     0x0000000000003520      0x138 zephyr/kernel/libkernel.a(timeout.c.obj)
                                        0x88d (size before relaxing)
 .debug_str     0x0000000000003658       0xb6 zephyr/kernel/libkernel.a(timer.c.obj)
                                        0x81c (size before relaxing)
 .debug_str     0x000000000000370e       0x5c zephyr/kernel/libkernel.a(idle.c.obj)
                                        0x614 (size before relaxing)
 .debug_str     0x000000000000376a       0xb1 zephyr/kernel/libkernel.a(kheap.c.obj)
                                        0x57e (size before relaxing)
 .debug_str     0x000000000000381b       0x57 zephyr/CMakeFiles/offsets.dir/arch/riscv/core/offsets/offsets.c.obj
                                        0x226 (size before relaxing)

.debug_loc      0x0000000000000000     0xa6fd
 *(SORT_BY_ALIGNMENT(.debug_loc))
 .debug_loc     0x0000000000000000      0x338 app/libapp.a(main.cpp.obj)
 .debug_loc     0x0000000000000338      0x285 zephyr/libzephyr.a(printk.c.obj)
 .debug_loc     0x00000000000005bd       0xb8 zephyr/libzephyr.a(thread_entry.c.obj)
 .debug_loc     0x0000000000000675     0x1bdc zephyr/libzephyr.a(heap.c.obj)
 .debug_loc     0x0000000000002251     0x141c zephyr/libzephyr.a(cbprintf_complete.c.obj)
 .debug_loc     0x000000000000366d       0x36 zephyr/libzephyr.a(cpp_init_array.c.obj)
 .debug_loc     0x00000000000036a3       0x1e zephyr/libzephyr.a(cpp_ctors.c.obj)
 .debug_loc     0x00000000000036c1       0x21 zephyr/libzephyr.a(cpp_dtors.c.obj)
 .debug_loc     0x00000000000036e2       0x42 zephyr/libzephyr.a(cpp_new.cpp.obj)
 .debug_loc     0x0000000000003724      0x124 zephyr/libzephyr.a(uart_console.c.obj)
 .debug_loc     0x0000000000003848      0x168 zephyr/libzephyr.a(intc_vexriscv_litex.c.obj)
 .debug_loc     0x00000000000039b0       0x42 zephyr/libzephyr.a(sys_clock_init.c.obj)
 .debug_loc     0x00000000000039f2      0x5f3 zephyr/libzephyr.a(litex_timer.c.obj)
 .debug_loc     0x0000000000003fe5       0x56 zephyr/arch/arch/riscv/core/libarch__riscv__core.a(cpu_idle.c.obj)
 .debug_loc     0x000000000000403b       0x9a zephyr/arch/arch/riscv/core/libarch__riscv__core.a(fatal.c.obj)
 .debug_loc     0x00000000000040d5       0x21 zephyr/arch/arch/riscv/core/libarch__riscv__core.a(irq_manage.c.obj)
 .debug_loc     0x00000000000040f6       0x6d zephyr/arch/arch/riscv/core/libarch__riscv__core.a(thread.c.obj)
 .debug_loc     0x0000000000004163      0x2df zephyr/lib/libc/minimal/liblib__libc__minimal.a(malloc.c.obj)
 .debug_loc     0x0000000000004442      0xc75 zephyr/lib/libc/minimal/liblib__libc__minimal.a(string.c.obj)
 .debug_loc     0x00000000000050b7      0x42a zephyr/lib/libc/minimal/liblib__libc__minimal.a(stdout_console.c.obj)
 .debug_loc     0x00000000000054e1       0xf5 zephyr/drivers/serial/libdrivers__serial.a(uart_liteuart.c.obj)
 .debug_loc     0x00000000000055d6      0x152 zephyr/kernel/libkernel.a(device.c.obj)
 .debug_loc     0x0000000000005728      0x15b zephyr/kernel/libkernel.a(fatal.c.obj)
 .debug_loc     0x0000000000005883      0x13a zephyr/kernel/libkernel.a(init.c.obj)
 .debug_loc     0x00000000000059bd     0x2e0a zephyr/kernel/libkernel.a(sched.c.obj)
 .debug_loc     0x00000000000087c7      0x275 zephyr/kernel/libkernel.a(sem.c.obj)
 .debug_loc     0x0000000000008a3c      0x7e1 zephyr/kernel/libkernel.a(thread.c.obj)
 .debug_loc     0x000000000000921d       0xaf zephyr/kernel/libkernel.a(thread_abort.c.obj)
 .debug_loc     0x00000000000092cc      0xab2 zephyr/kernel/libkernel.a(timeout.c.obj)
 .debug_loc     0x0000000000009d7e      0x478 zephyr/kernel/libkernel.a(timer.c.obj)
 .debug_loc     0x000000000000a1f6      0x101 zephyr/kernel/libkernel.a(idle.c.obj)
 .debug_loc     0x000000000000a2f7      0x406 zephyr/kernel/libkernel.a(kheap.c.obj)

.debug_macinfo
 *(SORT_BY_ALIGNMENT(.debug_macinfo))

.debug_weaknames
 *(SORT_BY_ALIGNMENT(.debug_weaknames))

.debug_funcnames
 *(SORT_BY_ALIGNMENT(.debug_funcnames))

.debug_typenames
 *(SORT_BY_ALIGNMENT(.debug_typenames))

.debug_varnames
 *(SORT_BY_ALIGNMENT(.debug_varnames))

.debug_pubtypes
 *(SORT_BY_ALIGNMENT(.debug_pubtypes))

.debug_ranges   0x0000000000000000     0x2bd0
 *(SORT_BY_ALIGNMENT(.debug_ranges))
 .debug_ranges  0x0000000000000000       0x20 zephyr/libzephyr.a(soc_irq.S.obj)
 .debug_ranges  0x0000000000000020       0x20 zephyr/arch/arch/riscv/core/libarch__riscv__core.a(swap.S.obj)
 .debug_ranges  0x0000000000000040      0x150 app/libapp.a(main.cpp.obj)
 .debug_ranges  0x0000000000000190       0x58 zephyr/libzephyr.a(printk.c.obj)
 .debug_ranges  0x00000000000001e8       0x10 zephyr/libzephyr.a(thread_entry.c.obj)
 .debug_ranges  0x00000000000001f8      0x648 zephyr/libzephyr.a(heap.c.obj)
 .debug_ranges  0x0000000000000840      0x220 zephyr/libzephyr.a(cbprintf_complete.c.obj)
 .debug_ranges  0x0000000000000a60       0x10 zephyr/libzephyr.a(configs.c.obj)
 .debug_ranges  0x0000000000000a70       0x38 zephyr/libzephyr.a(cpp_init_array.c.obj)
 .debug_ranges  0x0000000000000aa8       0x10 zephyr/libzephyr.a(cpp_ctors.c.obj)
 .debug_ranges  0x0000000000000ab8       0x10 zephyr/libzephyr.a(cpp_dtors.c.obj)
 .debug_ranges  0x0000000000000ac8       0x18 zephyr/libzephyr.a(cpp_new.cpp.obj)
 .debug_ranges  0x0000000000000ae0       0x48 zephyr/libzephyr.a(uart_console.c.obj)
 .debug_ranges  0x0000000000000b28       0x60 zephyr/libzephyr.a(intc_vexriscv_litex.c.obj)
 .debug_ranges  0x0000000000000b88       0x30 zephyr/libzephyr.a(sys_clock_init.c.obj)
 .debug_ranges  0x0000000000000bb8      0x250 zephyr/libzephyr.a(litex_timer.c.obj)
 .debug_ranges  0x0000000000000e08       0x18 zephyr/arch/arch/riscv/core/libarch__riscv__core.a(cpu_idle.c.obj)
 .debug_ranges  0x0000000000000e20       0x18 zephyr/arch/arch/riscv/core/libarch__riscv__core.a(fatal.c.obj)
 .debug_ranges  0x0000000000000e38       0x10 zephyr/arch/arch/riscv/core/libarch__riscv__core.a(irq_manage.c.obj)
 .debug_ranges  0x0000000000000e48       0x10 zephyr/arch/arch/riscv/core/libarch__riscv__core.a(prep_c.c.obj)
 .debug_ranges  0x0000000000000e58       0x10 zephyr/arch/arch/riscv/core/libarch__riscv__core.a(thread.c.obj)
 .debug_ranges  0x0000000000000e68       0x80 zephyr/lib/libc/minimal/liblib__libc__minimal.a(malloc.c.obj)
 .debug_ranges  0x0000000000000ee8       0xa0 zephyr/lib/libc/minimal/liblib__libc__minimal.a(string.c.obj)
 .debug_ranges  0x0000000000000f88       0x48 zephyr/lib/libc/minimal/liblib__libc__minimal.a(stdout_console.c.obj)
 .debug_ranges  0x0000000000000fd0       0x50 zephyr/drivers/serial/libdrivers__serial.a(uart_liteuart.c.obj)
 .debug_ranges  0x0000000000001020       0xa8 zephyr/kernel/libkernel.a(device.c.obj)
 .debug_ranges  0x00000000000010c8       0x10 zephyr/kernel/libkernel.a(errno.c.obj)
 .debug_ranges  0x00000000000010d8       0xb0 zephyr/kernel/libkernel.a(fatal.c.obj)
 .debug_ranges  0x0000000000001188       0xe0 zephyr/kernel/libkernel.a(init.c.obj)
 .debug_ranges  0x0000000000001268      0xfe0 zephyr/kernel/libkernel.a(sched.c.obj)
 .debug_ranges  0x0000000000002248       0x70 zephyr/kernel/libkernel.a(sem.c.obj)
 .debug_ranges  0x00000000000022b8      0x1d8 zephyr/kernel/libkernel.a(thread.c.obj)
 .debug_ranges  0x0000000000002490       0x50 zephyr/kernel/libkernel.a(thread_abort.c.obj)
 .debug_ranges  0x00000000000024e0       0x10 zephyr/kernel/libkernel.a(banner.c.obj)
 .debug_ranges  0x00000000000024f0      0x4f8 zephyr/kernel/libkernel.a(timeout.c.obj)
 .debug_ranges  0x00000000000029e8       0xe0 zephyr/kernel/libkernel.a(timer.c.obj)
 .debug_ranges  0x0000000000002ac8       0x58 zephyr/kernel/libkernel.a(idle.c.obj)
 .debug_ranges  0x0000000000002b20       0xa0 zephyr/kernel/libkernel.a(kheap.c.obj)
 .debug_ranges  0x0000000000002bc0       0x10 zephyr/CMakeFiles/offsets.dir/arch/riscv/core/offsets/offsets.c.obj

.debug_macro
 *(SORT_BY_ALIGNMENT(.debug_macro))

.riscv.attributes
                0x0000000000000000       0x2a
 *(SORT_BY_ALIGNMENT(.riscv.attributes))
 .riscv.attributes
                0x0000000000000000       0x26 zephyr/CMakeFiles/zephyr_final.dir/misc/empty_file.c.obj
 .riscv.attributes
                0x0000000000000026       0x26 zephyr/CMakeFiles/zephyr_final.dir/isr_tables.c.obj
 .riscv.attributes
                0x000000000000004c       0x26 app/libapp.a(main.cpp.obj)
 .riscv.attributes
                0x0000000000000072       0x26 zephyr/libzephyr.a(cbprintf.c.obj)
 .riscv.attributes
                0x0000000000000098       0x26 zephyr/libzephyr.a(crc32_sw.c.obj)
 .riscv.attributes
                0x00000000000000be       0x26 zephyr/libzephyr.a(crc16_sw.c.obj)
 .riscv.attributes
                0x00000000000000e4       0x26 zephyr/libzephyr.a(crc8_sw.c.obj)
 .riscv.attributes
                0x000000000000010a       0x26 zephyr/libzephyr.a(crc7_sw.c.obj)
 .riscv.attributes
                0x0000000000000130       0x26 zephyr/libzephyr.a(dec.c.obj)
 .riscv.attributes
                0x0000000000000156       0x26 zephyr/libzephyr.a(fdtable.c.obj)
 .riscv.attributes
                0x000000000000017c       0x26 zephyr/libzephyr.a(hex.c.obj)
 .riscv.attributes
                0x00000000000001a2       0x26 zephyr/libzephyr.a(notify.c.obj)
 .riscv.attributes
                0x00000000000001c8       0x26 zephyr/libzephyr.a(printk.c.obj)
 .riscv.attributes
                0x00000000000001ee       0x2a zephyr/libzephyr.a(onoff.c.obj)
 .riscv.attributes
                0x0000000000000218       0x26 zephyr/libzephyr.a(rb.c.obj)
 .riscv.attributes
                0x000000000000023e       0x26 zephyr/libzephyr.a(sem.c.obj)
 .riscv.attributes
                0x0000000000000264       0x26 zephyr/libzephyr.a(thread_entry.c.obj)
 .riscv.attributes
                0x000000000000028a       0x26 zephyr/libzephyr.a(timeutil.c.obj)
 .riscv.attributes
                0x00000000000002b0       0x26 zephyr/libzephyr.a(work_q.c.obj)
 .riscv.attributes
                0x00000000000002d6       0x26 zephyr/libzephyr.a(heap.c.obj)
 .riscv.attributes
                0x00000000000002fc       0x26 zephyr/libzephyr.a(heap-validate.c.obj)
 .riscv.attributes
                0x0000000000000322       0x26 zephyr/libzephyr.a(cbprintf_complete.c.obj)
 .riscv.attributes
                0x0000000000000348       0x26 zephyr/libzephyr.a(configs.c.obj)
 .riscv.attributes
                0x000000000000036e       0x28 zephyr/libzephyr.a(soc_irq.S.obj)
 .riscv.attributes
                0x0000000000000396       0x28 zephyr/libzephyr.a(vector.S.obj)
 .riscv.attributes
                0x00000000000003be       0x26 zephyr/libzephyr.a(cpp_init_array.c.obj)
 .riscv.attributes
                0x00000000000003e4       0x26 zephyr/libzephyr.a(cpp_ctors.c.obj)
 .riscv.attributes
                0x000000000000040a       0x26 zephyr/libzephyr.a(cpp_dtors.c.obj)
 .riscv.attributes
                0x0000000000000430       0x26 zephyr/libzephyr.a(cpp_virtual.c.obj)
 .riscv.attributes
                0x0000000000000456       0x26 zephyr/libzephyr.a(cpp_vtable.cpp.obj)
 .riscv.attributes
                0x000000000000047c       0x26 zephyr/libzephyr.a(cpp_new.cpp.obj)
 .riscv.attributes
                0x00000000000004a2       0x26 zephyr/libzephyr.a(uart_console.c.obj)
 .riscv.attributes
                0x00000000000004c8       0x2a zephyr/libzephyr.a(intc_vexriscv_litex.c.obj)
 .riscv.attributes
                0x00000000000004f2       0x26 zephyr/libzephyr.a(sys_clock_init.c.obj)
 .riscv.attributes
                0x0000000000000518       0x2a zephyr/libzephyr.a(litex_timer.c.obj)
 .riscv.attributes
                0x0000000000000542       0x26 zephyr/arch/common/libarch__common.a(sw_isr_common.c.obj)
 .riscv.attributes
                0x0000000000000568       0x2a zephyr/arch/arch/riscv/core/libarch__riscv__core.a(cpu_idle.c.obj)
 .riscv.attributes
                0x0000000000000592       0x2a zephyr/arch/arch/riscv/core/libarch__riscv__core.a(fatal.c.obj)
 .riscv.attributes
                0x00000000000005bc       0x2a zephyr/arch/arch/riscv/core/libarch__riscv__core.a(irq_manage.c.obj)
 .riscv.attributes
                0x00000000000005e6       0x28 zephyr/arch/arch/riscv/core/libarch__riscv__core.a(isr.S.obj)
 .riscv.attributes
                0x000000000000060e       0x26 zephyr/arch/arch/riscv/core/libarch__riscv__core.a(prep_c.c.obj)
 .riscv.attributes
                0x0000000000000634       0x28 zephyr/arch/arch/riscv/core/libarch__riscv__core.a(reset.S.obj)
 .riscv.attributes
                0x000000000000065c       0x28 zephyr/arch/arch/riscv/core/libarch__riscv__core.a(swap.S.obj)
 .riscv.attributes
                0x0000000000000684       0x26 zephyr/arch/arch/riscv/core/libarch__riscv__core.a(thread.c.obj)
 .riscv.attributes
                0x00000000000006aa       0x26 zephyr/lib/libc/minimal/liblib__libc__minimal.a(abort.c.obj)
 .riscv.attributes
                0x00000000000006d0       0x26 zephyr/lib/libc/minimal/liblib__libc__minimal.a(atoi.c.obj)
 .riscv.attributes
                0x00000000000006f6       0x26 zephyr/lib/libc/minimal/liblib__libc__minimal.a(strtol.c.obj)
 .riscv.attributes
                0x000000000000071c       0x26 zephyr/lib/libc/minimal/liblib__libc__minimal.a(strtoul.c.obj)
 .riscv.attributes
                0x0000000000000742       0x26 zephyr/lib/libc/minimal/liblib__libc__minimal.a(malloc.c.obj)
 .riscv.attributes
                0x0000000000000768       0x26 zephyr/lib/libc/minimal/liblib__libc__minimal.a(bsearch.c.obj)
 .riscv.attributes
                0x000000000000078e       0x26 zephyr/lib/libc/minimal/liblib__libc__minimal.a(exit.c.obj)
 .riscv.attributes
                0x00000000000007b4       0x26 zephyr/lib/libc/minimal/liblib__libc__minimal.a(strncasecmp.c.obj)
 .riscv.attributes
                0x00000000000007da       0x26 zephyr/lib/libc/minimal/liblib__libc__minimal.a(strstr.c.obj)
 .riscv.attributes
                0x0000000000000800       0x26 zephyr/lib/libc/minimal/liblib__libc__minimal.a(string.c.obj)
 .riscv.attributes
                0x0000000000000826       0x26 zephyr/lib/libc/minimal/liblib__libc__minimal.a(strspn.c.obj)
 .riscv.attributes
                0x000000000000084c       0x26 zephyr/lib/libc/minimal/liblib__libc__minimal.a(stdout_console.c.obj)
 .riscv.attributes
                0x0000000000000872       0x26 zephyr/lib/libc/minimal/liblib__libc__minimal.a(sprintf.c.obj)
 .riscv.attributes
                0x0000000000000898       0x26 zephyr/lib/libc/minimal/liblib__libc__minimal.a(fprintf.c.obj)
 .riscv.attributes
                0x00000000000008be       0x26 zephyr/lib/libc/minimal/liblib__libc__minimal.a(gmtime.c.obj)
 .riscv.attributes
                0x00000000000008e4       0x26 zephyr/lib/posix/liblib__posix.a(pthread_common.c.obj)
 .riscv.attributes
                0x000000000000090a       0x26 zephyr/lib/posix/liblib__posix.a(nanosleep.c.obj)
 .riscv.attributes
                0x0000000000000930       0x26 zephyr/drivers/serial/libdrivers__serial.a(uart_liteuart.c.obj)
 .riscv.attributes
                0x0000000000000956       0x26 zephyr/kernel/libkernel.a(device.c.obj)
 .riscv.attributes
                0x000000000000097c       0x26 zephyr/kernel/libkernel.a(errno.c.obj)
 .riscv.attributes
                0x00000000000009a2       0x2a zephyr/kernel/libkernel.a(fatal.c.obj)
 .riscv.attributes
                0x00000000000009cc       0x2a zephyr/kernel/libkernel.a(init.c.obj)
 .riscv.attributes
                0x00000000000009f6       0x2a zephyr/kernel/libkernel.a(mutex.c.obj)
 .riscv.attributes
                0x0000000000000a20       0x2a zephyr/kernel/libkernel.a(queue.c.obj)
 .riscv.attributes
                0x0000000000000a4a       0x2a zephyr/kernel/libkernel.a(sched.c.obj)
 .riscv.attributes
                0x0000000000000a74       0x2a zephyr/kernel/libkernel.a(sem.c.obj)
 .riscv.attributes
                0x0000000000000a9e       0x26 zephyr/kernel/libkernel.a(thread.c.obj)
 .riscv.attributes
                0x0000000000000ac4       0x2a zephyr/kernel/libkernel.a(thread_abort.c.obj)
 .riscv.attributes
                0x0000000000000aee       0x26 zephyr/kernel/libkernel.a(banner.c.obj)
 .riscv.attributes
                0x0000000000000b14       0x2a zephyr/kernel/libkernel.a(timeout.c.obj)
 .riscv.attributes
                0x0000000000000b3e       0x2a zephyr/kernel/libkernel.a(timer.c.obj)
 .riscv.attributes
                0x0000000000000b68       0x2a zephyr/kernel/libkernel.a(atomic_c.c.obj)
 .riscv.attributes
                0x0000000000000b92       0x26 zephyr/kernel/libkernel.a(mempool.c.obj)
 .riscv.attributes